Archive member included because of file (symbol)

C:\Users\ronmarti\AppData\Local\arduino15\packages\arduino\hardware\sam\1.6.7\variants\arduino_due_x/libsam_sam3x8e_gcc_rel.a(pio.o)
                              C:\Users\ronmarti\AppData\Local\Temp\VMBuilds\TemperatureLogger\arduino_due_x_dbg\Debug\Wire\Wire.cpp.o (PIO_Configure)
C:\Users\ronmarti\AppData\Local\arduino15\packages\arduino\hardware\sam\1.6.7\variants\arduino_due_x/libsam_sam3x8e_gcc_rel.a(pmc.o)
                              C:\Users\ronmarti\AppData\Local\Temp\VMBuilds\TemperatureLogger\arduino_due_x_dbg\Debug\Wire\Wire.cpp.o (pmc_enable_periph_clk)
C:\Users\ronmarti\AppData\Local\arduino15\packages\arduino\hardware\sam\1.6.7\variants\arduino_due_x/libsam_sam3x8e_gcc_rel.a(twi.o)
                              C:\Users\ronmarti\AppData\Local\Temp\VMBuilds\TemperatureLogger\arduino_due_x_dbg\Debug\Wire\Wire.cpp.o (TWI_SetClock)
C:\Users\ronmarti\AppData\Local\arduino15\packages\arduino\hardware\sam\1.6.7\variants\arduino_due_x/libsam_sam3x8e_gcc_rel.a(system_sam3xa.o)
                              C:\Users\ronmarti\AppData\Local\Temp\VMBuilds\TemperatureLogger\arduino_due_x_dbg\Debug\variant\variant.cpp.o (SystemInit)
C:\Users\ronmarti\AppData\Local\arduino15\packages\arduino\hardware\sam\1.6.7\variants\arduino_due_x/libsam_sam3x8e_gcc_rel.a(startup_sam3xa.o)
                              (Reset_Handler)
C:\Users\ronmarti\AppData\Local\arduino15\packages\arduino\hardware\sam\1.6.7\variants\arduino_due_x/libsam_sam3x8e_gcc_rel.a(adc.o)
                              C:\Users\ronmarti\AppData\Local\Temp\VMBuilds\TemperatureLogger\arduino_due_x_dbg\Debug\variant\variant.cpp.o (adc_init)
C:\Users\ronmarti\AppData\Local\arduino15\packages\arduino\hardware\sam\1.6.7\variants\arduino_due_x/libsam_sam3x8e_gcc_rel.a(uotghs.o)
                              C:\Users\ronmarti\AppData\Local\arduino15\packages\arduino\hardware\sam\1.6.7\variants\arduino_due_x/libsam_sam3x8e_gcc_rel.a(startup_sam3xa.o) (UOTGHS_Handler)
C:\Users\ronmarti\AppData\Local\Temp\VMBuilds\TemperatureLogger\arduino_due_x_dbg\Debug/core.a(cortex_handlers.c.o)
                              C:\Users\ronmarti\AppData\Local\arduino15\packages\arduino\hardware\sam\1.6.7\variants\arduino_due_x/libsam_sam3x8e_gcc_rel.a(startup_sam3xa.o) (NMI_Handler)
C:\Users\ronmarti\AppData\Local\Temp\VMBuilds\TemperatureLogger\arduino_due_x_dbg\Debug/core.a(hooks.c.o)
                              C:\Users\ronmarti\AppData\Local\Temp\VMBuilds\TemperatureLogger\arduino_due_x_dbg\Debug/core.a(cortex_handlers.c.o) (sysTickHook)
C:\Users\ronmarti\AppData\Local\Temp\VMBuilds\TemperatureLogger\arduino_due_x_dbg\Debug/core.a(wiring.c.o)
                              C:\Users\ronmarti\AppData\Local\Temp\VMBuilds\TemperatureLogger\arduino_due_x_dbg\Debug\TemperatureLogger.cpp.o (millis)
C:\Users\ronmarti\AppData\Local\Temp\VMBuilds\TemperatureLogger\arduino_due_x_dbg\Debug/core.a(wiring_analog.c.o)
                              C:\Users\ronmarti\AppData\Local\Temp\VMBuilds\TemperatureLogger\arduino_due_x_dbg\Debug\variant\variant.cpp.o (analogOutputInit)
C:\Users\ronmarti\AppData\Local\Temp\VMBuilds\TemperatureLogger\arduino_due_x_dbg\Debug/core.a(wiring_digital.c.o)
                              C:\Users\ronmarti\AppData\Local\Temp\VMBuilds\TemperatureLogger\arduino_due_x_dbg\Debug\TemperatureLogger.cpp.o (pinMode)
C:\Users\ronmarti\AppData\Local\Temp\VMBuilds\TemperatureLogger\arduino_due_x_dbg\Debug/core.a(abi.cpp.o)
                              C:\Users\ronmarti\AppData\Local\Temp\VMBuilds\TemperatureLogger\arduino_due_x_dbg\Debug\Wire\Wire.cpp.o (__cxa_pure_virtual)
C:\Users\ronmarti\AppData\Local\Temp\VMBuilds\TemperatureLogger\arduino_due_x_dbg\Debug/core.a(main.cpp.o)
                              c:/users/ronmarti/appdata/local/arduino15/packages/arduino/tools/arm-none-eabi-gcc/4.8.3-2014q1/bin/../lib/gcc/arm-none-eabi/4.8.3/../../../../arm-none-eabi/lib/armv7-m/crt0.o (main)
C:\Users\ronmarti\AppData\Local\Temp\VMBuilds\TemperatureLogger\arduino_due_x_dbg\Debug/core.a(Print.cpp.o)
                              C:\Users\ronmarti\AppData\Local\Temp\VMBuilds\TemperatureLogger\arduino_due_x_dbg\Debug\Wire\Wire.cpp.o (Print::write(unsigned char const*, unsigned int))
C:\Users\ronmarti\AppData\Local\Temp\VMBuilds\TemperatureLogger\arduino_due_x_dbg\Debug/core.a(Reset.cpp.o)
                              C:\Users\ronmarti\AppData\Local\Temp\VMBuilds\TemperatureLogger\arduino_due_x_dbg\Debug/core.a(cortex_handlers.c.o) (tickReset)
C:\Users\ronmarti\AppData\Local\Temp\VMBuilds\TemperatureLogger\arduino_due_x_dbg\Debug/core.a(RingBuffer.cpp.o)
                              C:\Users\ronmarti\AppData\Local\Temp\VMBuilds\TemperatureLogger\arduino_due_x_dbg\Debug\variant\variant.cpp.o (RingBuffer::RingBuffer())
C:\Users\ronmarti\AppData\Local\Temp\VMBuilds\TemperatureLogger\arduino_due_x_dbg\Debug/core.a(UARTClass.cpp.o)
[...]
Memory Configuration

Name             Origin             Length             Attributes
rom              0x00080000         0x00080000         xr
sram0            0x20000000         0x00010000         xrw
sram1            0x20080000         0x00008000         xrw
ram              0x20070000         0x00018000         xrw
*default*        0x00000000         0xffffffff

Linker script and memory map

LOAD c:/users/ronmarti/appdata/local/arduino15/packages/arduino/tools/arm-none-eabi-gcc/4.8.3-2014q1/bin/../lib/gcc/arm-none-eabi/4.8.3/armv7-m/crti.o
LOAD c:/users/ronmarti/appdata/local/arduino15/packages/arduino/tools/arm-none-eabi-gcc/4.8.3-2014q1/bin/../lib/gcc/arm-none-eabi/4.8.3/armv7-m/crtbegin.o
LOAD c:/users/ronmarti/appdata/local/arduino15/packages/arduino/tools/arm-none-eabi-gcc/4.8.3-2014q1/bin/../lib/gcc/arm-none-eabi/4.8.3/../../../../arm-none-eabi/lib/armv7-m/crt0.o
START GROUP
LOAD C:\Users\ronmarti\AppData\Local\Temp\VMBuilds\TemperatureLogger\arduino_due_x_dbg\Debug/core/syscalls_sam3.c.o
LOAD C:\Users\ronmarti\AppData\Local\Temp\VMBuilds\TemperatureLogger\arduino_due_x_dbg\Debug\TemperatureLogger.cpp.o
LOAD C:\Users\ronmarti\AppData\Local\Temp\VMBuilds\TemperatureLogger\arduino_due_x_dbg\Debug\Wire\Wire.cpp.o
LOAD C:\Users\ronmarti\AppData\Local\Temp\VMBuilds\TemperatureLogger\arduino_due_x_dbg\Debug\Adafruit_BMP085_Library\Adafruit_BMP085.cpp.o
LOAD C:\Users\ronmarti\AppData\Local\Temp\VMBuilds\TemperatureLogger\arduino_due_x_dbg\Debug\VM_DBG\VM_DBG.cpp.o
LOAD C:\Users\ronmarti\AppData\Local\Temp\VMBuilds\TemperatureLogger\arduino_due_x_dbg\Debug\VM_DBG\VM_mem_check_sam.cpp.o
LOAD C:\Users\ronmarti\AppData\Local\Temp\VMBuilds\TemperatureLogger\arduino_due_x_dbg\Debug\variant\variant.cpp.o
LOAD C:\Users\ronmarti\AppData\Local\arduino15\packages\arduino\hardware\sam\1.6.7\variants\arduino_due_x/libsam_sam3x8e_gcc_rel.a
LOAD C:\Users\ronmarti\AppData\Local\Temp\VMBuilds\TemperatureLogger\arduino_due_x_dbg\Debug/core.a
END GROUP
LOAD c:/users/ronmarti/appdata/local/arduino15/packages/arduino/tools/arm-none-eabi-gcc/4.8.3-2014q1/bin/../lib/gcc/arm-none-eabi/4.8.3/../../../../arm-none-eabi/lib/armv7-m\libm.a
START GROUP
LOAD c:/users/ronmarti/appdata/local/arduino15/packages/arduino/tools/arm-none-eabi-gcc/4.8.3-2014q1/bin/../lib/gcc/arm-none-eabi/4.8.3/armv7-m\libgcc.a
LOAD c:/users/ronmarti/appdata/local/arduino15/packages/arduino/tools/arm-none-eabi-gcc/4.8.3-2014q1/bin/../lib/gcc/arm-none-eabi/4.8.3/../../../../arm-none-eabi/lib/armv7-m\libg.a
LOAD c:/users/ronmarti/appdata/local/arduino15/packages/arduino/tools/arm-none-eabi-gcc/4.8.3-2014q1/bin/../lib/gcc/arm-none-eabi/4.8.3/../../../../arm-none-eabi/lib/armv7-m\libc.a
END GROUP
LOAD c:/users/ronmarti/appdata/local/arduino15/packages/arduino/tools/arm-none-eabi-gcc/4.8.3-2014q1/bin/../lib/gcc/arm-none-eabi/4.8.3/armv7-m/crtend.o
LOAD c:/users/ronmarti/appdata/local/arduino15/packages/arduino/tools/arm-none-eabi-gcc/4.8.3-2014q1/bin/../lib/gcc/arm-none-eabi/4.8.3/armv7-m/crtn.o

.text           0x00080000     0x8b7c
                0x00080000                . = ALIGN (0x4)
                0x00080000                _sfixed = .
 *(.vectors .vectors.*)
 .vectors       0x00080000       0xf4 C:\Users\ronmarti\AppData\Local\arduino15\packages\arduino\hardware\sam\1.6.7\variants\arduino_due_x/libsam_sam3x8e_gcc_rel.a(startup_sam3xa.o)
                0x00080000                exception_table
 *(.text .text.* .gnu.linkonce.t.*)
 .text          0x000800f4       0x54 c:/users/ronmarti/appdata/local/arduino15/packages/arduino/tools/arm-none-eabi-gcc/4.8.3-2014q1/bin/../lib/gcc/arm-none-eabi/4.8.3/armv7-m/crtbegin.o
 .text._sbrk    0x00080148       0x1c C:\Users\ronmarti\AppData\Local\Temp\VMBuilds\TemperatureLogger\arduino_due_x_dbg\Debug/core/syscalls_sam3.c.o
                0x00080148                _sbrk
 .text._close   0x00080164        0x6 C:\Users\ronmarti\AppData\Local\Temp\VMBuilds\TemperatureLogger\arduino_due_x_dbg\Debug/core/syscalls_sam3.c.o
                0x00080164                _close
 .text._fstat   0x0008016a        0xa C:\Users\ronmarti\AppData\Local\Temp\VMBuilds\TemperatureLogger\arduino_due_x_dbg\Debug/core/syscalls_sam3.c.o
                0x0008016a                _fstat
 .text._isatty  0x00080174        0x4 C:\Users\ronmarti\AppData\Local\Temp\VMBuilds\TemperatureLogger\arduino_due_x_dbg\Debug/core/syscalls_sam3.c.o
                0x00080174                _isatty
 .text._lseek   0x00080178        0x4 C:\Users\ronmarti\AppData\Local\Temp\VMBuilds\TemperatureLogger\arduino_due_x_dbg\Debug/core/syscalls_sam3.c.o
                0x00080178                _lseek
 .text._read    0x0008017c        0x4 C:\Users\ronmarti\AppData\Local\Temp\VMBuilds\TemperatureLogger\arduino_due_x_dbg\Debug/core/syscalls_sam3.c.o
                0x0008017c                _read
 .text._write   0x00080180       0x24 C:\Users\ronmarti\AppData\Local\Temp\VMBuilds\TemperatureLogger\arduino_due_x_dbg\Debug/core/syscalls_sam3.c.o
                0x00080180                _write
 .text._exit    0x000801a4       0x10 C:\Users\ronmarti\AppData\Local\Temp\VMBuilds\TemperatureLogger\arduino_due_x_dbg\Debug/core/syscalls_sam3.c.o
                0x000801a4                _exit
 .text._kill    0x000801b4        0x2 C:\Users\ronmarti\AppData\Local\Temp\VMBuilds\TemperatureLogger\arduino_due_x_dbg\Debug/core/syscalls_sam3.c.o
                0x000801b4                _kill
 .text._getpid  0x000801b6        0x6 C:\Users\ronmarti\AppData\Local\Temp\VMBuilds\TemperatureLogger\arduino_due_x_dbg\Debug/core/syscalls_sam3.c.o
                0x000801b6                _getpid
 .text._Z14readBMP180Datav
                0x000801bc       0x5c C:\Users\ronmarti\AppData\Local\Temp\VMBuilds\TemperatureLogger\arduino_due_x_dbg\Debug\TemperatureLogger.cpp.o
                0x000801bc                readBMP180Data()
 .text._Z17printSerialBMP180fff
                0x00080218       0xa0 C:\Users\ronmarti\AppData\Local\Temp\VMBuilds\TemperatureLogger\arduino_due_x_dbg\Debug\TemperatureLogger.cpp.o
                0x00080218                printSerialBMP180(float, float, float)
 .text._Z17printSerialBMP180v
                0x000802b8       0x1c C:\Users\ronmarti\AppData\Local\Temp\VMBuilds\TemperatureLogger\arduino_due_x_dbg\Debug\TemperatureLogger.cpp.o
                0x000802b8                printSerialBMP180()
 .text.loop     0x000802d4       0xbc C:\Users\ronmarti\AppData\Local\Temp\VMBuilds\TemperatureLogger\arduino_due_x_dbg\Debug\TemperatureLogger.cpp.o
                0x000802d4                loop
 .text.startup._GLOBAL__sub_I___VisualMicro_DEBUG_1_HITCOUNTER__
                0x00080390        0xc C:\Users\ronmarti\AppData\Local\Temp\VMBuilds\TemperatureLogger\arduino_due_x_dbg\Debug\TemperatureLogger.cpp.o
 .text.setup    0x0008039c       0x98 C:\Users\ronmarti\AppData\Local\Temp\VMBuilds\TemperatureLogger\arduino_due_x_dbg\Debug\TemperatureLogger.cpp.o
                0x0008039c                setup
 .text._ZN7TwoWire5writeEPKhj
                0x00080434       0x50 C:\Users\ronmarti\AppData\Local\Temp\VMBuilds\TemperatureLogger\arduino_due_x_dbg\Debug\Wire\Wire.cpp.o
                0x00080434                TwoWire::write(unsigned char const*, unsigned int)
 .text._ZN7TwoWire9availableEv
                0x00080484        0xc C:\Users\ronmarti\AppData\Local\Temp\VMBuilds\TemperatureLogger\arduino_due_x_dbg\Debug\Wire\Wire.cpp.o
                0x00080484                TwoWire::available()
 .text._ZN7TwoWire4readEv
                0x00080490       0x1e C:\Users\ronmarti\AppData\Local\Temp\VMBuilds\TemperatureLogger\arduino_due_x_dbg\Debug\Wire\Wire.cpp.o
                0x00080490                TwoWire::read()
 .text._ZN7TwoWire4peekEv
                0x000804ae       0x16 C:\Users\ronmarti\AppData\Local\Temp\VMBuilds\TemperatureLogger\arduino_due_x_dbg\Debug\Wire\Wire.cpp.o
                0x000804ae                TwoWire::peek()
 .text._ZN7TwoWire5flushEv
                0x000804c4        0x2 C:\Users\ronmarti\AppData\Local\Temp\VMBuilds\TemperatureLogger\arduino_due_x_dbg\Debug\Wire\Wire.cpp.o
                0x000804c4                TwoWire::flush()
 .text._ZN7TwoWire5writeEh
                0x000804c6       0x3a C:\Users\ronmarti\AppData\Local\Temp\VMBuilds\TemperatureLogger\arduino_due_x_dbg\Debug\Wire\Wire.cpp.o
                0x000804c6                TwoWire::write(unsigned char)
 .text._ZL16TWI_WaitByteSentP3Twim.constprop.3
                0x00080500       0x2c C:\Users\ronmarti\AppData\Local\Temp\VMBuilds\TemperatureLogger\arduino_due_x_dbg\Debug\Wire\Wire.cpp.o
 .text._ZL24TWI_WaitTransferCompleteP3Twim.constprop.4
                0x0008052c       0x2c C:\Users\ronmarti\AppData\Local\Temp\VMBuilds\TemperatureLogger\arduino_due_x_dbg\Debug\Wire\Wire.cpp.o
 .text._ZL9Wire_Initv
                0x00080558       0x54 C:\Users\ronmarti\AppData\Local\Temp\VMBuilds\TemperatureLogger\arduino_due_x_dbg\Debug\Wire\Wire.cpp.o
 .text._ZL12Wire1_Deinitv
                0x000805ac       0x18 C:\Users\ronmarti\AppData\Local\Temp\VMBuilds\TemperatureLogger\arduino_due_x_dbg\Debug\Wire\Wire.cpp.o
 .text._ZL11Wire_Deinitv
                0x000805c4       0x18 C:\Users\ronmarti\AppData\Local\Temp\VMBuilds\TemperatureLogger\arduino_due_x_dbg\Debug\Wire\Wire.cpp.o
 .text._ZL10Wire1_Initv
                0x000805dc       0x54 C:\Users\ronmarti\AppData\Local\Temp\VMBuilds\TemperatureLogger\arduino_due_x_dbg\Debug\Wire\Wire.cpp.o
 .text._ZN7TwoWireC2EP3TwiPFvvES3_
                0x00080630       0x48 C:\Users\ronmarti\AppData\Local\Temp\VMBuilds\TemperatureLogger\arduino_due_x_dbg\Debug\Wire\Wire.cpp.o
                0x00080630                TwoWire::TwoWire(Twi*, void (*)(), void (*)())
                0x00080630                TwoWire::TwoWire(Twi*, void (*)(), void (*)())
 .text._ZN7TwoWire5beginEv
                0x00080678       0x30 C:\Users\ronmarti\AppData\Local\Temp\VMBuilds\TemperatureLogger\arduino_due_x_dbg\Debug\Wire\Wire.cpp.o
                0x00080678                TwoWire::begin()
 .text._ZN7TwoWire11requestFromEhhmhh
                0x000806a8       0x78 C:\Users\ronmarti\AppData\Local\Temp\VMBuilds\TemperatureLogger\arduino_due_x_dbg\Debug\Wire\Wire.cpp.o
                0x000806a8                TwoWire::requestFrom(unsigned char, unsigned char, unsigned long, unsigned char, unsigned char)
 .text._ZN7TwoWire11requestFromEhhh
                0x00080720       0x12 C:\Users\ronmarti\AppData\Local\Temp\VMBuilds\TemperatureLogger\arduino_due_x_dbg\Debug\Wire\Wire.cpp.o
                0x00080720                TwoWire::requestFrom(unsigned char, unsigned char, unsigned char)
 .text._ZN7TwoWire11requestFromEii
                0x00080732        0xa C:\Users\ronmarti\AppData\Local\Temp\VMBuilds\TemperatureLogger\arduino_due_x_dbg\Debug\Wire\Wire.cpp.o
                0x00080732                TwoWire::requestFrom(int, int)
 .text._ZN7TwoWire17beginTransmissionEi
                0x0008073c       0x12 C:\Users\ronmarti\AppData\Local\Temp\VMBuilds\TemperatureLogger\arduino_due_x_dbg\Debug\Wire\Wire.cpp.o
                0x0008073c                TwoWire::beginTransmission(int)
 .text._ZN7TwoWire15endTransmissionEh
                0x0008074e       0x82 C:\Users\ronmarti\AppData\Local\Temp\VMBuilds\TemperatureLogger\arduino_due_x_dbg\Debug\Wire\Wire.cpp.o
                0x0008074e                TwoWire::endTransmission(unsigned char)
 .text._ZN7TwoWire15endTransmissionEv
                0x000807d0        0x6 C:\Users\ronmarti\AppData\Local\Temp\VMBuilds\TemperatureLogger\arduino_due_x_dbg\Debug\Wire\Wire.cpp.o
                0x000807d0                TwoWire::endTransmission()
 .text._ZN7TwoWire9onServiceEv
                0x000807d6      0x118 C:\Users\ronmarti\AppData\Local\Temp\VMBuilds\TemperatureLogger\arduino_due_x_dbg\Debug\Wire\Wire.cpp.o
                0x000807d6                TwoWire::onService()
 *fill*         0x000808ee        0x2 
 .text.TWI1_Handler
                0x000808f0        0xc C:\Users\ronmarti\AppData\Local\Temp\VMBuilds\TemperatureLogger\arduino_due_x_dbg\Debug\Wire\Wire.cpp.o
                0x000808f0                TWI1_Handler
 .text.TWI0_Handler
                0x000808fc        0xc C:\Users\ronmarti\AppData\Local\Temp\VMBuilds\TemperatureLogger\arduino_due_x_dbg\Debug\Wire\Wire.cpp.o
                0x000808fc                TWI0_Handler
 .text.startup._GLOBAL__sub_I__ZN7TwoWireC2EP3TwiPFvvES3_
                0x00080908       0x40 C:\Users\ronmarti\AppData\Local\Temp\VMBuilds\TemperatureLogger\arduino_due_x_dbg\Debug\Wire\Wire.cpp.o
 .text._ZN15Adafruit_BMP085C2Ev
                0x00080948        0x2 C:\Users\ronmarti\AppData\Local\Temp\VMBuilds\TemperatureLogger\arduino_due_x_dbg\Debug\Adafruit_BMP085_Library\Adafruit_BMP085.cpp.o
                0x00080948                Adafruit_BMP085::Adafruit_BMP085()
                0x00080948                Adafruit_BMP085::Adafruit_BMP085()
 .text._ZN15Adafruit_BMP0859computeB5El
                0x0008094a       0x20 C:\Users\ronmarti\AppData\Local\Temp\VMBuilds\TemperatureLogger\arduino_due_x_dbg\Debug\Adafruit_BMP085_Library\Adafruit_BMP085.cpp.o
                0x0008094a                Adafruit_BMP085::computeB5(long)
 *fill*         0x0008096a        0x2 
 .text._ZN15Adafruit_BMP0856write8Ehh
                0x0008096c       0x30 C:\Users\ronmarti\AppData\Local\Temp\VMBuilds\TemperatureLogger\arduino_due_x_dbg\Debug\Adafruit_BMP085_Library\Adafruit_BMP085.cpp.o
                0x0008096c                Adafruit_BMP085::write8(unsigned char, unsigned char)
 .text._ZN15Adafruit_BMP0855read8Eh
                0x0008099c       0x44 C:\Users\ronmarti\AppData\Local\Temp\VMBuilds\TemperatureLogger\arduino_due_x_dbg\Debug\Adafruit_BMP085_Library\Adafruit_BMP085.cpp.o
                0x0008099c                Adafruit_BMP085::read8(unsigned char)
 .text._ZN15Adafruit_BMP0856read16Eh
                0x000809e0       0x50 C:\Users\ronmarti\AppData\Local\Temp\VMBuilds\TemperatureLogger\arduino_due_x_dbg\Debug\Adafruit_BMP085_Library\Adafruit_BMP085.cpp.o
                0x000809e0                Adafruit_BMP085::read16(unsigned char)
 .text._ZN15Adafruit_BMP0855beginEh
                0x00080a30       0x98 C:\Users\ronmarti\AppData\Local\Temp\VMBuilds\TemperatureLogger\arduino_due_x_dbg\Debug\Adafruit_BMP085_Library\Adafruit_BMP085.cpp.o
                0x00080a30                Adafruit_BMP085::begin(unsigned char)
 .text._ZN15Adafruit_BMP08518readRawTemperatureEv
                0x00080ac8       0x1e C:\Users\ronmarti\AppData\Local\Temp\VMBuilds\TemperatureLogger\arduino_due_x_dbg\Debug\Adafruit_BMP085_Library\Adafruit_BMP085.cpp.o
                0x00080ac8                Adafruit_BMP085::readRawTemperature()
 *fill*         0x00080ae6        0x2 
 .text._ZN15Adafruit_BMP08515readTemperatureEv
                0x00080ae8       0x24 C:\Users\ronmarti\AppData\Local\Temp\VMBuilds\TemperatureLogger\arduino_due_x_dbg\Debug\Adafruit_BMP085_Library\Adafruit_BMP085.cpp.o
                0x00080ae8                Adafruit_BMP085::readTemperature()
 .text._ZN15Adafruit_BMP08515readRawPressureEv
                0x00080b0c       0x4e C:\Users\ronmarti\AppData\Local\Temp\VMBuilds\TemperatureLogger\arduino_due_x_dbg\Debug\Adafruit_BMP085_Library\Adafruit_BMP085.cpp.o
                0x00080b0c                Adafruit_BMP085::readRawPressure()
 *fill*         0x00080b5a        0x2 
 .text._ZN15Adafruit_BMP08512readPressureEv
                0x00080b5c       0xa8 C:\Users\ronmarti\AppData\Local\Temp\VMBuilds\TemperatureLogger\arduino_due_x_dbg\Debug\Adafruit_BMP085_Library\Adafruit_BMP085.cpp.o
                0x00080b5c                Adafruit_BMP085::readPressure()
 *fill*         0x00080c04        0x4 
 .text._ZN15Adafruit_BMP08512readAltitudeEf
                0x00080c08       0x58 C:\Users\ronmarti\AppData\Local\Temp\VMBuilds\TemperatureLogger\arduino_due_x_dbg\Debug\Adafruit_BMP085_Library\Adafruit_BMP085.cpp.o
                0x00080c08                Adafruit_BMP085::readAltitude(float)
 .text._ZN16VisualMicroDebug10DBG_MillisEv
                0x00080c60        0x4 C:\Users\ronmarti\AppData\Local\Temp\VMBuilds\TemperatureLogger\arduino_due_x_dbg\Debug\VM_DBG\VM_DBG.cpp.o
                0x00080c60                VisualMicroDebug::DBG_Millis()
 .text._ZN16VisualMicroDebug17OnBreakPointBeginEm
                0x00080c64       0x16 C:\Users\ronmarti\AppData\Local\Temp\VMBuilds\TemperatureLogger\arduino_due_x_dbg\Debug\VM_DBG\VM_DBG.cpp.o
                0x00080c64                VisualMicroDebug::OnBreakPointBegin(unsigned long)
 *fill*         0x00080c7a        0x2 
 .text._ZN16VisualMicroDebug22OnBreakPointPrintBeginEh
                0x00080c7c       0x6c C:\Users\ronmarti\AppData\Local\Temp\VMBuilds\TemperatureLogger\arduino_due_x_dbg\Debug\VM_DBG\VM_DBG.cpp.o
                0x00080c7c                VisualMicroDebug::OnBreakPointPrintBegin(unsigned char)
 .text._ZN16VisualMicroDebug20OnBreakPointPrintEndEv
                0x00080ce8        0xc C:\Users\ronmarti\AppData\Local\Temp\VMBuilds\TemperatureLogger\arduino_due_x_dbg\Debug\VM_DBG\VM_DBG.cpp.o
                0x00080ce8                VisualMicroDebug::OnBreakPointPrintEnd()
 .text._ZN16VisualMicroDebug15OnBreakPointEndEv
                0x00080cf4        0xc C:\Users\ronmarti\AppData\Local\Temp\VMBuilds\TemperatureLogger\arduino_due_x_dbg\Debug\VM_DBG\VM_DBG.cpp.o
                0x00080cf4                VisualMicroDebug::OnBreakPointEnd()
 .text._ZN16VisualMicroDebug14outPacketStartEb
                0x00080d00       0x24 C:\Users\ronmarti\AppData\Local\Temp\VMBuilds\TemperatureLogger\arduino_due_x_dbg\Debug\VM_DBG\VM_DBG.cpp.o
                0x00080d00                VisualMicroDebug::outPacketStart(bool)
 .text._ZN16VisualMicroDebug12outPacketEndEv
                0x00080d24        0x2 C:\Users\ronmarti\AppData\Local\Temp\VMBuilds\TemperatureLogger\arduino_due_x_dbg\Debug\VM_DBG\VM_DBG.cpp.o
                0x00080d24                VisualMicroDebug::outPacketEnd()
 .text._ZN16VisualMicroDebug4initEm
                0x00080d26       0x10 C:\Users\ronmarti\AppData\Local\Temp\VMBuilds\TemperatureLogger\arduino_due_x_dbg\Debug\VM_DBG\VM_DBG.cpp.o
                0x00080d26                VisualMicroDebug::init(unsigned long)
 .text._ZN16VisualMicroDebug5beginEP9UARTClassm
                0x00080d36       0x10 C:\Users\ronmarti\AppData\Local\Temp\VMBuilds\TemperatureLogger\arduino_due_x_dbg\Debug\VM_DBG\VM_DBG.cpp.o
                0x00080d36                VisualMicroDebug::begin(UARTClass*, unsigned long)
 .text._ZN16VisualMicroDebug4readEv
                0x00080d46        0xe C:\Users\ronmarti\AppData\Local\Temp\VMBuilds\TemperatureLogger\arduino_due_x_dbg\Debug\VM_DBG\VM_DBG.cpp.o
                0x00080d46                VisualMicroDebug::read()
 .text._ZN16VisualMicroDebug9availableEv
                0x00080d54        0xe C:\Users\ronmarti\AppData\Local\Temp\VMBuilds\TemperatureLogger\arduino_due_x_dbg\Debug\VM_DBG\VM_DBG.cpp.o
                0x00080d54                VisualMicroDebug::available()
 *fill*         0x00080d62        0x2 
 .text._ZN16VisualMicroDebug16sendContinuedACKEh
                0x00080d64       0x38 C:\Users\ronmarti\AppData\Local\Temp\VMBuilds\TemperatureLogger\arduino_due_x_dbg\Debug\VM_DBG\VM_DBG.cpp.o
                0x00080d64                VisualMicroDebug::sendContinuedACK(unsigned char)
 .text._ZN16VisualMicroDebug9breakWaitEh
                0x00080d9c       0x54 C:\Users\ronmarti\AppData\Local\Temp\VMBuilds\TemperatureLogger\arduino_due_x_dbg\Debug\VM_DBG\VM_DBG.cpp.o
                0x00080d9c                VisualMicroDebug::breakWait(unsigned char)
 .text._ZN16VisualMicroDebug5startEbb
                0x00080df0       0x1e C:\Users\ronmarti\AppData\Local\Temp\VMBuilds\TemperatureLogger\arduino_due_x_dbg\Debug\VM_DBG\VM_DBG.cpp.o
                0x00080df0                VisualMicroDebug::start(bool, bool)
 *fill*         0x00080e0e        0x2 
 .text.startup._GLOBAL__sub_I__ZN16VisualMicroDebug10DBG_MillisEv
                0x00080e10       0x14 C:\Users\ronmarti\AppData\Local\Temp\VMBuilds\TemperatureLogger\arduino_due_x_dbg\Debug\VM_DBG\VM_DBG.cpp.o
 .text._Z11serialEventv
                0x00080e24        0x2 C:\Users\ronmarti\AppData\Local\Temp\VMBuilds\TemperatureLogger\arduino_due_x_dbg\Debug\variant\variant.cpp.o
                0x00080e24                serialEvent()
 *fill*         0x00080e26        0x2 
 .text.UART_Handler
                0x00080e28        0xc C:\Users\ronmarti\AppData\Local\Temp\VMBuilds\TemperatureLogger\arduino_due_x_dbg\Debug\variant\variant.cpp.o
                0x00080e28                UART_Handler
 .text._Z12serialEvent1v
                0x00080e34        0x2 C:\Users\ronmarti\AppData\Local\Temp\VMBuilds\TemperatureLogger\arduino_due_x_dbg\Debug\variant\variant.cpp.o
                0x00080e34                serialEvent1()
 .text._Z12serialEvent2v
                0x00080e36        0x2 C:\Users\ronmarti\AppData\Local\Temp\VMBuilds\TemperatureLogger\arduino_due_x_dbg\Debug\variant\variant.cpp.o
                0x00080e36                serialEvent2()
 .text._Z12serialEvent3v
                0x00080e38        0x2 C:\Users\ronmarti\AppData\Local\Temp\VMBuilds\TemperatureLogger\arduino_due_x_dbg\Debug\variant\variant.cpp.o
                0x00080e38                serialEvent3()
 *fill*         0x00080e3a        0x2 
 .text.USART0_Handler
                0x00080e3c        0xc C:\Users\ronmarti\AppData\Local\Temp\VMBuilds\TemperatureLogger\arduino_due_x_dbg\Debug\variant\variant.cpp.o
                0x00080e3c                USART0_Handler
 .text.USART1_Handler
                0x00080e48        0xc C:\Users\ronmarti\AppData\Local\Temp\VMBuilds\TemperatureLogger\arduino_due_x_dbg\Debug\variant\variant.cpp.o
                0x00080e48                USART1_Handler
 .text.USART3_Handler
                0x00080e54        0xc C:\Users\ronmarti\AppData\Local\Temp\VMBuilds\TemperatureLogger\arduino_due_x_dbg\Debug\variant\variant.cpp.o
                0x00080e54                USART3_Handler
 .text.init     0x00080e60      0x128 C:\Users\ronmarti\AppData\Local\Temp\VMBuilds\TemperatureLogger\arduino_due_x_dbg\Debug\variant\variant.cpp.o
                0x00080e60                init
 .text.startup._GLOBAL__sub_I_g_APinDescription
                0x00080f88       0xd4 C:\Users\ronmarti\AppData\Local\Temp\VMBuilds\TemperatureLogger\arduino_due_x_dbg\Debug\variant\variant.cpp.o
 .text._Z14serialEventRunv
                0x0008105c       0x44 C:\Users\ronmarti\AppData\Local\Temp\VMBuilds\TemperatureLogger\arduino_due_x_dbg\Debug\variant\variant.cpp.o
                0x0008105c                serialEventRun()
 .text.PIO_PullUp
                0x000810a0        0xa C:\Users\ronmarti\AppData\Local\arduino15\packages\arduino\hardware\sam\1.6.7\variants\arduino_due_x/libsam_sam3x8e_gcc_rel.a(pio.o)
                0x000810a0                PIO_PullUp
 .text.PIO_SetPeripheral
                0x000810aa       0x26 C:\Users\ronmarti\AppData\Local\arduino15\packages\arduino\hardware\sam\1.6.7\variants\arduino_due_x/libsam_sam3x8e_gcc_rel.a(pio.o)
                0x000810aa                PIO_SetPeripheral
 .text.PIO_SetInput
                0x000810d0       0x26 C:\Users\ronmarti\AppData\Local\arduino15\packages\arduino\hardware\sam\1.6.7\variants\arduino_due_x/libsam_sam3x8e_gcc_rel.a(pio.o)
                0x000810d0                PIO_SetInput
 .text.PIO_SetOutput
                0x000810f6       0x24 C:\Users\ronmarti\AppData\Local\arduino15\packages\arduino\hardware\sam\1.6.7\variants\arduino_due_x/libsam_sam3x8e_gcc_rel.a(pio.o)
                0x000810f6                PIO_SetOutput
 *fill*         0x0008111a        0x2 
 .text.PIO_Configure
                0x0008111c       0x64 C:\Users\ronmarti\AppData\Local\arduino15\packages\arduino\hardware\sam\1.6.7\variants\arduino_due_x/libsam_sam3x8e_gcc_rel.a(pio.o)
                0x0008111c                PIO_Configure
 .text.PIO_GetOutputDataStatus
                0x00081180       0x14 C:\Users\ronmarti\AppData\Local\arduino15\packages\arduino\hardware\sam\1.6.7\variants\arduino_due_x/libsam_sam3x8e_gcc_rel.a(pio.o)
                0x00081180                PIO_GetOutputDataStatus
 .text.pmc_enable_upll_clock
                0x00081194       0x14 C:\Users\ronmarti\AppData\Local\arduino15\packages\arduino\hardware\sam\1.6.7\variants\arduino_due_x/libsam_sam3x8e_gcc_rel.a(pmc.o)
                0x00081194                pmc_enable_upll_clock
 .text.pmc_enable_periph_clk
                0x000811a8       0x44 C:\Users\ronmarti\AppData\Local\arduino15\packages\arduino\hardware\sam\1.6.7\variants\arduino_due_x/libsam_sam3x8e_gcc_rel.a(pmc.o)
                0x000811a8                pmc_enable_periph_clk
 .text.pmc_disable_periph_clk
                0x000811ec       0x40 C:\Users\ronmarti\AppData\Local\arduino15\packages\arduino\hardware\sam\1.6.7\variants\arduino_due_x/libsam_sam3x8e_gcc_rel.a(pmc.o)
                0x000811ec                pmc_disable_periph_clk
 .text.pmc_switch_udpck_to_upllck
                0x0008122c       0x14 C:\Users\ronmarti\AppData\Local\arduino15\packages\arduino\hardware\sam\1.6.7\variants\arduino_due_x/libsam_sam3x8e_gcc_rel.a(pmc.o)
                0x0008122c                pmc_switch_udpck_to_upllck
 .text.pmc_enable_udpck
                0x00081240        0xc C:\Users\ronmarti\AppData\Local\arduino15\packages\arduino\hardware\sam\1.6.7\variants\arduino_due_x/libsam_sam3x8e_gcc_rel.a(pmc.o)
                0x00081240                pmc_enable_udpck
 .text.TWI_SetClock
                0x0008124c       0x58 C:\Users\ronmarti\AppData\Local\arduino15\packages\arduino\hardware\sam\1.6.7\variants\arduino_due_x/libsam_sam3x8e_gcc_rel.a(twi.o)
                0x0008124c                TWI_SetClock
 .text.TWI_Disable
                0x000812a4       0x2c C:\Users\ronmarti\AppData\Local\arduino15\packages\arduino\hardware\sam\1.6.7\variants\arduino_due_x/libsam_sam3x8e_gcc_rel.a(twi.o)
                0x000812a4                TWI_Disable
 .text.TWI_ConfigureMaster
                0x000812d0       0x48 C:\Users\ronmarti\AppData\Local\arduino15\packages\arduino\hardware\sam\1.6.7\variants\arduino_due_x/libsam_sam3x8e_gcc_rel.a(twi.o)
                0x000812d0                TWI_ConfigureMaster
 .text.TWI_Stop
                0x00081318       0x28 C:\Users\ronmarti\AppData\Local\arduino15\packages\arduino\hardware\sam\1.6.7\variants\arduino_due_x/libsam_sam3x8e_gcc_rel.a(twi.o)
                0x00081318                TWI_Stop
 .text.TWI_StartRead
                0x00081340       0x70 C:\Users\ronmarti\AppData\Local\arduino15\packages\arduino\hardware\sam\1.6.7\variants\arduino_due_x/libsam_sam3x8e_gcc_rel.a(twi.o)
                0x00081340                TWI_StartRead
 .text.TWI_ReadByte
                0x000813b0       0x28 C:\Users\ronmarti\AppData\Local\arduino15\packages\arduino\hardware\sam\1.6.7\variants\arduino_due_x/libsam_sam3x8e_gcc_rel.a(twi.o)
                0x000813b0                TWI_ReadByte
 .text.TWI_WriteByte
                0x000813d8       0x24 C:\Users\ronmarti\AppData\Local\arduino15\packages\arduino\hardware\sam\1.6.7\variants\arduino_due_x/libsam_sam3x8e_gcc_rel.a(twi.o)
                0x000813d8                TWI_WriteByte
 .text.TWI_StartWrite
                0x000813fc       0x7c C:\Users\ronmarti\AppData\Local\arduino15\packages\arduino\hardware\sam\1.6.7\variants\arduino_due_x/libsam_sam3x8e_gcc_rel.a(twi.o)
                0x000813fc                TWI_StartWrite
 .text.TWI_EnableIt
                0x00081478       0x40 C:\Users\ronmarti\AppData\Local\arduino15\packages\arduino\hardware\sam\1.6.7\variants\arduino_due_x/libsam_sam3x8e_gcc_rel.a(twi.o)
                0x00081478                TWI_EnableIt
 .text.TWI_DisableIt
                0x000814b8       0x40 C:\Users\ronmarti\AppData\Local\arduino15\packages\arduino\hardware\sam\1.6.7\variants\arduino_due_x/libsam_sam3x8e_gcc_rel.a(twi.o)
                0x000814b8                TWI_DisableIt
 .text.TWI_GetStatus
                0x000814f8       0x28 C:\Users\ronmarti\AppData\Local\arduino15\packages\arduino\hardware\sam\1.6.7\variants\arduino_due_x/libsam_sam3x8e_gcc_rel.a(twi.o)
                0x000814f8                TWI_GetStatus
 .text.TWI_SendSTOPCondition
                0x00081520       0x2c C:\Users\ronmarti\AppData\Local\arduino15\packages\arduino\hardware\sam\1.6.7\variants\arduino_due_x/libsam_sam3x8e_gcc_rel.a(twi.o)
                0x00081520                TWI_SendSTOPCondition
 .text.SystemInit
                0x0008154c       0x88 C:\Users\ronmarti\AppData\Local\arduino15\packages\arduino\hardware\sam\1.6.7\variants\arduino_due_x/libsam_sam3x8e_gcc_rel.a(system_sam3xa.o)
                0x0008154c                SystemInit
 .text.Reset_Handler
                0x000815d4       0x78 C:\Users\ronmarti\AppData\Local\arduino15\packages\arduino\hardware\sam\1.6.7\variants\arduino_due_x/libsam_sam3x8e_gcc_rel.a(startup_sam3xa.o)
                0x000815d4                Reset_Handler
 .text.adc_init
                0x0008164c       0x98 C:\Users\ronmarti\AppData\Local\arduino15\packages\arduino\hardware\sam\1.6.7\variants\arduino_due_x/libsam_sam3x8e_gcc_rel.a(adc.o)
                0x0008164c                adc_init
 .text.adc_configure_trigger
                0x000816e4        0xe C:\Users\ronmarti\AppData\Local\arduino15\packages\arduino\hardware\sam\1.6.7\variants\arduino_due_x/libsam_sam3x8e_gcc_rel.a(adc.o)
                0x000816e4                adc_configure_trigger
 .text.adc_configure_timing
                0x000816f2       0x1a C:\Users\ronmarti\AppData\Local\arduino15\packages\arduino\hardware\sam\1.6.7\variants\arduino_due_x/libsam_sam3x8e_gcc_rel.a(adc.o)
                0x000816f2                adc_configure_timing
 .text.adc_disable_channel
                0x0008170c        0xa C:\Users\ronmarti\AppData\Local\arduino15\packages\arduino\hardware\sam\1.6.7\variants\arduino_due_x/libsam_sam3x8e_gcc_rel.a(adc.o)
                0x0008170c                adc_disable_channel
 .text.adc_disable_all_channel
                0x00081716        0x8 C:\Users\ronmarti\AppData\Local\arduino15\packages\arduino\hardware\sam\1.6.7\variants\arduino_due_x/libsam_sam3x8e_gcc_rel.a(adc.o)
                0x00081716                adc_disable_all_channel
 .text.adc_disable_interrupt
                0x0008171e        0x4 C:\Users\ronmarti\AppData\Local\arduino15\packages\arduino\hardware\sam\1.6.7\variants\arduino_due_x/libsam_sam3x8e_gcc_rel.a(adc.o)
                0x0008171e                adc_disable_interrupt
 *fill*         0x00081722        0x2 
 .text.UOTGHS_Handler
                0x00081724       0x10 C:\Users\ronmarti\AppData\Local\arduino15\packages\arduino\hardware\sam\1.6.7\variants\arduino_due_x/libsam_sam3x8e_gcc_rel.a(uotghs.o)
                0x00081724                UOTGHS_Handler
 .text.__halt   0x00081734        0x2 C:\Users\ronmarti\AppData\Local\Temp\VMBuilds\TemperatureLogger\arduino_due_x_dbg\Debug/core.a(cortex_handlers.c.o)
                0x00081734                DACC_Handler
                0x00081734                DebugMon_Handler
                0x00081734                DMAC_Handler
                0x00081734                TRNG_Handler
                0x00081734                HardFault_Handler
                0x00081734                TC2_Handler
                0x00081734                NMI_Handler
                0x00081734                TC7_Handler
                0x00081734                ADC_Handler
                0x00081734                SMC_Handler
                0x00081734                RTT_Handler
                0x00081734                EFC1_Handler
                0x00081734                PIOB_Handler
                0x00081734                RTC_Handler
                0x00081734                UsageFault_Handler
                0x00081734                TC6_Handler
                0x00081734                WDT_Handler
                0x00081734                CAN0_Handler
                0x00081734                TC4_Handler
                0x00081734                TC1_Handler
                0x00081734                HSMCI_Handler
                0x00081734                TC3_Handler
                0x00081734                PIOA_Handler
                0x00081734                SSC_Handler
                0x00081734                EFC0_Handler
                0x00081734                PMC_Handler
                0x00081734                PWM_Handler
                0x00081734                CAN1_Handler
                0x00081734                MemManage_Handler
                0x00081734                SUPC_Handler
                0x00081734                TC8_Handler
                0x00081734                USART2_Handler
                0x00081734                PIOD_Handler
                0x00081734                EMAC_Handler
                0x00081734                PIOC_Handler
                0x00081734                BusFault_Handler
                0x00081734                RSTC_Handler
                0x00081734                TC0_Handler
                0x00081734                TC5_Handler
                0x00081734                SPI0_Handler
 .text.SVC_Handler
                0x00081736        0x4 C:\Users\ronmarti\AppData\Local\Temp\VMBuilds\TemperatureLogger\arduino_due_x_dbg\Debug/core.a(cortex_handlers.c.o)
                0x00081736                SVC_Handler
 .text.PendSV_Handler
                0x0008173a        0x4 C:\Users\ronmarti\AppData\Local\Temp\VMBuilds\TemperatureLogger\arduino_due_x_dbg\Debug/core.a(cortex_handlers.c.o)
                0x0008173a                PendSV_Handler
 .text.SysTick_Handler
                0x0008173e       0x16 C:\Users\ronmarti\AppData\Local\Temp\VMBuilds\TemperatureLogger\arduino_due_x_dbg\Debug/core.a(cortex_handlers.c.o)
                0x0008173e                SysTick_Handler
 .text.__empty  0x00081754        0x2 C:\Users\ronmarti\AppData\Local\Temp\VMBuilds\TemperatureLogger\arduino_due_x_dbg\Debug/core.a(hooks.c.o)
                0x00081754                yield
 .text.__false  0x00081756        0x4 C:\Users\ronmarti\AppData\Local\Temp\VMBuilds\TemperatureLogger\arduino_due_x_dbg\Debug/core.a(hooks.c.o)
                0x00081756                sysTickHook
 .text.__halt   0x0008175a        0x2 C:\Users\ronmarti\AppData\Local\Temp\VMBuilds\TemperatureLogger\arduino_due_x_dbg\Debug/core.a(hooks.c.o)
                0x0008175a                svcHook
                0x0008175a                pendSVHook
 .text.millis   0x0008175c        0x4 C:\Users\ronmarti\AppData\Local\Temp\VMBuilds\TemperatureLogger\arduino_due_x_dbg\Debug/core.a(wiring.c.o)
                0x0008175c                millis
 .text.delay    0x00081760       0x1c C:\Users\ronmarti\AppData\Local\Temp\VMBuilds\TemperatureLogger\arduino_due_x_dbg\Debug/core.a(wiring.c.o)
                0x00081760                delay
 .text.analogOutputInit
                0x0008177c        0x2 C:\Users\ronmarti\AppData\Local\Temp\VMBuilds\TemperatureLogger\arduino_due_x_dbg\Debug/core.a(wiring_analog.c.o)
                0x0008177c                analogOutputInit
 *fill*         0x0008177e        0x2 
 .text.pinMode  0x00081780      0x108 C:\Users\ronmarti\AppData\Local\Temp\VMBuilds\TemperatureLogger\arduino_due_x_dbg\Debug/core.a(wiring_digital.c.o)
                0x00081780                pinMode
 .text.digitalWrite
                0x00081888       0x70 C:\Users\ronmarti\AppData\Local\Temp\VMBuilds\TemperatureLogger\arduino_due_x_dbg\Debug/core.a(wiring_digital.c.o)
                0x00081888                digitalWrite
 .text.initVariant
                0x000818f8        0x2 C:\Users\ronmarti\AppData\Local\Temp\VMBuilds\TemperatureLogger\arduino_due_x_dbg\Debug/core.a(main.cpp.o)
                0x000818f8                initVariant
 *fill*         0x000818fa        0x2 
 .text.startup.main
                0x000818fc       0x38 C:\Users\ronmarti\AppData\Local\Temp\VMBuilds\TemperatureLogger\arduino_due_x_dbg\Debug/core.a(main.cpp.o)
                0x000818fc                main
 .text._ZN5Print5writeEPKhj
                0x00081934       0x22 C:\Users\ronmarti\AppData\Local\Temp\VMBuilds\TemperatureLogger\arduino_due_x_dbg\Debug/core.a(Print.cpp.o)
                0x00081934                Print::write(unsigned char const*, unsigned int)
 .text._ZN5Print5writeEPKc
                0x00081956       0x1e C:\Users\ronmarti\AppData\Local\Temp\VMBuilds\TemperatureLogger\arduino_due_x_dbg\Debug/core.a(Print.cpp.o)
                0x00081956                Print::write(char const*)
 .text._ZN5Print5printEPKc
                0x00081974        0x8 C:\Users\ronmarti\AppData\Local\Temp\VMBuilds\TemperatureLogger\arduino_due_x_dbg\Debug/core.a(Print.cpp.o)
                0x00081974                Print::print(char const*)
 .text._ZN5Print5printEc
                0x0008197c        0xa C:\Users\ronmarti\AppData\Local\Temp\VMBuilds\TemperatureLogger\arduino_due_x_dbg\Debug/core.a(Print.cpp.o)
                0x0008197c                Print::print(char)
 *fill*         0x00081986        0x2 
 .text._ZN5Print7printlnEv
                0x00081988       0x10 C:\Users\ronmarti\AppData\Local\Temp\VMBuilds\TemperatureLogger\arduino_due_x_dbg\Debug/core.a(Print.cpp.o)
                0x00081988                Print::println()
 .text._ZN5Print7printlnEPKc
                0x00081998       0x14 C:\Users\ronmarti\AppData\Local\Temp\VMBuilds\TemperatureLogger\arduino_due_x_dbg\Debug/core.a(Print.cpp.o)
                0x00081998                Print::println(char const*)
 .text._ZN5Print11printNumberEmh
                0x000819ac       0x3e C:\Users\ronmarti\AppData\Local\Temp\VMBuilds\TemperatureLogger\arduino_due_x_dbg\Debug/core.a(Print.cpp.o)
                0x000819ac                Print::printNumber(unsigned long, unsigned char)
 .text._ZN5Print5printEli
                0x000819ea       0x3c C:\Users\ronmarti\AppData\Local\Temp\VMBuilds\TemperatureLogger\arduino_due_x_dbg\Debug/core.a(Print.cpp.o)
                0x000819ea                Print::print(long, int)
 .text._ZN5Print5printEmi
                0x00081a26       0x18 C:\Users\ronmarti\AppData\Local\Temp\VMBuilds\TemperatureLogger\arduino_due_x_dbg\Debug/core.a(Print.cpp.o)
                0x00081a26                Print::print(unsigned long, int)
 .text._ZN5Print5printEhi
                0x00081a3e        0x4 C:\Users\ronmarti\AppData\Local\Temp\VMBuilds\TemperatureLogger\arduino_due_x_dbg\Debug/core.a(Print.cpp.o)
                0x00081a3e                Print::print(unsigned char, int)
 *fill*         0x00081a42        0x2 
 .text._ZN5Print10printFloatEdh
                0x00081a44      0x14c C:\Users\ronmarti\AppData\Local\Temp\VMBuilds\TemperatureLogger\arduino_due_x_dbg\Debug/core.a(Print.cpp.o)
                0x00081a44                Print::printFloat(double, unsigned char)
 .text._ZN5Print5printEdi
                0x00081b90        0xa C:\Users\ronmarti\AppData\Local\Temp\VMBuilds\TemperatureLogger\arduino_due_x_dbg\Debug/core.a(Print.cpp.o)
                0x00081b90                Print::print(double, int)
 *fill*         0x00081b9a        0x2 
 .text.initiateReset
                0x00081b9c        0xc C:\Users\ronmarti\AppData\Local\Temp\VMBuilds\TemperatureLogger\arduino_due_x_dbg\Debug/core.a(Reset.cpp.o)
                0x00081b9c                initiateReset
 .text.cancelReset
                0x00081ba8       0x10 C:\Users\ronmarti\AppData\Local\Temp\VMBuilds\TemperatureLogger\arduino_due_x_dbg\Debug/core.a(Reset.cpp.o)
                0x00081ba8                cancelReset
 .text.tickReset
                0x00081bb8       0x20 C:\Users\ronmarti\AppData\Local\Temp\VMBuilds\TemperatureLogger\arduino_due_x_dbg\Debug/core.a(Reset.cpp.o)
                0x00081bb8                tickReset
 .text._ZN10RingBufferC2Ev
                0x00081bd8       0x1a C:\Users\ronmarti\AppData\Local\Temp\VMBuilds\TemperatureLogger\arduino_due_x_dbg\Debug/core.a(RingBuffer.cpp.o)
                0x00081bd8                RingBuffer::RingBuffer()
                0x00081bd8                RingBuffer::RingBuffer()
 .text._ZN10RingBuffer10store_charEh
                0x00081bf2       0x1e C:\Users\ronmarti\AppData\Local\Temp\VMBuilds\TemperatureLogger\arduino_due_x_dbg\Debug/core.a(RingBuffer.cpp.o)
                0x00081bf2                RingBuffer::store_char(unsigned char)
 .text._ZN9UARTClasscvbEv
                0x00081c10        0x4 C:\Users\ronmarti\AppData\Local\Temp\VMBuilds\TemperatureLogger\arduino_due_x_dbg\Debug/core.a(UARTClass.cpp.o)
                0x00081c10                UARTClass::operator bool()
 .text._ZN9UARTClass9availableEv
                0x00081c14       0x12 C:\Users\ronmarti\AppData\Local\Temp\VMBuilds\TemperatureLogger\arduino_due_x_dbg\Debug/core.a(UARTClass.cpp.o)
                0x00081c14                UARTClass::available()
 .text._ZN9UARTClass4peekEv
                0x00081c26       0x1c C:\Users\ronmarti\AppData\Local\Temp\VMBuilds\TemperatureLogger\arduino_due_x_dbg\Debug/core.a(UARTClass.cpp.o)
                0x00081c26                UARTClass::peek()
 .text._ZN9UARTClass4readEv
                0x00081c42       0x2a C:\Users\ronmarti\AppData\Local\Temp\VMBuilds\TemperatureLogger\arduino_due_x_dbg\Debug/core.a(UARTClass.cpp.o)
                0x00081c42                UARTClass::read()
 .text._ZN9UARTClass5flushEv
                0x00081c6c       0x18 C:\Users\ronmarti\AppData\Local\Temp\VMBuilds\TemperatureLogger\arduino_due_x_dbg\Debug/core.a(UARTClass.cpp.o)
                0x00081c6c                UARTClass::flush()
 .text._ZN9UARTClass5writeEh
                0x00081c84       0x54 C:\Users\ronmarti\AppData\Local\Temp\VMBuilds\TemperatureLogger\arduino_due_x_dbg\Debug/core.a(UARTClass.cpp.o)
                0x00081c84                UARTClass::write(unsigned char)
 .text._ZN9UARTClass3endEv
                0x00081cd8       0x3c C:\Users\ronmarti\AppData\Local\Temp\VMBuilds\TemperatureLogger\arduino_due_x_dbg\Debug/core.a(UARTClass.cpp.o)
                0x00081cd8                UARTClass::end()
 .text._ZN9UARTClassC2EP4Uart4IRQnmP10RingBufferS4_
                0x00081d14       0x24 C:\Users\ronmarti\AppData\Local\Temp\VMBuilds\TemperatureLogger\arduino_due_x_dbg\Debug/core.a(UARTClass.cpp.o)
                0x00081d14                UARTClass::UARTClass(Uart*, IRQn, unsigned long, RingBuffer*, RingBuffer*)
                0x00081d14                UARTClass::UARTClass(Uart*, IRQn, unsigned long, RingBuffer*, RingBuffer*)
 .text._ZN9UARTClass4initEmm
                0x00081d38       0x70 C:\Users\ronmarti\AppData\Local\Temp\VMBuilds\TemperatureLogger\arduino_due_x_dbg\Debug/core.a(UARTClass.cpp.o)
                0x00081d38                UARTClass::init(unsigned long, unsigned long)
 .text._ZN9UARTClass5beginEm
                0x00081da8        0x8 C:\Users\ronmarti\AppData\Local\Temp\VMBuilds\TemperatureLogger\arduino_due_x_dbg\Debug/core.a(UARTClass.cpp.o)
                0x00081da8                UARTClass::begin(unsigned long)
 .text._ZN9UARTClass10IrqHandlerEv
                0x00081db0       0x5a C:\Users\ronmarti\AppData\Local\Temp\VMBuilds\TemperatureLogger\arduino_due_x_dbg\Debug/core.a(UARTClass.cpp.o)
                0x00081db0                UARTClass::IrqHandler()
 .text._ZN10USARTClass5beginEm
                0x00081e0a        0x8 C:\Users\ronmarti\AppData\Local\Temp\VMBuilds\TemperatureLogger\arduino_due_x_dbg\Debug/core.a(USARTClass.cpp.o)
                0x00081e0a                USARTClass::begin(unsigned long)
 *fill*         0x00081e12        0x2 
 .text._ZN10USARTClassC2EP5Usart4IRQnmP10RingBufferS4_
                0x00081e14       0x24 C:\Users\ronmarti\AppData\Local\Temp\VMBuilds\TemperatureLogger\arduino_due_x_dbg\Debug/core.a(USARTClass.cpp.o)
                0x00081e14                USARTClass::USARTClass(Usart*, IRQn, unsigned long, RingBuffer*, RingBuffer*)
                0x00081e14                USARTClass::USARTClass(Usart*, IRQn, unsigned long, RingBuffer*, RingBuffer*)
 .text._watchdogDefaultSetup
                0x00081e38        0xc C:\Users\ronmarti\AppData\Local\Temp\VMBuilds\TemperatureLogger\arduino_due_x_dbg\Debug/core.a(watchdog.cpp.o)
                0x00081e38                _watchdogDefaultSetup
                0x00081e38                watchdogSetup()
 .text.unlikely._ZL11USB_SendZlpv
                0x00081e44       0x20 C:\Users\ronmarti\AppData\Local\Temp\VMBuilds\TemperatureLogger\arduino_due_x_dbg\Debug/core.a(USBCore.cpp.o)
 .text._Z14USBD_Availablem
                0x00081e64       0x2c C:\Users\ronmarti\AppData\Local\Temp\VMBuilds\TemperatureLogger\arduino_due_x_dbg\Debug/core.a(USBCore.cpp.o)
                0x00081e64                USBD_Available(unsigned long)
 .text._Z9USBD_RecvmPvm
                0x00081e90       0x7c C:\Users\ronmarti\AppData\Local\Temp\VMBuilds\TemperatureLogger\arduino_due_x_dbg\Debug/core.a(USBCore.cpp.o)
                0x00081e90                USBD_Recv(unsigned long, void*, unsigned long)
 .text._Z9USBD_Recvm
                0x00081f0c       0x22 C:\Users\ronmarti\AppData\Local\Temp\VMBuilds\TemperatureLogger\arduino_due_x_dbg\Debug/core.a(USBCore.cpp.o)
                0x00081f0c                USBD_Recv(unsigned long)
 *fill*         0x00081f2e        0x2 
 .text._Z9USBD_SendmPKvm
                0x00081f30       0x4c C:\Users\ronmarti\AppData\Local\Temp\VMBuilds\TemperatureLogger\arduino_due_x_dbg\Debug/core.a(USBCore.cpp.o)
                0x00081f30                USBD_Send(unsigned long, void const*, unsigned long)
 .text._Z16USBD_SendControlhPKvm
                0x00081f7c       0x40 C:\Users\ronmarti\AppData\Local\Temp\VMBuilds\TemperatureLogger\arduino_due_x_dbg\Debug/core.a(USBCore.cpp.o)
                0x00081f7c                USBD_SendControl(unsigned char, void const*, unsigned long)
 .text.unlikely._ZL24USB_SendStringDescriptorPKhi
                0x00081fbc       0x64 C:\Users\ronmarti\AppData\Local\Temp\VMBuilds\TemperatureLogger\arduino_due_x_dbg\Debug/core.a(USBCore.cpp.o)
 .text._Z16USBD_RecvControlPvm
                0x00082020       0x1c C:\Users\ronmarti\AppData\Local\Temp\VMBuilds\TemperatureLogger\arduino_due_x_dbg\Debug/core.a(USBCore.cpp.o)
                0x00082020                USBD_RecvControl(void*, unsigned long)
 .text._Z26USBD_ClassInterfaceRequestR8USBSetup
                0x0008203c       0x1e C:\Users\ronmarti\AppData\Local\Temp\VMBuilds\TemperatureLogger\arduino_due_x_dbg\Debug/core.a(USBCore.cpp.o)
                0x0008203c                USBD_ClassInterfaceRequest(USBSetup&)
 .text._Z19USBD_SendInterfacesv
                0x0008205a       0x22 C:\Users\ronmarti\AppData\Local\Temp\VMBuilds\TemperatureLogger\arduino_due_x_dbg\Debug/core.a(USBCore.cpp.o)
                0x0008205a                USBD_SendInterfaces()
 .text._Z24USBD_SendOtherInterfacesv
                0x0008207c       0x22 C:\Users\ronmarti\AppData\Local\Temp\VMBuilds\TemperatureLogger\arduino_due_x_dbg\Debug/core.a(USBCore.cpp.o)
                0x0008207c                USBD_SendOtherInterfaces()
 .text._Z10USBD_Flushm
                0x0008209e       0x16 C:\Users\ronmarti\AppData\Local\Temp\VMBuilds\TemperatureLogger\arduino_due_x_dbg\Debug/core.a(USBCore.cpp.o)
                0x0008209e                USBD_Flush(unsigned long)
 .text._ZN10USBDevice_C2Ev
                0x000820b4       0x24 C:\Users\ronmarti\AppData\Local\Temp\VMBuilds\TemperatureLogger\arduino_due_x_dbg\Debug/core.a(USBCore.cpp.o)
                0x000820b4                USBDevice_::USBDevice_()
                0x000820b4                USBDevice_::USBDevice_()
 .text._ZN10USBDevice_6attachEv
                0x000820d8       0x20 C:\Users\ronmarti\AppData\Local\Temp\VMBuilds\TemperatureLogger\arduino_due_x_dbg\Debug/core.a(USBCore.cpp.o)
                0x000820d8                USBDevice_::attach()
 .text.startup._GLOBAL__sub_I_EndPoints
                0x000820f8        0xc C:\Users\ronmarti\AppData\Local\Temp\VMBuilds\TemperatureLogger\arduino_due_x_dbg\Debug/core.a(USBCore.cpp.o)
 .text._ZL7USB_ISRv
                0x00082104      0x454 C:\Users\ronmarti\AppData\Local\Temp\VMBuilds\TemperatureLogger\arduino_due_x_dbg\Debug/core.a(USBCore.cpp.o)
 .text._ZN7Serial_9availableEv
                0x00082558       0x18 C:\Users\ronmarti\AppData\Local\Temp\VMBuilds\TemperatureLogger\arduino_due_x_dbg\Debug/core.a(CDC.cpp.o)
                0x00082558                Serial_::available()
 .text._ZN7Serial_4peekEv
                0x00082570       0x20 C:\Users\ronmarti\AppData\Local\Temp\VMBuilds\TemperatureLogger\arduino_due_x_dbg\Debug/core.a(CDC.cpp.o)
                0x00082570                Serial_::peek()
 .text._ZN7Serial_5writeEh
                0x00082590       0x16 C:\Users\ronmarti\AppData\Local\Temp\VMBuilds\TemperatureLogger\arduino_due_x_dbg\Debug/core.a(CDC.cpp.o)
                0x00082590                Serial_::write(unsigned char)
 *fill*         0x000825a6        0x2 
 .text._ZN7Serial_4readEv
                0x000825a8       0x44 C:\Users\ronmarti\AppData\Local\Temp\VMBuilds\TemperatureLogger\arduino_due_x_dbg\Debug/core.a(CDC.cpp.o)
                0x000825a8                Serial_::read()
 .text._ZN7Serial_5flushEv
                0x000825ec        0x6 C:\Users\ronmarti\AppData\Local\Temp\VMBuilds\TemperatureLogger\arduino_due_x_dbg\Debug/core.a(CDC.cpp.o)
                0x000825ec                Serial_::flush()
 *fill*         0x000825f2        0x2 
 .text._ZN7Serial_6acceptEv
                0x000825f4       0x70 C:\Users\ronmarti\AppData\Local\Temp\VMBuilds\TemperatureLogger\arduino_due_x_dbg\Debug/core.a(CDC.cpp.o)
                0x000825f4                Serial_::accept()
 .text._ZN7Serial_5writeEPKhj
                0x00082664       0x2c C:\Users\ronmarti\AppData\Local\Temp\VMBuilds\TemperatureLogger\arduino_due_x_dbg\Debug/core.a(CDC.cpp.o)
                0x00082664                Serial_::write(unsigned char const*, unsigned int)
 .text._Z16CDC_GetInterfacePh
                0x00082690       0x14 C:\Users\ronmarti\AppData\Local\Temp\VMBuilds\TemperatureLogger\arduino_due_x_dbg\Debug/core.a(CDC.cpp.o)
                0x00082690                CDC_GetInterface(unsigned char*)
 .text._Z21CDC_GetOtherInterfacePh
                0x000826a4       0x14 C:\Users\ronmarti\AppData\Local\Temp\VMBuilds\TemperatureLogger\arduino_due_x_dbg\Debug/core.a(CDC.cpp.o)
                0x000826a4                CDC_GetOtherInterface(unsigned char*)
 .text._Z9CDC_SetupR8USBSetup
                0x000826b8       0x78 C:\Users\ronmarti\AppData\Local\Temp\VMBuilds\TemperatureLogger\arduino_due_x_dbg\Debug/core.a(CDC.cpp.o)
                0x000826b8                CDC_Setup(USBSetup&)
 .text.startup._GLOBAL__sub_I_cdc_rx_buffer
                0x00082730       0x1c C:\Users\ronmarti\AppData\Local\Temp\VMBuilds\TemperatureLogger\arduino_due_x_dbg\Debug/core.a(CDC.cpp.o)
 .text._ZN13PluggableUSB_12getInterfaceEPh
                0x0008274c       0x28 C:\Users\ronmarti\AppData\Local\Temp\VMBuilds\TemperatureLogger\arduino_due_x_dbg\Debug/core.a(PluggableUSB.cpp.o)
                0x0008274c                PluggableUSB_::getInterface(unsigned char*)
 .text._ZN13PluggableUSB_13getDescriptorER8USBSetup
                0x00082774       0x1c C:\Users\ronmarti\AppData\Local\Temp\VMBuilds\TemperatureLogger\arduino_due_x_dbg\Debug/core.a(PluggableUSB.cpp.o)
                0x00082774                PluggableUSB_::getDescriptor(USBSetup&)
 .text._ZN13PluggableUSB_12getShortNameEPc
                0x00082790       0x1c C:\Users\ronmarti\AppData\Local\Temp\VMBuilds\TemperatureLogger\arduino_due_x_dbg\Debug/core.a(PluggableUSB.cpp.o)
                0x00082790                PluggableUSB_::getShortName(char*)
 .text._ZN13PluggableUSB_5setupER8USBSetup
                0x000827ac       0x20 C:\Users\ronmarti\AppData\Local\Temp\VMBuilds\TemperatureLogger\arduino_due_x_dbg\Debug/core.a(PluggableUSB.cpp.o)
                0x000827ac                PluggableUSB_::setup(USBSetup&)
 .text._Z12PluggableUSBv
                0x000827cc       0x28 C:\Users\ronmarti\AppData\Local\Temp\VMBuilds\TemperatureLogger\arduino_due_x_dbg\Debug/core.a(PluggableUSB.cpp.o)
                0x000827cc                PluggableUSB()
 .text.TimeTick_Increment
                0x000827f4       0x10 C:\Users\ronmarti\AppData\Local\arduino15\packages\arduino\hardware\sam\1.6.7\variants\arduino_due_x/libsam_sam3x8e_gcc_rel.a(timetick.o)
                0x000827f4                TimeTick_Increment
 .text.GetTickCount
                0x00082804        0xc C:\Users\ronmarti\AppData\Local\arduino15\packages\arduino\hardware\sam\1.6.7\variants\arduino_due_x/libsam_sam3x8e_gcc_rel.a(timetick.o)
                0x00082804                GetTickCount
 .text.WDT_Disable
                0x00082810        0x8 C:\Users\ronmarti\AppData\Local\arduino15\packages\arduino\hardware\sam\1.6.7\variants\arduino_due_x/libsam_sam3x8e_gcc_rel.a(wdt.o)
                0x00082810                WDT_Disable
 .text.UDD_SetStack
                0x00082818        0xc C:\Users\ronmarti\AppData\Local\arduino15\packages\arduino\hardware\sam\1.6.7\variants\arduino_due_x/libsam_sam3x8e_gcc_rel.a(uotghs_device.o)
                0x00082818                UDD_SetStack
 .text.UDD_Init
                0x00082824       0xd0 C:\Users\ronmarti\AppData\Local\arduino15\packages\arduino\hardware\sam\1.6.7\variants\arduino_due_x/libsam_sam3x8e_gcc_rel.a(uotghs_device.o)
                0x00082824                UDD_Init
 .text.UDD_Attach
                0x000828f4       0x50 C:\Users\ronmarti\AppData\Local\arduino15\packages\arduino\hardware\sam\1.6.7\variants\arduino_due_x/libsam_sam3x8e_gcc_rel.a(uotghs_device.o)
                0x000828f4                UDD_Attach
 .text.UDD_InitEP
                0x00082944       0x2c C:\Users\ronmarti\AppData\Local\arduino15\packages\arduino\hardware\sam\1.6.7\variants\arduino_due_x/libsam_sam3x8e_gcc_rel.a(uotghs_device.o)
                0x00082944                UDD_InitEP
 .text.UDD_InitEndpoints
                0x00082970       0x3c C:\Users\ronmarti\AppData\Local\arduino15\packages\arduino\hardware\sam\1.6.7\variants\arduino_due_x/libsam_sam3x8e_gcc_rel.a(uotghs_device.o)
                0x00082970                UDD_InitEndpoints
 .text.UDD_WaitIN
                0x000829ac       0x10 C:\Users\ronmarti\AppData\Local\arduino15\packages\arduino\hardware\sam\1.6.7\variants\arduino_due_x/libsam_sam3x8e_gcc_rel.a(uotghs_device.o)
                0x000829ac                UDD_WaitIN
 .text.UDD_WaitOUT
                0x000829bc       0x10 C:\Users\ronmarti\AppData\Local\arduino15\packages\arduino\hardware\sam\1.6.7\variants\arduino_due_x/libsam_sam3x8e_gcc_rel.a(uotghs_device.o)
                0x000829bc                UDD_WaitOUT
 .text.UDD_ClearIN
                0x000829cc       0x18 C:\Users\ronmarti\AppData\Local\arduino15\packages\arduino\hardware\sam\1.6.7\variants\arduino_due_x/libsam_sam3x8e_gcc_rel.a(uotghs_device.o)
                0x000829cc                UDD_ClearIN
 .text.UDD_ClearOUT
                0x000829e4       0x18 C:\Users\ronmarti\AppData\Local\arduino15\packages\arduino\hardware\sam\1.6.7\variants\arduino_due_x/libsam_sam3x8e_gcc_rel.a(uotghs_device.o)
                0x000829e4                UDD_ClearOUT
 .text.UDD_ReceivedSetupInt
                0x000829fc       0x10 C:\Users\ronmarti\AppData\Local\arduino15\packages\arduino\hardware\sam\1.6.7\variants\arduino_due_x/libsam_sam3x8e_gcc_rel.a(uotghs_device.o)
                0x000829fc                UDD_ReceivedSetupInt
 .text.UDD_ClearSetupInt
                0x00082a0c       0x10 C:\Users\ronmarti\AppData\Local\arduino15\packages\arduino\hardware\sam\1.6.7\variants\arduino_due_x/libsam_sam3x8e_gcc_rel.a(uotghs_device.o)
                0x00082a0c                UDD_ClearSetupInt
 .text.UDD_Send
                0x00082a1c       0x88 C:\Users\ronmarti\AppData\Local\arduino15\packages\arduino\hardware\sam\1.6.7\variants\arduino_due_x/libsam_sam3x8e_gcc_rel.a(uotghs_device.o)
                0x00082a1c                UDD_Send
 .text.UDD_Send8
                0x00082aa4       0x24 C:\Users\ronmarti\AppData\Local\arduino15\packages\arduino\hardware\sam\1.6.7\variants\arduino_due_x/libsam_sam3x8e_gcc_rel.a(uotghs_device.o)
                0x00082aa4                UDD_Send8
 .text.UDD_Recv8
                0x00082ac8       0x28 C:\Users\ronmarti\AppData\Local\arduino15\packages\arduino\hardware\sam\1.6.7\variants\arduino_due_x/libsam_sam3x8e_gcc_rel.a(uotghs_device.o)
                0x00082ac8                UDD_Recv8
 .text.UDD_Recv
                0x00082af0       0x34 C:\Users\ronmarti\AppData\Local\arduino15\packages\arduino\hardware\sam\1.6.7\variants\arduino_due_x/libsam_sam3x8e_gcc_rel.a(uotghs_device.o)
                0x00082af0                UDD_Recv
 .text.UDD_Stall
                0x00082b24       0x14 C:\Users\ronmarti\AppData\Local\arduino15\packages\arduino\hardware\sam\1.6.7\variants\arduino_due_x/libsam_sam3x8e_gcc_rel.a(uotghs_device.o)
                0x00082b24                UDD_Stall
 .text.UDD_FifoByteCount
                0x00082b38       0x14 C:\Users\ronmarti\AppData\Local\arduino15\packages\arduino\hardware\sam\1.6.7\variants\arduino_due_x/libsam_sam3x8e_gcc_rel.a(uotghs_device.o)
                0x00082b38                UDD_FifoByteCount
 .text.UDD_ReleaseRX
                0x00082b4c       0x28 C:\Users\ronmarti\AppData\Local\arduino15\packages\arduino\hardware\sam\1.6.7\variants\arduino_due_x/libsam_sam3x8e_gcc_rel.a(uotghs_device.o)
                0x00082b4c                UDD_ReleaseRX
 .text.UDD_ReleaseTX
                0x00082b74       0x28 C:\Users\ronmarti\AppData\Local\arduino15\packages\arduino\hardware\sam\1.6.7\variants\arduino_due_x/libsam_sam3x8e_gcc_rel.a(uotghs_device.o)
                0x00082b74                UDD_ReleaseTX
 .text.UDD_SetAddress
                0x00082b9c       0x20 C:\Users\ronmarti\AppData\Local\arduino15\packages\arduino\hardware\sam\1.6.7\variants\arduino_due_x/libsam_sam3x8e_gcc_rel.a(uotghs_device.o)
                0x00082b9c                UDD_SetAddress
 .text.__fpclassifyd
                0x00082bbc       0x50 c:/users/ronmarti/appdata/local/arduino15/packages/arduino/tools/arm-none-eabi-gcc/4.8.3-2014q1/bin/../lib/gcc/arm-none-eabi/4.8.3/../../../../arm-none-eabi/lib/armv7-m\libm.a(lib_a-s_fpclassify.o)
                0x00082bbc                __fpclassifyd
 .text.pow      0x00082c0c      0x2f8 c:/users/ronmarti/appdata/local/arduino15/packages/arduino/tools/arm-none-eabi-gcc/4.8.3-2014q1/bin/../lib/gcc/arm-none-eabi/4.8.3/../../../../arm-none-eabi/lib/armv7-m\libm.a(lib_a-w_pow.o)
                0x00082c0c                pow
 *fill*         0x00082f04        0x4 
 .text.__ieee754_pow
                0x00082f08      0xab8 c:/users/ronmarti/appdata/local/arduino15/packages/arduino/tools/arm-none-eabi-gcc/4.8.3-2014q1/bin/../lib/gcc/arm-none-eabi/4.8.3/../../../../arm-none-eabi/lib/armv7-m\libm.a(lib_a-e_pow.o)
                0x00082f08                __ieee754_pow
 .text.__ieee754_sqrt
                0x000839c0      0x180 c:/users/ronmarti/appdata/local/arduino15/packages/arduino/tools/arm-none-eabi-gcc/4.8.3-2014q1/bin/../lib/gcc/arm-none-eabi/4.8.3/../../../../arm-none-eabi/lib/armv7-m\libm.a(lib_a-e_sqrt.o)
                0x000839c0                __ieee754_sqrt
 .text.fabs     0x00083b40        0x8 c:/users/ronmarti/appdata/local/arduino15/packages/arduino/tools/arm-none-eabi-gcc/4.8.3-2014q1/bin/../lib/gcc/arm-none-eabi/4.8.3/../../../../arm-none-eabi/lib/armv7-m\libm.a(lib_a-s_fabs.o)
                0x00083b40                fabs
 .text.finite   0x00083b48        0xc c:/users/ronmarti/appdata/local/arduino15/packages/arduino/tools/arm-none-eabi-gcc/4.8.3-2014q1/bin/../lib/gcc/arm-none-eabi/4.8.3/../../../../arm-none-eabi/lib/armv7-m\libm.a(lib_a-s_finite.o)
                0x00083b48                finite
 .text.matherr  0x00083b54        0x4 c:/users/ronmarti/appdata/local/arduino15/packages/arduino/tools/arm-none-eabi-gcc/4.8.3-2014q1/bin/../lib/gcc/arm-none-eabi/4.8.3/../../../../arm-none-eabi/lib/armv7-m\libm.a(lib_a-s_matherr.o)
                0x00083b54                matherr
 .text.nan      0x00083b58        0xc c:/users/ronmarti/appdata/local/arduino15/packages/arduino/tools/arm-none-eabi-gcc/4.8.3-2014q1/bin/../lib/gcc/arm-none-eabi/4.8.3/../../../../arm-none-eabi/lib/armv7-m\libm.a(lib_a-s_nan.o)
                0x00083b58                nan
 .text.rint     0x00083b64      0x118 c:/users/ronmarti/appdata/local/arduino15/packages/arduino/tools/arm-none-eabi-gcc/4.8.3-2014q1/bin/../lib/gcc/arm-none-eabi/4.8.3/../../../../arm-none-eabi/lib/armv7-m\libm.a(lib_a-s_rint.o)
                0x00083b64                rint
 *fill*         0x00083c7c        0x4 
 .text.scalbn   0x00083c80      0x100 c:/users/ronmarti/appdata/local/arduino15/packages/arduino/tools/arm-none-eabi-gcc/4.8.3-2014q1/bin/../lib/gcc/arm-none-eabi/4.8.3/../../../../arm-none-eabi/lib/armv7-m\libm.a(lib_a-s_scalbn.o)
                0x00083c80                scalbn
 .text.copysign
                0x00083d80       0x14 c:/users/ronmarti/appdata/local/arduino15/packages/arduino/tools/arm-none-eabi-gcc/4.8.3-2014q1/bin/../lib/gcc/arm-none-eabi/4.8.3/../../../../arm-none-eabi/lib/armv7-m\libm.a(lib_a-s_copysign.o)
                0x00083d80                copysign
 .text          0x00083d94      0x370 c:/users/ronmarti/appdata/local/arduino15/packages/arduino/tools/arm-none-eabi-gcc/4.8.3-2014q1/bin/../lib/gcc/arm-none-eabi/4.8.3/armv7-m\libgcc.a(_arm_addsubdf3.o)
                0x00083d94                __aeabi_drsub
                0x00083d9c                __aeabi_dsub
                0x00083d9c                __subdf3
                0x00083da0                __aeabi_dadd
                0x00083da0                __adddf3
                0x00084018                __floatunsidf
                0x00084018                __aeabi_ui2d
                0x00084038                __floatsidf
                0x00084038                __aeabi_i2d
                0x0008405c                __aeabi_f2d
                0x0008405c                __extendsfdf2
                0x00084098                __floatundidf
                0x00084098                __aeabi_ul2d
                0x000840a8                __floatdidf
                0x000840a8                __aeabi_l2d
 .text          0x00084104      0x424 c:/users/ronmarti/appdata/local/arduino15/packages/arduino/tools/arm-none-eabi-gcc/4.8.3-2014q1/bin/../lib/gcc/arm-none-eabi/4.8.3/armv7-m\libgcc.a(_arm_muldivdf3.o)
                0x00084104                __aeabi_dmul
                0x00084104                __muldf3
                0x00084358                __divdf3
                0x00084358                __aeabi_ddiv
 .text          0x00084528      0x110 c:/users/ronmarti/appdata/local/arduino15/packages/arduino/tools/arm-none-eabi-gcc/4.8.3-2014q1/bin/../lib/gcc/arm-none-eabi/4.8.3/armv7-m\libgcc.a(_arm_cmpdf2.o)
                0x00084528                __gtdf2
                0x00084528                __gedf2
                0x00084530                __ltdf2
                0x00084530                __ledf2
                0x00084538                __nedf2
                0x00084538                __eqdf2
                0x00084538                __cmpdf2
                0x000845b4                __aeabi_cdrcmple
                0x000845c4                __aeabi_cdcmpeq
                0x000845c4                __aeabi_cdcmple
                0x000845d4                __aeabi_dcmpeq
                0x000845e8                __aeabi_dcmplt
                0x000845fc                __aeabi_dcmple
                0x00084610                __aeabi_dcmpge
                0x00084624                __aeabi_dcmpgt
 .text          0x00084638       0x50 c:/users/ronmarti/appdata/local/arduino15/packages/arduino/tools/arm-none-eabi-gcc/4.8.3-2014q1/bin/../lib/gcc/arm-none-eabi/4.8.3/armv7-m\libgcc.a(_arm_fixdfsi.o)
                0x00084638                __aeabi_d2iz
                0x00084638                __fixdfsi
 .text          0x00084688       0x40 c:/users/ronmarti/appdata/local/arduino15/packages/arduino/tools/arm-none-eabi-gcc/4.8.3-2014q1/bin/../lib/gcc/arm-none-eabi/4.8.3/armv7-m\libgcc.a(_arm_fixunsdfsi.o)
                0x00084688                __aeabi_d2uiz
                0x00084688                __fixunsdfsi
 .text          0x000846c8       0xa0 c:/users/ronmarti/appdata/local/arduino15/packages/arduino/tools/arm-none-eabi-gcc/4.8.3-2014q1/bin/../lib/gcc/arm-none-eabi/4.8.3/armv7-m\libgcc.a(_arm_truncdfsf2.o)
                0x000846c8                __truncdfsf2
                0x000846c8                __aeabi_d2f
 .text          0x00084768      0x21c c:/users/ronmarti/appdata/local/arduino15/packages/arduino/tools/arm-none-eabi-gcc/4.8.3-2014q1/bin/../lib/gcc/arm-none-eabi/4.8.3/armv7-m\libgcc.a(_arm_addsubsf3.o)
                0x00084768                __aeabi_frsub
                0x00084770                __subsf3
                0x00084770                __aeabi_fsub
                0x00084774                __aeabi_fadd
                0x00084774                __addsf3
                0x000848d4                __aeabi_ui2f
                0x000848d4                __floatunsisf
                0x000848dc                __aeabi_i2f
                0x000848dc                __floatsisf
                0x000848f8                __aeabi_ul2f
                0x000848f8                __floatundisf
                0x00084908                __aeabi_l2f
                0x00084908                __floatdisf
 .text          0x00084984      0x2a0 c:/users/ronmarti/appdata/local/arduino15/packages/arduino/tools/arm-none-eabi-gcc/4.8.3-2014q1/bin/../lib/gcc/arm-none-eabi/4.8.3/armv7-m\libgcc.a(_arm_muldivsf3.o)
                0x00084984                __mulsf3
                0x00084984                __aeabi_fmul
                0x00084aec                __aeabi_fdiv
                0x00084aec                __divsf3
 .text.__assert_func
                0x00084c24       0x3c c:/users/ronmarti/appdata/local/arduino15/packages/arduino/tools/arm-none-eabi-gcc/4.8.3-2014q1/bin/../lib/gcc/arm-none-eabi/4.8.3/../../../../arm-none-eabi/lib/armv7-m\libg.a(lib_a-assert.o)
                0x00084c24                __assert_func
 .text.__errno  0x00084c60        0xc c:/users/ronmarti/appdata/local/arduino15/packages/arduino/tools/arm-none-eabi-gcc/4.8.3-2014q1/bin/../lib/gcc/arm-none-eabi/4.8.3/../../../../arm-none-eabi/lib/armv7-m\libg.a(lib_a-errno.o)
                0x00084c60                __errno
 .text.fiprintf
                0x00084c6c       0x28 c:/users/ronmarti/appdata/local/arduino15/packages/arduino/tools/arm-none-eabi-gcc/4.8.3-2014q1/bin/../lib/gcc/arm-none-eabi/4.8.3/../../../../arm-none-eabi/lib/armv7-m\libg.a(lib_a-fiprintf.o)
                0x00084c6c                fiprintf
 .text.__libc_init_array
                0x00084c94       0x50 c:/users/ronmarti/appdata/local/arduino15/packages/arduino/tools/arm-none-eabi-gcc/4.8.3-2014q1/bin/../lib/gcc/arm-none-eabi/4.8.3/../../../../arm-none-eabi/lib/armv7-m\libg.a(lib_a-init.o)
                0x00084c94                __libc_init_array
 .text.iprintf  0x00084ce4       0x28 c:/users/ronmarti/appdata/local/arduino15/packages/arduino/tools/arm-none-eabi-gcc/4.8.3-2014q1/bin/../lib/gcc/arm-none-eabi/4.8.3/../../../../arm-none-eabi/lib/armv7-m\libg.a(lib_a-iprintf.o)
                0x00084ce4                iprintf
 .text.memset   0x00084d0c       0x94 c:/users/ronmarti/appdata/local/arduino15/packages/arduino/tools/arm-none-eabi-gcc/4.8.3-2014q1/bin/../lib/gcc/arm-none-eabi/4.8.3/../../../../arm-none-eabi/lib/armv7-m\libg.a(lib_a-memset.o)
                0x00084d0c                memset
 .text.strlen   0x00084da0       0x60 c:/users/ronmarti/appdata/local/arduino15/packages/arduino/tools/arm-none-eabi-gcc/4.8.3-2014q1/bin/../lib/gcc/arm-none-eabi/4.8.3/../../../../arm-none-eabi/lib/armv7-m\libg.a(lib_a-strlen.o)
                0x00084da0                strlen
 .text.__sprint_r.part.0
                0x00084e00       0x78 c:/users/ronmarti/appdata/local/arduino15/packages/arduino/tools/arm-none-eabi-gcc/4.8.3-2014q1/bin/../lib/gcc/arm-none-eabi/4.8.3/../../../../arm-none-eabi/lib/armv7-m\libg.a(lib_a-vfiprintf.o)
 .text._vfiprintf_r
                0x00084e78      0xc54 c:/users/ronmarti/appdata/local/arduino15/packages/arduino/tools/arm-none-eabi-gcc/4.8.3-2014q1/bin/../lib/gcc/arm-none-eabi/4.8.3/../../../../arm-none-eabi/lib/armv7-m\libg.a(lib_a-vfiprintf.o)
                0x00084e78                _vfiprintf_r
 .text.__sbprintf
                0x00085acc       0x7c c:/users/ronmarti/appdata/local/arduino15/packages/arduino/tools/arm-none-eabi-gcc/4.8.3-2014q1/bin/../lib/gcc/arm-none-eabi/4.8.3/../../../../arm-none-eabi/lib/armv7-m\libg.a(lib_a-vfiprintf.o)
 .text.__swsetup_r
                0x00085b48       0xc4 c:/users/ronmarti/appdata/local/arduino15/packages/arduino/tools/arm-none-eabi-gcc/4.8.3-2014q1/bin/../lib/gcc/arm-none-eabi/4.8.3/../../../../arm-none-eabi/lib/armv7-m\libg.a(lib_a-wsetup.o)
                0x00085b48                __swsetup_r
 .text.startup.register_fini
                0x00085c0c       0x14 c:/users/ronmarti/appdata/local/arduino15/packages/arduino/tools/arm-none-eabi-gcc/4.8.3-2014q1/bin/../lib/gcc/arm-none-eabi/4.8.3/../../../../arm-none-eabi/lib/armv7-m\libg.a(lib_a-__call_atexit.o)
 .text.abort    0x00085c20       0x10 c:/users/ronmarti/appdata/local/arduino15/packages/arduino/tools/arm-none-eabi-gcc/4.8.3-2014q1/bin/../lib/gcc/arm-none-eabi/4.8.3/../../../../arm-none-eabi/lib/armv7-m\libg.a(lib_a-abort.o)
                0x00085c20                abort
 .text.atexit   0x00085c30        0xc c:/users/ronmarti/appdata/local/arduino15/packages/arduino/tools/arm-none-eabi-gcc/4.8.3-2014q1/bin/../lib/gcc/arm-none-eabi/4.8.3/../../../../arm-none-eabi/lib/armv7-m\libg.a(lib_a-atexit.o)
                0x00085c30                atexit
 .text.__sflush_r
                0x00085c3c      0x148 c:/users/ronmarti/appdata/local/arduino15/packages/arduino/tools/arm-none-eabi-gcc/4.8.3-2014q1/bin/../lib/gcc/arm-none-eabi/4.8.3/../../../../arm-none-eabi/lib/armv7-m\libg.a(lib_a-fflush.o)
                0x00085c3c                __sflush_r
 .text._fflush_r
                0x00085d84       0x2c c:/users/ronmarti/appdata/local/arduino15/packages/arduino/tools/arm-none-eabi-gcc/4.8.3-2014q1/bin/../lib/gcc/arm-none-eabi/4.8.3/../../../../arm-none-eabi/lib/armv7-m\libg.a(lib_a-fflush.o)
                0x00085d84                _fflush_r
 .text._cleanup_r
                0x00085db0        0xc c:/users/ronmarti/appdata/local/arduino15/packages/arduino/tools/arm-none-eabi-gcc/4.8.3-2014q1/bin/../lib/gcc/arm-none-eabi/4.8.3/../../../../arm-none-eabi/lib/armv7-m\libg.a(lib_a-findfp.o)
                0x00085db0                _cleanup_r
 .text.__sinit  0x00085dbc       0xf4 c:/users/ronmarti/appdata/local/arduino15/packages/arduino/tools/arm-none-eabi-gcc/4.8.3-2014q1/bin/../lib/gcc/arm-none-eabi/4.8.3/../../../../arm-none-eabi/lib/armv7-m\libg.a(lib_a-findfp.o)
                0x00085dbc                __sinit
 .text.__sfp_lock_acquire
                0x00085eb0        0x4 c:/users/ronmarti/appdata/local/arduino15/packages/arduino/tools/arm-none-eabi-gcc/4.8.3-2014q1/bin/../lib/gcc/arm-none-eabi/4.8.3/../../../../arm-none-eabi/lib/armv7-m\libg.a(lib_a-findfp.o)
                0x00085eb0                __sfp_lock_acquire
 .text.__sfp_lock_release
                0x00085eb4        0x4 c:/users/ronmarti/appdata/local/arduino15/packages/arduino/tools/arm-none-eabi-gcc/4.8.3-2014q1/bin/../lib/gcc/arm-none-eabi/4.8.3/../../../../arm-none-eabi/lib/armv7-m\libg.a(lib_a-findfp.o)
                0x00085eb4                __sfp_lock_release
 .text.__libc_fini_array
                0x00085eb8       0x30 c:/users/ronmarti/appdata/local/arduino15/packages/arduino/tools/arm-none-eabi-gcc/4.8.3-2014q1/bin/../lib/gcc/arm-none-eabi/4.8.3/../../../../arm-none-eabi/lib/armv7-m\libg.a(lib_a-fini.o)
                0x00085eb8                __libc_fini_array
 .text._fputwc_r
                0x00085ee8       0xc0 c:/users/ronmarti/appdata/local/arduino15/packages/arduino/tools/arm-none-eabi-gcc/4.8.3-2014q1/bin/../lib/gcc/arm-none-eabi/4.8.3/../../../../arm-none-eabi/lib/armv7-m\libg.a(lib_a-fputwc.o)
                0x00085ee8                _fputwc_r
 .text._malloc_trim_r
                0x00085fa8       0x9c c:/users/ronmarti/appdata/local/arduino15/packages/arduino/tools/arm-none-eabi-gcc/4.8.3-2014q1/bin/../lib/gcc/arm-none-eabi/4.8.3/../../../../arm-none-eabi/lib/armv7-m\libg.a(lib_a-freer.o)
                0x00085fa8                _malloc_trim_r
 .text._free_r  0x00086044      0x198 c:/users/ronmarti/appdata/local/arduino15/packages/arduino/tools/arm-none-eabi-gcc/4.8.3-2014q1/bin/../lib/gcc/arm-none-eabi/4.8.3/../../../../arm-none-eabi/lib/armv7-m\libg.a(lib_a-freer.o)
                0x00086044                _free_r
 .text.__sfvwrite_r
                0x000861dc      0x314 c:/users/ronmarti/appdata/local/arduino15/packages/arduino/tools/arm-none-eabi-gcc/4.8.3-2014q1/bin/../lib/gcc/arm-none-eabi/4.8.3/../../../../arm-none-eabi/lib/armv7-m\libg.a(lib_a-fvwrite.o)
                0x000861dc                __sfvwrite_r
 .text._fwalk   0x000864f0       0x48 c:/users/ronmarti/appdata/local/arduino15/packages/arduino/tools/arm-none-eabi-gcc/4.8.3-2014q1/bin/../lib/gcc/arm-none-eabi/4.8.3/../../../../arm-none-eabi/lib/armv7-m\libg.a(lib_a-fwalk.o)
                0x000864f0                _fwalk
 .text.__locale_charset
                0x00086538        0x8 c:/users/ronmarti/appdata/local/arduino15/packages/arduino/tools/arm-none-eabi-gcc/4.8.3-2014q1/bin/../lib/gcc/arm-none-eabi/4.8.3/../../../../arm-none-eabi/lib/armv7-m\libg.a(lib_a-locale.o)
                0x00086538                __locale_charset
 .text.__locale_mb_cur_max
                0x00086540        0xc c:/users/ronmarti/appdata/local/arduino15/packages/arduino/tools/arm-none-eabi-gcc/4.8.3-2014q1/bin/../lib/gcc/arm-none-eabi/4.8.3/../../../../arm-none-eabi/lib/armv7-m\libg.a(lib_a-locale.o)
                0x00086540                __locale_mb_cur_max
 .text.__smakebuf_r
                0x0008654c       0xe0 c:/users/ronmarti/appdata/local/arduino15/packages/arduino/tools/arm-none-eabi-gcc/4.8.3-2014q1/bin/../lib/gcc/arm-none-eabi/4.8.3/../../../../arm-none-eabi/lib/armv7-m\libg.a(lib_a-makebuf.o)
                0x0008654c                __smakebuf_r
 .text._malloc_r
                0x0008662c      0x538 c:/users/ronmarti/appdata/local/arduino15/packages/arduino/tools/arm-none-eabi-gcc/4.8.3-2014q1/bin/../lib/gcc/arm-none-eabi/4.8.3/../../../../arm-none-eabi/lib/armv7-m\libg.a(lib_a-mallocr.o)
                0x0008662c                _malloc_r
 .text.memchr   0x00086b64       0x94 c:/users/ronmarti/appdata/local/arduino15/packages/arduino/tools/arm-none-eabi-gcc/4.8.3-2014q1/bin/../lib/gcc/arm-none-eabi/4.8.3/../../../../arm-none-eabi/lib/armv7-m\libg.a(lib_a-memchr-stub.o)
                0x00086b64                memchr
 .text          0x00086bf8       0xec c:/users/ronmarti/appdata/local/arduino15/packages/arduino/tools/arm-none-eabi-gcc/4.8.3-2014q1/bin/../lib/gcc/arm-none-eabi/4.8.3/../../../../arm-none-eabi/lib/armv7-m\libg.a(lib_a-memcpy.o)
                0x00086bf8                memcpy
 .text.memmove  0x00086ce4       0xcc c:/users/ronmarti/appdata/local/arduino15/packages/arduino/tools/arm-none-eabi-gcc/4.8.3-2014q1/bin/../lib/gcc/arm-none-eabi/4.8.3/../../../../arm-none-eabi/lib/armv7-m\libg.a(lib_a-memmove.o)
                0x00086ce4                memmove
 .text.__malloc_lock
                0x00086db0        0x4 c:/users/ronmarti/appdata/local/arduino15/packages/arduino/tools/arm-none-eabi-gcc/4.8.3-2014q1/bin/../lib/gcc/arm-none-eabi/4.8.3/../../../../arm-none-eabi/lib/armv7-m\libg.a(lib_a-mlock.o)
                0x00086db0                __malloc_lock
 .text.__malloc_unlock
                0x00086db4        0x4 c:/users/ronmarti/appdata/local/arduino15/packages/arduino/tools/arm-none-eabi-gcc/4.8.3-2014q1/bin/../lib/gcc/arm-none-eabi/4.8.3/../../../../arm-none-eabi/lib/armv7-m\libg.a(lib_a-mlock.o)
                0x00086db4                __malloc_unlock
 .text._realloc_r
                0x00086db8      0x3c0 c:/users/ronmarti/appdata/local/arduino15/packages/arduino/tools/arm-none-eabi-gcc/4.8.3-2014q1/bin/../lib/gcc/arm-none-eabi/4.8.3/../../../../arm-none-eabi/lib/armv7-m\libg.a(lib_a-reallocr.o)
                0x00086db8                _realloc_r
 .text._sbrk_r  0x00087178       0x24 c:/users/ronmarti/appdata/local/arduino15/packages/arduino/tools/arm-none-eabi-gcc/4.8.3-2014q1/bin/../lib/gcc/arm-none-eabi/4.8.3/../../../../arm-none-eabi/lib/armv7-m\libg.a(lib_a-sbrkr.o)
                0x00087178                _sbrk_r
 .text._raise_r
                0x0008719c       0x58 c:/users/ronmarti/appdata/local/arduino15/packages/arduino/tools/arm-none-eabi-gcc/4.8.3-2014q1/bin/../lib/gcc/arm-none-eabi/4.8.3/../../../../arm-none-eabi/lib/armv7-m\libg.a(lib_a-signal.o)
                0x0008719c                _raise_r
 .text.raise    0x000871f4       0x10 c:/users/ronmarti/appdata/local/arduino15/packages/arduino/tools/arm-none-eabi-gcc/4.8.3-2014q1/bin/../lib/gcc/arm-none-eabi/4.8.3/../../../../arm-none-eabi/lib/armv7-m\libg.a(lib_a-signal.o)
                0x000871f4                raise
 .text._kill_r  0x00087204       0x28 c:/users/ronmarti/appdata/local/arduino15/packages/arduino/tools/arm-none-eabi-gcc/4.8.3-2014q1/bin/../lib/gcc/arm-none-eabi/4.8.3/../../../../arm-none-eabi/lib/armv7-m\libg.a(lib_a-signalr.o)
                0x00087204                _kill_r
 .text._getpid_r
                0x0008722c        0x4 c:/users/ronmarti/appdata/local/arduino15/packages/arduino/tools/arm-none-eabi-gcc/4.8.3-2014q1/bin/../lib/gcc/arm-none-eabi/4.8.3/../../../../arm-none-eabi/lib/armv7-m\libg.a(lib_a-signalr.o)
                0x0008722c                _getpid_r
 .text.__sread  0x00087230       0x24 c:/users/ronmarti/appdata/local/arduino15/packages/arduino/tools/arm-none-eabi-gcc/4.8.3-2014q1/bin/../lib/gcc/arm-none-eabi/4.8.3/../../../../arm-none-eabi/lib/armv7-m\libg.a(lib_a-stdio.o)
                0x00087230                __sread
 .text.__swrite
                0x00087254       0x38 c:/users/ronmarti/appdata/local/arduino15/packages/arduino/tools/arm-none-eabi-gcc/4.8.3-2014q1/bin/../lib/gcc/arm-none-eabi/4.8.3/../../../../arm-none-eabi/lib/armv7-m\libg.a(lib_a-stdio.o)
                0x00087254                __swrite
 .text.__sseek  0x0008728c       0x20 c:/users/ronmarti/appdata/local/arduino15/packages/arduino/tools/arm-none-eabi-gcc/4.8.3-2014q1/bin/../lib/gcc/arm-none-eabi/4.8.3/../../../../arm-none-eabi/lib/armv7-m\libg.a(lib_a-stdio.o)
                0x0008728c                __sseek
 .text.__sclose
                0x000872ac        0x8 c:/users/ronmarti/appdata/local/arduino15/packages/arduino/tools/arm-none-eabi-gcc/4.8.3-2014q1/bin/../lib/gcc/arm-none-eabi/4.8.3/../../../../arm-none-eabi/lib/armv7-m\libg.a(lib_a-stdio.o)
                0x000872ac                __sclose
 .text.__swbuf_r
                0x000872b4       0xa8 c:/users/ronmarti/appdata/local/arduino15/packages/arduino/tools/arm-none-eabi-gcc/4.8.3-2014q1/bin/../lib/gcc/arm-none-eabi/4.8.3/../../../../arm-none-eabi/lib/armv7-m\libg.a(lib_a-wbuf.o)
                0x000872b4                __swbuf_r
 .text._wcrtomb_r
                0x0008735c       0x50 c:/users/ronmarti/appdata/local/arduino15/packages/arduino/tools/arm-none-eabi-gcc/4.8.3-2014q1/bin/../lib/gcc/arm-none-eabi/4.8.3/../../../../arm-none-eabi/lib/armv7-m\libg.a(lib_a-wcrtomb.o)
                0x0008735c                _wcrtomb_r
 .text.__ascii_wctomb
                0x000873ac       0x1c c:/users/ronmarti/appdata/local/arduino15/packages/arduino/tools/arm-none-eabi-gcc/4.8.3-2014q1/bin/../lib/gcc/arm-none-eabi/4.8.3/../../../../arm-none-eabi/lib/armv7-m\libg.a(lib_a-wctomb_r.o)
                0x000873ac                __ascii_wctomb
 .text._write_r
                0x000873c8       0x28 c:/users/ronmarti/appdata/local/arduino15/packages/arduino/tools/arm-none-eabi-gcc/4.8.3-2014q1/bin/../lib/gcc/arm-none-eabi/4.8.3/../../../../arm-none-eabi/lib/armv7-m\libg.a(lib_a-writer.o)
                0x000873c8                _write_r
 .text.__register_exitproc
                0x000873f0       0xa8 c:/users/ronmarti/appdata/local/arduino15/packages/arduino/tools/arm-none-eabi-gcc/4.8.3-2014q1/bin/../lib/gcc/arm-none-eabi/4.8.3/../../../../arm-none-eabi/lib/armv7-m\libg.a(lib_a-__atexit.o)
                0x000873f0                __register_exitproc
 .text._close_r
                0x00087498       0x24 c:/users/ronmarti/appdata/local/arduino15/packages/arduino/tools/arm-none-eabi-gcc/4.8.3-2014q1/bin/../lib/gcc/arm-none-eabi/4.8.3/../../../../arm-none-eabi/lib/armv7-m\libg.a(lib_a-closer.o)
                0x00087498                _close_r
 .text._fclose_r
                0x000874bc       0x80 c:/users/ronmarti/appdata/local/arduino15/packages/arduino/tools/arm-none-eabi-gcc/4.8.3-2014q1/bin/../lib/gcc/arm-none-eabi/4.8.3/../../../../arm-none-eabi/lib/armv7-m\libg.a(lib_a-fclose.o)
                0x000874bc                _fclose_r
 .text.fclose   0x0008753c       0x10 c:/users/ronmarti/appdata/local/arduino15/packages/arduino/tools/arm-none-eabi-gcc/4.8.3-2014q1/bin/../lib/gcc/arm-none-eabi/4.8.3/../../../../arm-none-eabi/lib/armv7-m\libg.a(lib_a-fclose.o)
                0x0008753c                fclose
 .text._fstat_r
                0x0008754c       0x28 c:/users/ronmarti/appdata/local/arduino15/packages/arduino/tools/arm-none-eabi-gcc/4.8.3-2014q1/bin/../lib/gcc/arm-none-eabi/4.8.3/../../../../arm-none-eabi/lib/armv7-m\libg.a(lib_a-fstatr.o)
                0x0008754c                _fstat_r
 .text._isatty_r
                0x00087574       0x24 c:/users/ronmarti/appdata/local/arduino15/packages/arduino/tools/arm-none-eabi-gcc/4.8.3-2014q1/bin/../lib/gcc/arm-none-eabi/4.8.3/../../../../arm-none-eabi/lib/armv7-m\libg.a(lib_a-isattyr.o)
                0x00087574                _isatty_r
 .text._lseek_r
                0x00087598       0x28 c:/users/ronmarti/appdata/local/arduino15/packages/arduino/tools/arm-none-eabi-gcc/4.8.3-2014q1/bin/../lib/gcc/arm-none-eabi/4.8.3/../../../../arm-none-eabi/lib/armv7-m\libg.a(lib_a-lseekr.o)
                0x00087598                _lseek_r
 .text._read_r  0x000875c0       0x28 c:/users/ronmarti/appdata/local/arduino15/packages/arduino/tools/arm-none-eabi-gcc/4.8.3-2014q1/bin/../lib/gcc/arm-none-eabi/4.8.3/../../../../arm-none-eabi/lib/armv7-m\libg.a(lib_a-readr.o)
                0x000875c0                _read_r
 .text          0x000875e8       0x2c c:/users/ronmarti/appdata/local/arduino15/packages/arduino/tools/arm-none-eabi-gcc/4.8.3-2014q1/bin/../lib/gcc/arm-none-eabi/4.8.3/armv7-m\libgcc.a(_aeabi_uldivmod.o)
                0x000875e8                __aeabi_uldivmod
 .text          0x00087614       0x60 c:/users/ronmarti/appdata/local/arduino15/packages/arduino/tools/arm-none-eabi-gcc/4.8.3-2014q1/bin/../lib/gcc/arm-none-eabi/4.8.3/armv7-m\libgcc.a(bpabi.o)
                0x00087614                __gnu_ldivmod_helper
                0x00087644                __gnu_uldivmod_helper
 .text          0x00087674        0x4 c:/users/ronmarti/appdata/local/arduino15/packages/arduino/tools/arm-none-eabi-gcc/4.8.3-2014q1/bin/../lib/gcc/arm-none-eabi/4.8.3/armv7-m\libgcc.a(_dvmd_tls.o)
                0x00087674                __aeabi_idiv0
                0x00087674                __aeabi_ldiv0
 .text          0x00087678      0x2a0 c:/users/ronmarti/appdata/local/arduino15/packages/arduino/tools/arm-none-eabi-gcc/4.8.3-2014q1/bin/../lib/gcc/arm-none-eabi/4.8.3/armv7-m\libgcc.a(_divdi3.o)
                0x00087678                __divdi3
 .text          0x00087918      0x290 c:/users/ronmarti/appdata/local/arduino15/packages/arduino/tools/arm-none-eabi-gcc/4.8.3-2014q1/bin/../lib/gcc/arm-none-eabi/4.8.3/armv7-m\libgcc.a(_udivdi3.o)
                0x00087918                __udivdi3
 *(.glue_7t)
 .glue_7t       0x00000000        0x0 linker stubs
 *(.glue_7)
 .glue_7        0x00000000        0x0 linker stubs
 *(.rodata .rodata* .gnu.linkonce.r.*)
 .rodata.str1.1
                0x00087ba8       0x19 C:\Users\ronmarti\AppData\Local\Temp\VMBuilds\TemperatureLogger\arduino_due_x_dbg\Debug/core/syscalls_sam3.c.o
 .rodata.str1.1
                0x00087bc1       0xaf C:\Users\ronmarti\AppData\Local\Temp\VMBuilds\TemperatureLogger\arduino_due_x_dbg\Debug\TemperatureLogger.cpp.o
 .rodata._ZTV7TwoWire
                0x00087c70       0x20 C:\Users\ronmarti\AppData\Local\Temp\VMBuilds\TemperatureLogger\arduino_due_x_dbg\Debug\Wire\Wire.cpp.o
                0x00087c70                vtable for TwoWire
 .rodata.str1.1
                0x00087c90       0x6a C:\Users\ronmarti\AppData\Local\Temp\VMBuilds\TemperatureLogger\arduino_due_x_dbg\Debug\VM_DBG\VM_DBG.cpp.o
                                 0x6c (size before relaxing)
 *fill*         0x00087cfa        0x2 
 .rodata.g_APinDescription
                0x00087cfc      0xa2c C:\Users\ronmarti\AppData\Local\Temp\VMBuilds\TemperatureLogger\arduino_due_x_dbg\Debug\variant\variant.cpp.o
                0x00087cfc                g_APinDescription
 .rodata.__func__.7227
                0x00088728        0xe C:\Users\ronmarti\AppData\Local\arduino15\packages\arduino\hardware\sam\1.6.7\variants\arduino_due_x/libsam_sam3x8e_gcc_rel.a(twi.o)
 .rodata.__func__.7157
                0x00088736        0xd C:\Users\ronmarti\AppData\Local\arduino15\packages\arduino\hardware\sam\1.6.7\variants\arduino_due_x/libsam_sam3x8e_gcc_rel.a(twi.o)
 .rodata.__func__.7208
                0x00088743        0xf C:\Users\ronmarti\AppData\Local\arduino15\packages\arduino\hardware\sam\1.6.7\variants\arduino_due_x/libsam_sam3x8e_gcc_rel.a(twi.o)
 .rodata.__func__.7176
                0x00088752        0xc C:\Users\ronmarti\AppData\Local\arduino15\packages\arduino\hardware\sam\1.6.7\variants\arduino_due_x/libsam_sam3x8e_gcc_rel.a(twi.o)
 .rodata.str1.1
                0x0008875e       0xb4 C:\Users\ronmarti\AppData\Local\arduino15\packages\arduino\hardware\sam\1.6.7\variants\arduino_due_x/libsam_sam3x8e_gcc_rel.a(twi.o)
 .rodata.__func__.7184
                0x00088812        0x9 C:\Users\ronmarti\AppData\Local\arduino15\packages\arduino\hardware\sam\1.6.7\variants\arduino_due_x/libsam_sam3x8e_gcc_rel.a(twi.o)
 .rodata.__func__.7240
                0x0008881b       0x16 C:\Users\ronmarti\AppData\Local\arduino15\packages\arduino\hardware\sam\1.6.7\variants\arduino_due_x/libsam_sam3x8e_gcc_rel.a(twi.o)
 .rodata.__func__.7191
                0x00088831        0xe C:\Users\ronmarti\AppData\Local\arduino15\packages\arduino\hardware\sam\1.6.7\variants\arduino_due_x/libsam_sam3x8e_gcc_rel.a(twi.o)
 .rodata.__func__.7231
                0x0008883f        0xe C:\Users\ronmarti\AppData\Local\arduino15\packages\arduino\hardware\sam\1.6.7\variants\arduino_due_x/libsam_sam3x8e_gcc_rel.a(twi.o)
 .rodata.__func__.7195
                0x0008884d        0xd C:\Users\ronmarti\AppData\Local\arduino15\packages\arduino\hardware\sam\1.6.7\variants\arduino_due_x/libsam_sam3x8e_gcc_rel.a(twi.o)
 .rodata.__func__.7222
                0x0008885a        0xd C:\Users\ronmarti\AppData\Local\arduino15\packages\arduino\hardware\sam\1.6.7\variants\arduino_due_x/libsam_sam3x8e_gcc_rel.a(twi.o)
 .rodata.__func__.7200
                0x00088867        0xe C:\Users\ronmarti\AppData\Local\arduino15\packages\arduino\hardware\sam\1.6.7\variants\arduino_due_x/libsam_sam3x8e_gcc_rel.a(twi.o)
 .rodata.__func__.7151
                0x00088875       0x14 C:\Users\ronmarti\AppData\Local\arduino15\packages\arduino\hardware\sam\1.6.7\variants\arduino_due_x/libsam_sam3x8e_gcc_rel.a(twi.o)
 *fill*         0x00088889        0x3 
 .rodata        0x0008888c       0x40 C:\Users\ronmarti\AppData\Local\arduino15\packages\arduino\hardware\sam\1.6.7\variants\arduino_due_x/libsam_sam3x8e_gcc_rel.a(adc.o)
 .rodata.str1.1
                0x000888cc        0xc C:\Users\ronmarti\AppData\Local\Temp\VMBuilds\TemperatureLogger\arduino_due_x_dbg\Debug/core.a(Print.cpp.o)
                                 0x11 (size before relaxing)
 .rodata._ZTV9UARTClass
                0x000888d8       0x30 C:\Users\ronmarti\AppData\Local\Temp\VMBuilds\TemperatureLogger\arduino_due_x_dbg\Debug/core.a(UARTClass.cpp.o)
                0x000888d8                vtable for UARTClass
 .rodata._ZTV10USARTClass
                0x00088908       0x30 C:\Users\ronmarti\AppData\Local\Temp\VMBuilds\TemperatureLogger\arduino_due_x_dbg\Debug/core.a(USARTClass.cpp.o)
                0x00088908                vtable for USARTClass
 .rodata.STRING_PRODUCT
                0x00088938        0xc C:\Users\ronmarti\AppData\Local\Temp\VMBuilds\TemperatureLogger\arduino_due_x_dbg\Debug/core.a(USBCore.cpp.o)
                0x00088938                STRING_PRODUCT
 .rodata.USB_DeviceDescriptor
                0x00088944       0x12 C:\Users\ronmarti\AppData\Local\Temp\VMBuilds\TemperatureLogger\arduino_due_x_dbg\Debug/core.a(USBCore.cpp.o)
                0x00088944                USB_DeviceDescriptor
 .rodata.STRING_LANGUAGE
                0x00088956        0x4 C:\Users\ronmarti\AppData\Local\Temp\VMBuilds\TemperatureLogger\arduino_due_x_dbg\Debug/core.a(USBCore.cpp.o)
                0x00088956                STRING_LANGUAGE
 .rodata._ZL18test_packet_buffer
                0x0008895a       0x35 C:\Users\ronmarti\AppData\Local\Temp\VMBuilds\TemperatureLogger\arduino_due_x_dbg\Debug/core.a(USBCore.cpp.o)
 .rodata.STRING_MANUFACTURER
                0x0008898f        0xc C:\Users\ronmarti\AppData\Local\Temp\VMBuilds\TemperatureLogger\arduino_due_x_dbg\Debug/core.a(USBCore.cpp.o)
                0x0008898f                STRING_MANUFACTURER
 .rodata.USB_DeviceDescriptorA
                0x0008899b       0x12 C:\Users\ronmarti\AppData\Local\Temp\VMBuilds\TemperatureLogger\arduino_due_x_dbg\Debug/core.a(USBCore.cpp.o)
                0x0008899b                USB_DeviceDescriptorA
 .rodata._ZL19USB_DeviceQualifier
                0x000889ad        0x9 C:\Users\ronmarti\AppData\Local\Temp\VMBuilds\TemperatureLogger\arduino_due_x_dbg\Debug/core.a(USBCore.cpp.o)
 *fill*         0x000889b6        0x2 
 .rodata._ZTV7Serial_
                0x000889b8       0x28 C:\Users\ronmarti\AppData\Local\Temp\VMBuilds\TemperatureLogger\arduino_due_x_dbg\Debug/core.a(CDC.cpp.o)
                0x000889b8                vtable for Serial_
 .rodata._ZL18_cdcOtherInterface
                0x000889e0       0x42 C:\Users\ronmarti\AppData\Local\Temp\VMBuilds\TemperatureLogger\arduino_due_x_dbg\Debug/core.a(CDC.cpp.o)
 .rodata._ZL13_cdcInterface
                0x00088a22       0x42 C:\Users\ronmarti\AppData\Local\Temp\VMBuilds\TemperatureLogger\arduino_due_x_dbg\Debug/core.a(CDC.cpp.o)
 .rodata.str1.4
                0x00088a64        0x4 c:/users/ronmarti/appdata/local/arduino15/packages/arduino/tools/arm-none-eabi-gcc/4.8.3-2014q1/bin/../lib/gcc/arm-none-eabi/4.8.3/../../../../arm-none-eabi/lib/armv7-m\libm.a(lib_a-w_pow.o)
 .rodata.dp_h   0x00088a68       0x10 c:/users/ronmarti/appdata/local/arduino15/packages/arduino/tools/arm-none-eabi-gcc/4.8.3-2014q1/bin/../lib/gcc/arm-none-eabi/4.8.3/../../../../arm-none-eabi/lib/armv7-m\libm.a(lib_a-e_pow.o)
 .rodata.dp_l   0x00088a78       0x10 c:/users/ronmarti/appdata/local/arduino15/packages/arduino/tools/arm-none-eabi-gcc/4.8.3-2014q1/bin/../lib/gcc/arm-none-eabi/4.8.3/../../../../arm-none-eabi/lib/armv7-m\libm.a(lib_a-e_pow.o)
 .rodata.bp     0x00088a88       0x10 c:/users/ronmarti/appdata/local/arduino15/packages/arduino/tools/arm-none-eabi-gcc/4.8.3-2014q1/bin/../lib/gcc/arm-none-eabi/4.8.3/../../../../arm-none-eabi/lib/armv7-m\libm.a(lib_a-e_pow.o)
 .rodata.str1.4
                0x00000000        0x4 c:/users/ronmarti/appdata/local/arduino15/packages/arduino/tools/arm-none-eabi-gcc/4.8.3-2014q1/bin/../lib/gcc/arm-none-eabi/4.8.3/../../../../arm-none-eabi/lib/armv7-m\libm.a(lib_a-e_pow.o)
 .rodata.TWO52  0x00088a98       0x10 c:/users/ronmarti/appdata/local/arduino15/packages/arduino/tools/arm-none-eabi-gcc/4.8.3-2014q1/bin/../lib/gcc/arm-none-eabi/4.8.3/../../../../arm-none-eabi/lib/armv7-m\libm.a(lib_a-s_rint.o)
 .rodata.str1.4
                0x00088aa8       0x3f c:/users/ronmarti/appdata/local/arduino15/packages/arduino/tools/arm-none-eabi-gcc/4.8.3-2014q1/bin/../lib/gcc/arm-none-eabi/4.8.3/../../../../arm-none-eabi/lib/armv7-m\libg.a(lib_a-assert.o)
                                 0x44 (size before relaxing)
 *fill*         0x00088ae7        0x1 
 .rodata.str1.4
                0x00088ae8        0x2 c:/users/ronmarti/appdata/local/arduino15/packages/arduino/tools/arm-none-eabi-gcc/4.8.3-2014q1/bin/../lib/gcc/arm-none-eabi/4.8.3/../../../../arm-none-eabi/lib/armv7-m\libg.a(lib_a-impure.o)
                                  0x4 (size before relaxing)
 *fill*         0x00088aea        0x2 
 .rodata._global_impure_ptr
                0x00088aec        0x4 c:/users/ronmarti/appdata/local/arduino15/packages/arduino/tools/arm-none-eabi-gcc/4.8.3-2014q1/bin/../lib/gcc/arm-none-eabi/4.8.3/../../../../arm-none-eabi/lib/armv7-m\libg.a(lib_a-impure.o)
                0x00088aec                _global_impure_ptr
 .rodata.blanks.6717
                0x00088af0       0x10 c:/users/ronmarti/appdata/local/arduino15/packages/arduino/tools/arm-none-eabi-gcc/4.8.3-2014q1/bin/../lib/gcc/arm-none-eabi/4.8.3/../../../../arm-none-eabi/lib/armv7-m\libg.a(lib_a-vfiprintf.o)
 .rodata.str1.4
                0x00088b00       0x30 c:/users/ronmarti/appdata/local/arduino15/packages/arduino/tools/arm-none-eabi-gcc/4.8.3-2014q1/bin/../lib/gcc/arm-none-eabi/4.8.3/../../../../arm-none-eabi/lib/armv7-m\libg.a(lib_a-vfiprintf.o)
 .rodata.zeroes.6718
                0x00088b30       0x10 c:/users/ronmarti/appdata/local/arduino15/packages/arduino/tools/arm-none-eabi-gcc/4.8.3-2014q1/bin/../lib/gcc/arm-none-eabi/4.8.3/../../../../arm-none-eabi/lib/armv7-m\libg.a(lib_a-vfiprintf.o)
 *(.ARM.extab* .gnu.linkonce.armextab.*)
                0x00088b40                . = ALIGN (0x4)
 *(.init)
 .init          0x00088b40        0x4 c:/users/ronmarti/appdata/local/arduino15/packages/arduino/tools/arm-none-eabi-gcc/4.8.3-2014q1/bin/../lib/gcc/arm-none-eabi/4.8.3/armv7-m/crti.o
                0x00088b40                _init
 .init          0x00088b44        0x8 c:/users/ronmarti/appdata/local/arduino15/packages/arduino/tools/arm-none-eabi-gcc/4.8.3-2014q1/bin/../lib/gcc/arm-none-eabi/4.8.3/armv7-m/crtn.o
                0x00088b4c                . = ALIGN (0x4)
                0x00088b4c                __preinit_array_start = .
 *(.preinit_array)