Archive member included because of file (symbol)

C:\Users\ronmarti\AppData\Local\arduino15\packages\arduino\hardware\sam\1.6.7\variants\arduino_due_x/libsam_sam3x8e_gcc_rel.a(pio.o)
                              C:\Users\ronmarti\AppData\Local\Temp\VMBuilds\TemperatureLogger\arduino_due_x_dbg\Debug\Wire\Wire.cpp.o (PIO_Configure)
C:\Users\ronmarti\AppData\Local\arduino15\packages\arduino\hardware\sam\1.6.7\variants\arduino_due_x/libsam_sam3x8e_gcc_rel.a(pmc.o)
                              C:\Users\ronmarti\AppData\Local\Temp\VMBuilds\TemperatureLogger\arduino_due_x_dbg\Debug\Wire\Wire.cpp.o (pmc_enable_periph_clk)
C:\Users\ronmarti\AppData\Local\arduino15\packages\arduino\hardware\sam\1.6.7\variants\arduino_due_x/libsam_sam3x8e_gcc_rel.a(spi.o)
                              C:\Users\ronmarti\AppData\Local\Temp\VMBuilds\TemperatureLogger\arduino_due_x_dbg\Debug\SPI\SPI.cpp.o (SPI_Enable)
C:\Users\ronmarti\AppData\Local\arduino15\packages\arduino\hardware\sam\1.6.7\variants\arduino_due_x/libsam_sam3x8e_gcc_rel.a(twi.o)
                              C:\Users\ronmarti\AppData\Local\Temp\VMBuilds\TemperatureLogger\arduino_due_x_dbg\Debug\Wire\Wire.cpp.o (TWI_SetClock)
C:\Users\ronmarti\AppData\Local\arduino15\packages\arduino\hardware\sam\1.6.7\variants\arduino_due_x/libsam_sam3x8e_gcc_rel.a(system_sam3xa.o)
                              C:\Users\ronmarti\AppData\Local\Temp\VMBuilds\TemperatureLogger\arduino_due_x_dbg\Debug\variant\variant.cpp.o (SystemInit)
C:\Users\ronmarti\AppData\Local\arduino15\packages\arduino\hardware\sam\1.6.7\variants\arduino_due_x/libsam_sam3x8e_gcc_rel.a(startup_sam3xa.o)
                              (Reset_Handler)
C:\Users\ronmarti\AppData\Local\arduino15\packages\arduino\hardware\sam\1.6.7\variants\arduino_due_x/libsam_sam3x8e_gcc_rel.a(adc.o)
                              C:\Users\ronmarti\AppData\Local\Temp\VMBuilds\TemperatureLogger\arduino_due_x_dbg\Debug\variant\variant.cpp.o (adc_init)
C:\Users\ronmarti\AppData\Local\arduino15\packages\arduino\hardware\sam\1.6.7\variants\arduino_due_x/libsam_sam3x8e_gcc_rel.a(uotghs.o)
                              C:\Users\ronmarti\AppData\Local\arduino15\packages\arduino\hardware\sam\1.6.7\variants\arduino_due_x/libsam_sam3x8e_gcc_rel.a(startup_sam3xa.o) (UOTGHS_Handler)
C:\Users\ronmarti\AppData\Local\Temp\VMBuilds\TemperatureLogger\arduino_due_x_dbg\Debug/core.a(cortex_handlers.c.o)
                              C:\Users\ronmarti\AppData\Local\arduino15\packages\arduino\hardware\sam\1.6.7\variants\arduino_due_x/libsam_sam3x8e_gcc_rel.a(startup_sam3xa.o) (NMI_Handler)
C:\Users\ronmarti\AppData\Local\Temp\VMBuilds\TemperatureLogger\arduino_due_x_dbg\Debug/core.a(hooks.c.o)
                              C:\Users\ronmarti\AppData\Local\Temp\VMBuilds\TemperatureLogger\arduino_due_x_dbg\Debug/core.a(cortex_handlers.c.o) (sysTickHook)
C:\Users\ronmarti\AppData\Local\Temp\VMBuilds\TemperatureLogger\arduino_due_x_dbg\Debug/core.a(wiring.c.o)
                              C:\Users\ronmarti\AppData\Local\Temp\VMBuilds\TemperatureLogger\arduino_due_x_dbg\Debug\TemperatureLogger.cpp.o (millis)
C:\Users\ronmarti\AppData\Local\Temp\VMBuilds\TemperatureLogger\arduino_due_x_dbg\Debug/core.a(wiring_analog.c.o)
                              C:\Users\ronmarti\AppData\Local\Temp\VMBuilds\TemperatureLogger\arduino_due_x_dbg\Debug\variant\variant.cpp.o (analogOutputInit)
C:\Users\ronmarti\AppData\Local\Temp\VMBuilds\TemperatureLogger\arduino_due_x_dbg\Debug/core.a(wiring_digital.c.o)
                              C:\Users\ronmarti\AppData\Local\Temp\VMBuilds\TemperatureLogger\arduino_due_x_dbg\Debug\TemperatureLogger.cpp.o (pinMode)
C:\Users\ronmarti\AppData\Local\Temp\VMBuilds\TemperatureLogger\arduino_due_x_dbg\Debug/core.a(abi.cpp.o)
                              C:\Users\ronmarti\AppData\Local\Temp\VMBuilds\TemperatureLogger\arduino_due_x_dbg\Debug\Wire\Wire.cpp.o (__cxa_pure_virtual)
C:\Users\ronmarti\AppData\Local\Temp\VMBuilds\TemperatureLogger\arduino_due_x_dbg\Debug/core.a(main.cpp.o)
                              c:/users/ronmarti/appdata/local/arduino15/packages/arduino/tools/arm-none-eabi-gcc/4.8.3-2014q1/bin/../lib/gcc/arm-none-eabi/4.8.3/../../../../arm-none-eabi/lib/armv7-m/crt0.o (main)
C:\Users\ronmarti\AppData\Local\Temp\VMBuilds\TemperatureLogger\arduino_due_x_dbg\Debug/core.a(Print.cpp.o)
                              C:\Users\ronmarti\AppData\Local\Temp\VMBuilds\TemperatureLogger\arduino_due_x_dbg\Debug\Wire\Wire.cpp.o (Print::write(unsigned char const*, unsigned int))
C:\Users\ronmarti\AppData\Local\Temp\VMBuilds\TemperatureLogger\arduino_due_x_dbg\Debug/core.a(Reset.cpp.o)
                              C:\Users\ronmarti\AppData\Local\Temp\VMBuilds\TemperatureLogger\arduino_due_x_dbg\Debug/core.a(cortex_handlers.c.o) (tickReset)
C:\Users\ronmarti\AppData\Local\Temp\VMBuilds\TemperatureLogger\arduino_due_x_dbg\Debug/core.a(RingBuffer.cpp.o)
[...]
Memory Configuration

Name             Origin             Length             Attributes
rom              0x00080000         0x00080000         xr
sram0            0x20000000         0x00010000         xrw
sram1            0x20080000         0x00008000         xrw
ram              0x20070000         0x00018000         xrw
*default*        0x00000000         0xffffffff

Linker script and memory map

LOAD c:/users/ronmarti/appdata/local/arduino15/packages/arduino/tools/arm-none-eabi-gcc/4.8.3-2014q1/bin/../lib/gcc/arm-none-eabi/4.8.3/armv7-m/crti.o
LOAD c:/users/ronmarti/appdata/local/arduino15/packages/arduino/tools/arm-none-eabi-gcc/4.8.3-2014q1/bin/../lib/gcc/arm-none-eabi/4.8.3/armv7-m/crtbegin.o
LOAD c:/users/ronmarti/appdata/local/arduino15/packages/arduino/tools/arm-none-eabi-gcc/4.8.3-2014q1/bin/../lib/gcc/arm-none-eabi/4.8.3/../../../../arm-none-eabi/lib/armv7-m/crt0.o
START GROUP
LOAD C:\Users\ronmarti\AppData\Local\Temp\VMBuilds\TemperatureLogger\arduino_due_x_dbg\Debug/core/syscalls_sam3.c.o
LOAD C:\Users\ronmarti\AppData\Local\Temp\VMBuilds\TemperatureLogger\arduino_due_x_dbg\Debug\TemperatureLogger.cpp.o
LOAD C:\Users\ronmarti\AppData\Local\Temp\VMBuilds\TemperatureLogger\arduino_due_x_dbg\Debug\Wire\Wire.cpp.o
LOAD C:\Users\ronmarti\AppData\Local\Temp\VMBuilds\TemperatureLogger\arduino_due_x_dbg\Debug\SPI\SPI.cpp.o
LOAD C:\Users\ronmarti\AppData\Local\Temp\VMBuilds\TemperatureLogger\arduino_due_x_dbg\Debug\SD\File.cpp.o
LOAD C:\Users\ronmarti\AppData\Local\Temp\VMBuilds\TemperatureLogger\arduino_due_x_dbg\Debug\SD\SD.cpp.o
LOAD C:\Users\ronmarti\AppData\Local\Temp\VMBuilds\TemperatureLogger\arduino_due_x_dbg\Debug\SD\utility\Sd2Card.cpp.o
LOAD C:\Users\ronmarti\AppData\Local\Temp\VMBuilds\TemperatureLogger\arduino_due_x_dbg\Debug\SD\utility\SdFile.cpp.o
LOAD C:\Users\ronmarti\AppData\Local\Temp\VMBuilds\TemperatureLogger\arduino_due_x_dbg\Debug\SD\utility\SdVolume.cpp.o
LOAD C:\Users\ronmarti\AppData\Local\Temp\VMBuilds\TemperatureLogger\arduino_due_x_dbg\Debug\LiquidCrystal\LiquidCrystal.cpp.o
LOAD C:\Users\ronmarti\AppData\Local\Temp\VMBuilds\TemperatureLogger\arduino_due_x_dbg\Debug\Adafruit_BMP085_Library\Adafruit_BMP085.cpp.o
LOAD C:\Users\ronmarti\AppData\Local\Temp\VMBuilds\TemperatureLogger\arduino_due_x_dbg\Debug\VM_DBG\VM_DBG.cpp.o
LOAD C:\Users\ronmarti\AppData\Local\Temp\VMBuilds\TemperatureLogger\arduino_due_x_dbg\Debug\VM_DBG\VM_mem_check_sam.cpp.o
LOAD C:\Users\ronmarti\AppData\Local\Temp\VMBuilds\TemperatureLogger\arduino_due_x_dbg\Debug\variant\variant.cpp.o
LOAD C:\Users\ronmarti\AppData\Local\arduino15\packages\arduino\hardware\sam\1.6.7\variants\arduino_due_x/libsam_sam3x8e_gcc_rel.a
LOAD C:\Users\ronmarti\AppData\Local\Temp\VMBuilds\TemperatureLogger\arduino_due_x_dbg\Debug/core.a
END GROUP
LOAD c:/users/ronmarti/appdata/local/arduino15/packages/arduino/tools/arm-none-eabi-gcc/4.8.3-2014q1/bin/../lib/gcc/arm-none-eabi/4.8.3/../../../../arm-none-eabi/lib/armv7-m\libm.a
START GROUP
LOAD c:/users/ronmarti/appdata/local/arduino15/packages/arduino/tools/arm-none-eabi-gcc/4.8.3-2014q1/bin/../lib/gcc/arm-none-eabi/4.8.3/armv7-m\libgcc.a
LOAD c:/users/ronmarti/appdata/local/arduino15/packages/arduino/tools/arm-none-eabi-gcc/4.8.3-2014q1/bin/../lib/gcc/arm-none-eabi/4.8.3/../../../../arm-none-eabi/lib/armv7-m\libg.a
LOAD c:/users/ronmarti/appdata/local/arduino15/packages/arduino/tools/arm-none-eabi-gcc/4.8.3-2014q1/bin/../lib/gcc/arm-none-eabi/4.8.3/../../../../arm-none-eabi/lib/armv7-m\libc.a
END GROUP
LOAD c:/users/ronmarti/appdata/local/arduino15/packages/arduino/tools/arm-none-eabi-gcc/4.8.3-2014q1/bin/../lib/gcc/arm-none-eabi/4.8.3/armv7-m/crtend.o
LOAD c:/users/ronmarti/appdata/local/arduino15/packages/arduino/tools/arm-none-eabi-gcc/4.8.3-2014q1/bin/../lib/gcc/arm-none-eabi/4.8.3/armv7-m/crtn.o

.text           0x00080000     0xd53c
                0x00080000                . = ALIGN (0x4)
                0x00080000                _sfixed = .
 *(.vectors .vectors.*)
 .vectors       0x00080000       0xf4 C:\Users\ronmarti\AppData\Local\arduino15\packages\arduino\hardware\sam\1.6.7\variants\arduino_due_x/libsam_sam3x8e_gcc_rel.a(startup_sam3xa.o)
                0x00080000                exception_table
 *(.text .text.* .gnu.linkonce.t.*)
 .text          0x000800f4       0x54 c:/users/ronmarti/appdata/local/arduino15/packages/arduino/tools/arm-none-eabi-gcc/4.8.3-2014q1/bin/../lib/gcc/arm-none-eabi/4.8.3/armv7-m/crtbegin.o
 .text._sbrk    0x00080148       0x1c C:\Users\ronmarti\AppData\Local\Temp\VMBuilds\TemperatureLogger\arduino_due_x_dbg\Debug/core/syscalls_sam3.c.o
                0x00080148                _sbrk
 .text._close   0x00080164        0x6 C:\Users\ronmarti\AppData\Local\Temp\VMBuilds\TemperatureLogger\arduino_due_x_dbg\Debug/core/syscalls_sam3.c.o
                0x00080164                _close
 .text._fstat   0x0008016a        0xa C:\Users\ronmarti\AppData\Local\Temp\VMBuilds\TemperatureLogger\arduino_due_x_dbg\Debug/core/syscalls_sam3.c.o
                0x0008016a                _fstat
 .text._isatty  0x00080174        0x4 C:\Users\ronmarti\AppData\Local\Temp\VMBuilds\TemperatureLogger\arduino_due_x_dbg\Debug/core/syscalls_sam3.c.o
                0x00080174                _isatty
 .text._lseek   0x00080178        0x4 C:\Users\ronmarti\AppData\Local\Temp\VMBuilds\TemperatureLogger\arduino_due_x_dbg\Debug/core/syscalls_sam3.c.o
                0x00080178                _lseek
 .text._read    0x0008017c        0x4 C:\Users\ronmarti\AppData\Local\Temp\VMBuilds\TemperatureLogger\arduino_due_x_dbg\Debug/core/syscalls_sam3.c.o
                0x0008017c                _read
 .text._write   0x00080180       0x24 C:\Users\ronmarti\AppData\Local\Temp\VMBuilds\TemperatureLogger\arduino_due_x_dbg\Debug/core/syscalls_sam3.c.o
                0x00080180                _write
 .text._exit    0x000801a4       0x10 C:\Users\ronmarti\AppData\Local\Temp\VMBuilds\TemperatureLogger\arduino_due_x_dbg\Debug/core/syscalls_sam3.c.o
                0x000801a4                _exit
 .text._kill    0x000801b4        0x2 C:\Users\ronmarti\AppData\Local\Temp\VMBuilds\TemperatureLogger\arduino_due_x_dbg\Debug/core/syscalls_sam3.c.o
                0x000801b4                _kill
 .text._getpid  0x000801b6        0x6 C:\Users\ronmarti\AppData\Local\Temp\VMBuilds\TemperatureLogger\arduino_due_x_dbg\Debug/core/syscalls_sam3.c.o
                0x000801b6                _getpid
 .text._Z20composeBMPDataForLogv
                0x000801bc       0x54 C:\Users\ronmarti\AppData\Local\Temp\VMBuilds\TemperatureLogger\arduino_due_x_dbg\Debug\TemperatureLogger.cpp.o
                0x000801bc                composeBMPDataForLog()
 .text._Z18appendDataToSDCard6String
                0x00080210       0x6c C:\Users\ronmarti\AppData\Local\Temp\VMBuilds\TemperatureLogger\arduino_due_x_dbg\Debug\TemperatureLogger.cpp.o
                0x00080210                appendDataToSDCard(String)
 .text._Z14readBMP180Datav
                0x0008027c       0x5c C:\Users\ronmarti\AppData\Local\Temp\VMBuilds\TemperatureLogger\arduino_due_x_dbg\Debug\TemperatureLogger.cpp.o
                0x0008027c                readBMP180Data()
 .text._Z17printSerialBMP180fff
                0x000802d8       0xa0 C:\Users\ronmarti\AppData\Local\Temp\VMBuilds\TemperatureLogger\arduino_due_x_dbg\Debug\TemperatureLogger.cpp.o
                0x000802d8                printSerialBMP180(float, float, float)
 .text._Z17printSerialBMP180v
                0x00080378       0x1c C:\Users\ronmarti\AppData\Local\Temp\VMBuilds\TemperatureLogger\arduino_due_x_dbg\Debug\TemperatureLogger.cpp.o
                0x00080378                printSerialBMP180()
 .text.loop     0x00080394       0xd0 C:\Users\ronmarti\AppData\Local\Temp\VMBuilds\TemperatureLogger\arduino_due_x_dbg\Debug\TemperatureLogger.cpp.o
                0x00080394                loop
 .text.startup._GLOBAL__sub_I___VisualMicro_DEBUG_1_HITCOUNTER__
                0x00080464       0x40 C:\Users\ronmarti\AppData\Local\Temp\VMBuilds\TemperatureLogger\arduino_due_x_dbg\Debug\TemperatureLogger.cpp.o
 .text.setup    0x000804a4       0xd4 C:\Users\ronmarti\AppData\Local\Temp\VMBuilds\TemperatureLogger\arduino_due_x_dbg\Debug\TemperatureLogger.cpp.o
                0x000804a4                setup
 .text._ZN7TwoWire5writeEPKhj
                0x00080578       0x50 C:\Users\ronmarti\AppData\Local\Temp\VMBuilds\TemperatureLogger\arduino_due_x_dbg\Debug\Wire\Wire.cpp.o
                0x00080578                TwoWire::write(unsigned char const*, unsigned int)
 .text._ZN7TwoWire9availableEv
                0x000805c8        0xc C:\Users\ronmarti\AppData\Local\Temp\VMBuilds\TemperatureLogger\arduino_due_x_dbg\Debug\Wire\Wire.cpp.o
                0x000805c8                TwoWire::available()
 .text._ZN7TwoWire4readEv
                0x000805d4       0x1e C:\Users\ronmarti\AppData\Local\Temp\VMBuilds\TemperatureLogger\arduino_due_x_dbg\Debug\Wire\Wire.cpp.o
                0x000805d4                TwoWire::read()
 .text._ZN7TwoWire4peekEv
                0x000805f2       0x16 C:\Users\ronmarti\AppData\Local\Temp\VMBuilds\TemperatureLogger\arduino_due_x_dbg\Debug\Wire\Wire.cpp.o
                0x000805f2                TwoWire::peek()
 .text._ZN7TwoWire5flushEv
                0x00080608        0x2 C:\Users\ronmarti\AppData\Local\Temp\VMBuilds\TemperatureLogger\arduino_due_x_dbg\Debug\Wire\Wire.cpp.o
                0x00080608                TwoWire::flush()
 .text._ZN7TwoWire5writeEh
                0x0008060a       0x3a C:\Users\ronmarti\AppData\Local\Temp\VMBuilds\TemperatureLogger\arduino_due_x_dbg\Debug\Wire\Wire.cpp.o
                0x0008060a                TwoWire::write(unsigned char)
 .text._ZL16TWI_WaitByteSentP3Twim.constprop.3
                0x00080644       0x2c C:\Users\ronmarti\AppData\Local\Temp\VMBuilds\TemperatureLogger\arduino_due_x_dbg\Debug\Wire\Wire.cpp.o
 .text._ZL24TWI_WaitTransferCompleteP3Twim.constprop.4
                0x00080670       0x2c C:\Users\ronmarti\AppData\Local\Temp\VMBuilds\TemperatureLogger\arduino_due_x_dbg\Debug\Wire\Wire.cpp.o
 .text._ZL9Wire_Initv
                0x0008069c       0x54 C:\Users\ronmarti\AppData\Local\Temp\VMBuilds\TemperatureLogger\arduino_due_x_dbg\Debug\Wire\Wire.cpp.o
 .text._ZL12Wire1_Deinitv
                0x000806f0       0x18 C:\Users\ronmarti\AppData\Local\Temp\VMBuilds\TemperatureLogger\arduino_due_x_dbg\Debug\Wire\Wire.cpp.o
 .text._ZL11Wire_Deinitv
                0x00080708       0x18 C:\Users\ronmarti\AppData\Local\Temp\VMBuilds\TemperatureLogger\arduino_due_x_dbg\Debug\Wire\Wire.cpp.o
 .text._ZL10Wire1_Initv
                0x00080720       0x54 C:\Users\ronmarti\AppData\Local\Temp\VMBuilds\TemperatureLogger\arduino_due_x_dbg\Debug\Wire\Wire.cpp.o
 .text._ZN7TwoWireC2EP3TwiPFvvES3_
                0x00080774       0x48 C:\Users\ronmarti\AppData\Local\Temp\VMBuilds\TemperatureLogger\arduino_due_x_dbg\Debug\Wire\Wire.cpp.o
                0x00080774                TwoWire::TwoWire(Twi*, void (*)(), void (*)())
                0x00080774                TwoWire::TwoWire(Twi*, void (*)(), void (*)())
 .text._ZN7TwoWire5beginEv
                0x000807bc       0x30 C:\Users\ronmarti\AppData\Local\Temp\VMBuilds\TemperatureLogger\arduino_due_x_dbg\Debug\Wire\Wire.cpp.o
                0x000807bc                TwoWire::begin()
 .text._ZN7TwoWire11requestFromEhhmhh
                0x000807ec       0x78 C:\Users\ronmarti\AppData\Local\Temp\VMBuilds\TemperatureLogger\arduino_due_x_dbg\Debug\Wire\Wire.cpp.o
                0x000807ec                TwoWire::requestFrom(unsigned char, unsigned char, unsigned long, unsigned char, unsigned char)
 .text._ZN7TwoWire11requestFromEhhh
                0x00080864       0x12 C:\Users\ronmarti\AppData\Local\Temp\VMBuilds\TemperatureLogger\arduino_due_x_dbg\Debug\Wire\Wire.cpp.o
                0x00080864                TwoWire::requestFrom(unsigned char, unsigned char, unsigned char)
 .text._ZN7TwoWire11requestFromEii
                0x00080876        0xa C:\Users\ronmarti\AppData\Local\Temp\VMBuilds\TemperatureLogger\arduino_due_x_dbg\Debug\Wire\Wire.cpp.o
                0x00080876                TwoWire::requestFrom(int, int)
 .text._ZN7TwoWire17beginTransmissionEi
                0x00080880       0x12 C:\Users\ronmarti\AppData\Local\Temp\VMBuilds\TemperatureLogger\arduino_due_x_dbg\Debug\Wire\Wire.cpp.o
                0x00080880                TwoWire::beginTransmission(int)
 .text._ZN7TwoWire15endTransmissionEh
                0x00080892       0x82 C:\Users\ronmarti\AppData\Local\Temp\VMBuilds\TemperatureLogger\arduino_due_x_dbg\Debug\Wire\Wire.cpp.o
                0x00080892                TwoWire::endTransmission(unsigned char)
 .text._ZN7TwoWire15endTransmissionEv
                0x00080914        0x6 C:\Users\ronmarti\AppData\Local\Temp\VMBuilds\TemperatureLogger\arduino_due_x_dbg\Debug\Wire\Wire.cpp.o
                0x00080914                TwoWire::endTransmission()
 .text._ZN7TwoWire9onServiceEv
                0x0008091a      0x118 C:\Users\ronmarti\AppData\Local\Temp\VMBuilds\TemperatureLogger\arduino_due_x_dbg\Debug\Wire\Wire.cpp.o
                0x0008091a                TwoWire::onService()
 *fill*         0x00080a32        0x2 
 .text.TWI1_Handler
                0x00080a34        0xc C:\Users\ronmarti\AppData\Local\Temp\VMBuilds\TemperatureLogger\arduino_due_x_dbg\Debug\Wire\Wire.cpp.o
                0x00080a34                TWI1_Handler
 .text.TWI0_Handler
                0x00080a40        0xc C:\Users\ronmarti\AppData\Local\Temp\VMBuilds\TemperatureLogger\arduino_due_x_dbg\Debug\Wire\Wire.cpp.o
                0x00080a40                TWI0_Handler
 .text.startup._GLOBAL__sub_I__ZN7TwoWireC2EP3TwiPFvvES3_
                0x00080a4c       0x40 C:\Users\ronmarti\AppData\Local\Temp\VMBuilds\TemperatureLogger\arduino_due_x_dbg\Debug\Wire\Wire.cpp.o
 .text._ZL10SPI_0_Initv
                0x00080a8c       0x48 C:\Users\ronmarti\AppData\Local\Temp\VMBuilds\TemperatureLogger\arduino_due_x_dbg\Debug\SPI\SPI.cpp.o
 .text._ZN8SPIClass4initEv
                0x00080ad4       0x36 C:\Users\ronmarti\AppData\Local\Temp\VMBuilds\TemperatureLogger\arduino_due_x_dbg\Debug\SPI\SPI.cpp.o
                0x00080ad4                SPIClass::init()
 *fill*         0x00080b0a        0x2 
 .text._ZN8SPIClass16beginTransactionEh11SPISettings
                0x00080b0c       0x98 C:\Users\ronmarti\AppData\Local\Temp\VMBuilds\TemperatureLogger\arduino_due_x_dbg\Debug\SPI\SPI.cpp.o
                0x00080b0c                SPIClass::beginTransaction(unsigned char, SPISettings)
 .text._ZN8SPIClass14endTransactionEv
                0x00080ba4       0x50 C:\Users\ronmarti\AppData\Local\Temp\VMBuilds\TemperatureLogger\arduino_due_x_dbg\Debug\SPI\SPI.cpp.o
                0x00080ba4                SPIClass::endTransaction()
 .text._ZN8SPIClass11setDataModeEhh
                0x00080bf4       0x34 C:\Users\ronmarti\AppData\Local\Temp\VMBuilds\TemperatureLogger\arduino_due_x_dbg\Debug\SPI\SPI.cpp.o
                0x00080bf4                SPIClass::setDataMode(unsigned char, unsigned char)
 .text._ZN8SPIClass15setClockDividerEhh
                0x00080c28       0x2e C:\Users\ronmarti\AppData\Local\Temp\VMBuilds\TemperatureLogger\arduino_due_x_dbg\Debug\SPI\SPI.cpp.o
                0x00080c28                SPIClass::setClockDivider(unsigned char, unsigned char)
 .text._ZN8SPIClass5beginEv
                0x00080c56       0x22 C:\Users\ronmarti\AppData\Local\Temp\VMBuilds\TemperatureLogger\arduino_due_x_dbg\Debug\SPI\SPI.cpp.o
                0x00080c56                SPIClass::begin()
 .text._ZN8SPIClass8transferEhh15SPITransferMode
                0x00080c78       0x5e C:\Users\ronmarti\AppData\Local\Temp\VMBuilds\TemperatureLogger\arduino_due_x_dbg\Debug\SPI\SPI.cpp.o
                0x00080c78                SPIClass::transfer(unsigned char, unsigned char, SPITransferMode)
 *fill*         0x00080cd6        0x2 
 .text.startup._GLOBAL__sub_I__ZN8SPIClassC2EP3SpimPFvvE
                0x00080cd8       0x24 C:\Users\ronmarti\AppData\Local\Temp\VMBuilds\TemperatureLogger\arduino_due_x_dbg\Debug\SPI\SPI.cpp.o
 .text._ZN5SDLib4File5writeEh
                0x00080cfc       0x16 C:\Users\ronmarti\AppData\Local\Temp\VMBuilds\TemperatureLogger\arduino_due_x_dbg\Debug\SD\File.cpp.o
                0x00080cfc                SDLib::File::write(unsigned char)
 .text._ZN5SDLib4File5writeEPKhj
                0x00080d12       0x26 C:\Users\ronmarti\AppData\Local\Temp\VMBuilds\TemperatureLogger\arduino_due_x_dbg\Debug\SD\File.cpp.o
                0x00080d12                SDLib::File::write(unsigned char const*, unsigned int)
 .text._ZN5SDLib4File5flushEv
                0x00080d38        0xa C:\Users\ronmarti\AppData\Local\Temp\VMBuilds\TemperatureLogger\arduino_due_x_dbg\Debug\SD\File.cpp.o
                0x00080d38                SDLib::File::flush()
 .text._ZN6SdFile4readEv
                0x00080d42       0x20 C:\Users\ronmarti\AppData\Local\Temp\VMBuilds\TemperatureLogger\arduino_due_x_dbg\Debug\SD\File.cpp.o
                0x00080d42                SdFile::read()
 .text._ZN5SDLib4File4readEv
                0x00080d62       0x12 C:\Users\ronmarti\AppData\Local\Temp\VMBuilds\TemperatureLogger\arduino_due_x_dbg\Debug\SD\File.cpp.o
                0x00080d62                SDLib::File::read()
 .text._ZN5SDLib4File4peekEv
                0x00080d74       0x20 C:\Users\ronmarti\AppData\Local\Temp\VMBuilds\TemperatureLogger\arduino_due_x_dbg\Debug\SD\File.cpp.o
                0x00080d74                SDLib::File::peek()
 .text._ZN5SDLib4FileC2E6SdFilePKc
                0x00080d94       0x50 C:\Users\ronmarti\AppData\Local\Temp\VMBuilds\TemperatureLogger\arduino_due_x_dbg\Debug\SD\File.cpp.o
                0x00080d94                SDLib::File::File(SdFile, char const*)
                0x00080d94                SDLib::File::File(SdFile, char const*)
 .text._ZN5SDLib4FileC2Ev
                0x00080de4       0x18 C:\Users\ronmarti\AppData\Local\Temp\VMBuilds\TemperatureLogger\arduino_due_x_dbg\Debug\SD\File.cpp.o
                0x00080de4                SDLib::File::File()
                0x00080de4                SDLib::File::File()
 .text._ZN5SDLib4File8positionEv
                0x00080dfc        0xe C:\Users\ronmarti\AppData\Local\Temp\VMBuilds\TemperatureLogger\arduino_due_x_dbg\Debug\SD\File.cpp.o
                0x00080dfc                SDLib::File::position()
 .text._ZN5SDLib4File4sizeEv
                0x00080e0a        0x8 C:\Users\ronmarti\AppData\Local\Temp\VMBuilds\TemperatureLogger\arduino_due_x_dbg\Debug\SD\File.cpp.o
                0x00080e0a                SDLib::File::size()
 .text._ZN5SDLib4File9availableEv
                0x00080e12       0x26 C:\Users\ronmarti\AppData\Local\Temp\VMBuilds\TemperatureLogger\arduino_due_x_dbg\Debug\SD\File.cpp.o
                0x00080e12                SDLib::File::available()
 .text._ZN5SDLib4File5closeEv
                0x00080e38       0x18 C:\Users\ronmarti\AppData\Local\Temp\VMBuilds\TemperatureLogger\arduino_due_x_dbg\Debug\SD\File.cpp.o
                0x00080e38                SDLib::File::close()
 .text._ZN5SDLib4FilecvbEv
                0x00080e50        0xe C:\Users\ronmarti\AppData\Local\Temp\VMBuilds\TemperatureLogger\arduino_due_x_dbg\Debug\SD\File.cpp.o
                0x00080e50                SDLib::File::operator bool()
 .text._ZN8SdVolume4initEP7Sd2Card
                0x00080e5e       0x20 C:\Users\ronmarti\AppData\Local\Temp\VMBuilds\TemperatureLogger\arduino_due_x_dbg\Debug\SD\SD.cpp.o
                0x00080e5e                SdVolume::init(Sd2Card*)
 .text._ZN5SDLib7SDClass5beginEh
                0x00080e7e       0x34 C:\Users\ronmarti\AppData\Local\Temp\VMBuilds\TemperatureLogger\arduino_due_x_dbg\Debug\SD\SD.cpp.o
                0x00080e7e                SDLib::SDClass::begin(unsigned char)
 *fill*         0x00080eb2        0x2 
 .text._ZN6SdFileC2ERKS_
                0x00080eb4       0x34 C:\Users\ronmarti\AppData\Local\Temp\VMBuilds\TemperatureLogger\arduino_due_x_dbg\Debug\SD\SD.cpp.o
                0x00080eb4                SdFile::SdFile(SdFile const&)
                0x00080eb4                SdFile::SdFile(SdFile const&)
 .text._ZN5SDLib7SDClass12getParentDirEPKcPi
                0x00080ee8       0xac C:\Users\ronmarti\AppData\Local\Temp\VMBuilds\TemperatureLogger\arduino_due_x_dbg\Debug\SD\SD.cpp.o
                0x00080ee8                SDLib::SDClass::getParentDir(char const*, int*)
 .text._ZN5SDLib7SDClass4openEPKch
                0x00080f94       0xa4 C:\Users\ronmarti\AppData\Local\Temp\VMBuilds\TemperatureLogger\arduino_due_x_dbg\Debug\SD\SD.cpp.o
                0x00080f94                SDLib::SDClass::open(char const*, unsigned char)
 .text.startup._GLOBAL__sub_I__ZN5SDLib20getNextPathComponentEPKcPjPc
                0x00081038       0x28 C:\Users\ronmarti\AppData\Local\Temp\VMBuilds\TemperatureLogger\arduino_due_x_dbg\Debug\SD\SD.cpp.o
 .text._ZL7spiSendh
                0x00081060       0x10 C:\Users\ronmarti\AppData\Local\Temp\VMBuilds\TemperatureLogger\arduino_due_x_dbg\Debug\SD\utility\Sd2Card.cpp.o
 .text._ZL6spiRecv
                0x00081070       0x10 C:\Users\ronmarti\AppData\Local\Temp\VMBuilds\TemperatureLogger\arduino_due_x_dbg\Debug\SD\utility\Sd2Card.cpp.o
 .text._ZN7Sd2Card14chipSelectHighEv
                0x00081080       0x28 C:\Users\ronmarti\AppData\Local\Temp\VMBuilds\TemperatureLogger\arduino_due_x_dbg\Debug\SD\utility\Sd2Card.cpp.o
                0x00081080                Sd2Card::chipSelectHigh()
 .text._ZN7Sd2Card13chipSelectLowEv
                0x000810a8       0x40 C:\Users\ronmarti\AppData\Local\Temp\VMBuilds\TemperatureLogger\arduino_due_x_dbg\Debug\SD\utility\Sd2Card.cpp.o
                0x000810a8                Sd2Card::chipSelectLow()
 .text._ZN7Sd2Card7readEndEv
                0x000810e8       0x2a C:\Users\ronmarti\AppData\Local\Temp\VMBuilds\TemperatureLogger\arduino_due_x_dbg\Debug\SD\utility\Sd2Card.cpp.o
                0x000810e8                Sd2Card::readEnd()
 *fill*         0x00081112        0x2 
 .text._ZN7Sd2Card10setSckRateEh
                0x00081114       0x58 C:\Users\ronmarti\AppData\Local\Temp\VMBuilds\TemperatureLogger\arduino_due_x_dbg\Debug\SD\utility\Sd2Card.cpp.o
                0x00081114                Sd2Card::setSckRate(unsigned char)
 .text._ZN7Sd2Card11waitNotBusyEt
                0x0008116c       0x28 C:\Users\ronmarti\AppData\Local\Temp\VMBuilds\TemperatureLogger\arduino_due_x_dbg\Debug\SD\utility\Sd2Card.cpp.o
                0x0008116c                Sd2Card::waitNotBusy(unsigned short)
 .text._ZN7Sd2Card11cardCommandEhm
                0x00081194       0x60 C:\Users\ronmarti\AppData\Local\Temp\VMBuilds\TemperatureLogger\arduino_due_x_dbg\Debug\SD\utility\Sd2Card.cpp.o
                0x00081194                Sd2Card::cardCommand(unsigned char, unsigned long)
 .text._ZN7Sd2Card4initEhh
                0x000811f4      0x150 C:\Users\ronmarti\AppData\Local\Temp\VMBuilds\TemperatureLogger\arduino_due_x_dbg\Debug\SD\utility\Sd2Card.cpp.o
                0x000811f4                Sd2Card::init(unsigned char, unsigned char)
 .text._ZN7Sd2Card14waitStartBlockEv
                0x00081344       0x3e C:\Users\ronmarti\AppData\Local\Temp\VMBuilds\TemperatureLogger\arduino_due_x_dbg\Debug\SD\utility\Sd2Card.cpp.o
                0x00081344                Sd2Card::waitStartBlock()
 .text._ZN7Sd2Card8readDataEmttPh
                0x00081382       0xa4 C:\Users\ronmarti\AppData\Local\Temp\VMBuilds\TemperatureLogger\arduino_due_x_dbg\Debug\SD\utility\Sd2Card.cpp.o
                0x00081382                Sd2Card::readData(unsigned long, unsigned short, unsigned short, unsigned char*)
 .text._ZN7Sd2Card9readBlockEmPh
                0x00081426       0x14 C:\Users\ronmarti\AppData\Local\Temp\VMBuilds\TemperatureLogger\arduino_due_x_dbg\Debug\SD\utility\Sd2Card.cpp.o
                0x00081426                Sd2Card::readBlock(unsigned long, unsigned char*)
 .text._ZN7Sd2Card9writeDataEhPKh
                0x0008143a       0x48 C:\Users\ronmarti\AppData\Local\Temp\VMBuilds\TemperatureLogger\arduino_due_x_dbg\Debug\SD\utility\Sd2Card.cpp.o
                0x0008143a                Sd2Card::writeData(unsigned char, unsigned char const*)
 .text._ZN7Sd2Card10writeBlockEmPKh
                0x00081482       0x6c C:\Users\ronmarti\AppData\Local\Temp\VMBuilds\TemperatureLogger\arduino_due_x_dbg\Debug\SD\utility\Sd2Card.cpp.o
                0x00081482                Sd2Card::writeBlock(unsigned long, unsigned char const*)
 *fill*         0x000814ee        0x2 
 .text.startup._GLOBAL__sub_I__ZN7Sd2Card11cardCommandEhm
                0x000814f0       0x14 C:\Users\ronmarti\AppData\Local\Temp\VMBuilds\TemperatureLogger\arduino_due_x_dbg\Debug\SD\utility\Sd2Card.cpp.o
 .text._ZN6SdFile10addClusterEv
                0x00081504       0x26 C:\Users\ronmarti\AppData\Local\Temp\VMBuilds\TemperatureLogger\arduino_due_x_dbg\Debug\SD\utility\SdFile.cpp.o
                0x00081504                SdFile::addCluster()
 .text._ZN6SdFile13addDirClusterEv
                0x0008152a       0x46 C:\Users\ronmarti\AppData\Local\Temp\VMBuilds\TemperatureLogger\arduino_due_x_dbg\Debug\SD\utility\SdFile.cpp.o
                0x0008152a                SdFile::addDirCluster()
 .text._ZN6SdFile13cacheDirEntryEh
                0x00081570       0x1c C:\Users\ronmarti\AppData\Local\Temp\VMBuilds\TemperatureLogger\arduino_due_x_dbg\Debug\SD\utility\SdFile.cpp.o
                0x00081570                SdFile::cacheDirEntry(unsigned char)
 .text._ZN6SdFile10make83NameEPKcPh
                0x0008158c       0x98 C:\Users\ronmarti\AppData\Local\Temp\VMBuilds\TemperatureLogger\arduino_due_x_dbg\Debug\SD\utility\SdFile.cpp.o
                0x0008158c                SdFile::make83Name(char const*, unsigned char*)
 .text._ZN6SdFile8openRootEP8SdVolume
                0x00081624       0x50 C:\Users\ronmarti\AppData\Local\Temp\VMBuilds\TemperatureLogger\arduino_due_x_dbg\Debug\SD\utility\SdFile.cpp.o
                0x00081624                SdFile::openRoot(SdVolume*)
 .text._ZN6SdFile4readEPvt
                0x00081674      0x104 C:\Users\ronmarti\AppData\Local\Temp\VMBuilds\TemperatureLogger\arduino_due_x_dbg\Debug\SD\utility\SdFile.cpp.o
                0x00081674                SdFile::read(void*, unsigned short)
 .text._ZN6SdFile12readDirCacheEv
                0x00081778       0x44 C:\Users\ronmarti\AppData\Local\Temp\VMBuilds\TemperatureLogger\arduino_due_x_dbg\Debug\SD\utility\SdFile.cpp.o
                0x00081778                SdFile::readDirCache()
 .text._ZN6SdFile7seekSetEm
                0x000817bc       0x5e C:\Users\ronmarti\AppData\Local\Temp\VMBuilds\TemperatureLogger\arduino_due_x_dbg\Debug\SD\utility\SdFile.cpp.o
                0x000817bc                SdFile::seekSet(unsigned long)
 *fill*         0x0008181a        0x2 
 .text._ZN6SdFile4syncEv
                0x0008181c       0x58 C:\Users\ronmarti\AppData\Local\Temp\VMBuilds\TemperatureLogger\arduino_due_x_dbg\Debug\SD\utility\SdFile.cpp.o
                0x0008181c                SdFile::sync()
 .text._ZN6SdFile5closeEv
                0x00081874       0x12 C:\Users\ronmarti\AppData\Local\Temp\VMBuilds\TemperatureLogger\arduino_due_x_dbg\Debug\SD\utility\SdFile.cpp.o
                0x00081874                SdFile::close()
 *fill*         0x00081886        0x2 
 .text._ZN6SdFile8truncateEm
                0x00081888       0xb0 C:\Users\ronmarti\AppData\Local\Temp\VMBuilds\TemperatureLogger\arduino_due_x_dbg\Debug\SD\utility\SdFile.cpp.o
                0x00081888                SdFile::truncate(unsigned long)
 .text._ZN6SdFile15openCachedEntryEhh
                0x00081938       0x7c C:\Users\ronmarti\AppData\Local\Temp\VMBuilds\TemperatureLogger\arduino_due_x_dbg\Debug\SD\utility\SdFile.cpp.o
                0x00081938                SdFile::openCachedEntry(unsigned char, unsigned char)
 .text._ZN6SdFile4openEPS_PKch
                0x000819b4      0x110 C:\Users\ronmarti\AppData\Local\Temp\VMBuilds\TemperatureLogger\arduino_due_x_dbg\Debug\SD\utility\SdFile.cpp.o
                0x000819b4                SdFile::open(SdFile*, char const*, unsigned char)
 .text._ZN6SdFile5writeEPKvt
                0x00081ac4      0x194 C:\Users\ronmarti\AppData\Local\Temp\VMBuilds\TemperatureLogger\arduino_due_x_dbg\Debug\SD\utility\SdFile.cpp.o
                0x00081ac4                SdFile::write(void const*, unsigned short)
 .text._ZN6SdFile5writeEh
                0x00081c58       0x16 C:\Users\ronmarti\AppData\Local\Temp\VMBuilds\TemperatureLogger\arduino_due_x_dbg\Debug\SD\utility\SdFile.cpp.o
                0x00081c58                SdFile::write(unsigned char)
 *fill*         0x00081c6e        0x2 
 .text._ZN8SdVolume10cacheFlushEv
                0x00081c70       0x4c C:\Users\ronmarti\AppData\Local\Temp\VMBuilds\TemperatureLogger\arduino_due_x_dbg\Debug\SD\utility\SdVolume.cpp.o
                0x00081c70                SdVolume::cacheFlush()
 .text._ZN8SdVolume13cacheRawBlockEmh
                0x00081cbc       0x48 C:\Users\ronmarti\AppData\Local\Temp\VMBuilds\TemperatureLogger\arduino_due_x_dbg\Debug\SD\utility\SdVolume.cpp.o
                0x00081cbc                SdVolume::cacheRawBlock(unsigned long, unsigned char)
 .text._ZN8SdVolume14cacheZeroBlockEm
                0x00081d04       0x38 C:\Users\ronmarti\AppData\Local\Temp\VMBuilds\TemperatureLogger\arduino_due_x_dbg\Debug\SD\utility\SdVolume.cpp.o
                0x00081d04                SdVolume::cacheZeroBlock(unsigned long)
 .text._ZNK8SdVolume6fatGetEmPm
                0x00081d3c       0x64 C:\Users\ronmarti\AppData\Local\Temp\VMBuilds\TemperatureLogger\arduino_due_x_dbg\Debug\SD\utility\SdVolume.cpp.o
                0x00081d3c                SdVolume::fatGet(unsigned long, unsigned long*) const
 .text._ZNK8SdVolume9chainSizeEmPm
                0x00081da0       0x44 C:\Users\ronmarti\AppData\Local\Temp\VMBuilds\TemperatureLogger\arduino_due_x_dbg\Debug\SD\utility\SdVolume.cpp.o
                0x00081da0                SdVolume::chainSize(unsigned long, unsigned long*) const
 .text._ZN8SdVolume6fatPutEmm
                0x00081de4       0x84 C:\Users\ronmarti\AppData\Local\Temp\VMBuilds\TemperatureLogger\arduino_due_x_dbg\Debug\SD\utility\SdVolume.cpp.o
                0x00081de4                SdVolume::fatPut(unsigned long, unsigned long)
 .text._ZN8SdVolume15allocContiguousEmPm
                0x00081e68       0xb4 C:\Users\ronmarti\AppData\Local\Temp\VMBuilds\TemperatureLogger\arduino_due_x_dbg\Debug\SD\utility\SdVolume.cpp.o
                0x00081e68                SdVolume::allocContiguous(unsigned long, unsigned long*)
 .text._ZN8SdVolume9freeChainEm
                0x00081f1c       0x48 C:\Users\ronmarti\AppData\Local\Temp\VMBuilds\TemperatureLogger\arduino_due_x_dbg\Debug\SD\utility\SdVolume.cpp.o
                0x00081f1c                SdVolume::freeChain(unsigned long)
 .text._ZN8SdVolume4initEP7Sd2Cardh
                0x00081f64       0xf4 C:\Users\ronmarti\AppData\Local\Temp\VMBuilds\TemperatureLogger\arduino_due_x_dbg\Debug\SD\utility\SdVolume.cpp.o
                0x00081f64                SdVolume::init(Sd2Card*, unsigned char)
 .text._ZN15Adafruit_BMP085C2Ev
                0x00082058        0x2 C:\Users\ronmarti\AppData\Local\Temp\VMBuilds\TemperatureLogger\arduino_due_x_dbg\Debug\Adafruit_BMP085_Library\Adafruit_BMP085.cpp.o
                0x00082058                Adafruit_BMP085::Adafruit_BMP085()
                0x00082058                Adafruit_BMP085::Adafruit_BMP085()
 .text._ZN15Adafruit_BMP0859computeB5El
                0x0008205a       0x20 C:\Users\ronmarti\AppData\Local\Temp\VMBuilds\TemperatureLogger\arduino_due_x_dbg\Debug\Adafruit_BMP085_Library\Adafruit_BMP085.cpp.o
                0x0008205a                Adafruit_BMP085::computeB5(long)
 *fill*         0x0008207a        0x2 
 .text._ZN15Adafruit_BMP0856write8Ehh
                0x0008207c       0x30 C:\Users\ronmarti\AppData\Local\Temp\VMBuilds\TemperatureLogger\arduino_due_x_dbg\Debug\Adafruit_BMP085_Library\Adafruit_BMP085.cpp.o
                0x0008207c                Adafruit_BMP085::write8(unsigned char, unsigned char)
 .text._ZN15Adafruit_BMP0855read8Eh
                0x000820ac       0x44 C:\Users\ronmarti\AppData\Local\Temp\VMBuilds\TemperatureLogger\arduino_due_x_dbg\Debug\Adafruit_BMP085_Library\Adafruit_BMP085.cpp.o
                0x000820ac                Adafruit_BMP085::read8(unsigned char)
 .text._ZN15Adafruit_BMP0856read16Eh
                0x000820f0       0x50 C:\Users\ronmarti\AppData\Local\Temp\VMBuilds\TemperatureLogger\arduino_due_x_dbg\Debug\Adafruit_BMP085_Library\Adafruit_BMP085.cpp.o
                0x000820f0                Adafruit_BMP085::read16(unsigned char)
 .text._ZN15Adafruit_BMP0855beginEh
                0x00082140       0x98 C:\Users\ronmarti\AppData\Local\Temp\VMBuilds\TemperatureLogger\arduino_due_x_dbg\Debug\Adafruit_BMP085_Library\Adafruit_BMP085.cpp.o
                0x00082140                Adafruit_BMP085::begin(unsigned char)
 .text._ZN15Adafruit_BMP08518readRawTemperatureEv
                0x000821d8       0x1e C:\Users\ronmarti\AppData\Local\Temp\VMBuilds\TemperatureLogger\arduino_due_x_dbg\Debug\Adafruit_BMP085_Library\Adafruit_BMP085.cpp.o
                0x000821d8                Adafruit_BMP085::readRawTemperature()
 *fill*         0x000821f6        0x2 
 .text._ZN15Adafruit_BMP08515readTemperatureEv
                0x000821f8       0x24 C:\Users\ronmarti\AppData\Local\Temp\VMBuilds\TemperatureLogger\arduino_due_x_dbg\Debug\Adafruit_BMP085_Library\Adafruit_BMP085.cpp.o
                0x000821f8                Adafruit_BMP085::readTemperature()
 .text._ZN15Adafruit_BMP08515readRawPressureEv
                0x0008221c       0x4e C:\Users\ronmarti\AppData\Local\Temp\VMBuilds\TemperatureLogger\arduino_due_x_dbg\Debug\Adafruit_BMP085_Library\Adafruit_BMP085.cpp.o
                0x0008221c                Adafruit_BMP085::readRawPressure()
 *fill*         0x0008226a        0x2 
 .text._ZN15Adafruit_BMP08512readPressureEv
                0x0008226c       0xa8 C:\Users\ronmarti\AppData\Local\Temp\VMBuilds\TemperatureLogger\arduino_due_x_dbg\Debug\Adafruit_BMP085_Library\Adafruit_BMP085.cpp.o
                0x0008226c                Adafruit_BMP085::readPressure()
 *fill*         0x00082314        0x4 
 .text._ZN15Adafruit_BMP08512readAltitudeEf
                0x00082318       0x58 C:\Users\ronmarti\AppData\Local\Temp\VMBuilds\TemperatureLogger\arduino_due_x_dbg\Debug\Adafruit_BMP085_Library\Adafruit_BMP085.cpp.o
                0x00082318                Adafruit_BMP085::readAltitude(float)
 .text._ZN16VisualMicroDebug10DBG_MillisEv
                0x00082370        0x4 C:\Users\ronmarti\AppData\Local\Temp\VMBuilds\TemperatureLogger\arduino_due_x_dbg\Debug\VM_DBG\VM_DBG.cpp.o
                0x00082370                VisualMicroDebug::DBG_Millis()
 .text._ZN16VisualMicroDebug17OnBreakPointBeginEm
                0x00082374       0x16 C:\Users\ronmarti\AppData\Local\Temp\VMBuilds\TemperatureLogger\arduino_due_x_dbg\Debug\VM_DBG\VM_DBG.cpp.o
                0x00082374                VisualMicroDebug::OnBreakPointBegin(unsigned long)
 *fill*         0x0008238a        0x2 
 .text._ZN16VisualMicroDebug22OnBreakPointPrintBeginEh
                0x0008238c       0x6c C:\Users\ronmarti\AppData\Local\Temp\VMBuilds\TemperatureLogger\arduino_due_x_dbg\Debug\VM_DBG\VM_DBG.cpp.o
                0x0008238c                VisualMicroDebug::OnBreakPointPrintBegin(unsigned char)
 .text._ZN16VisualMicroDebug20OnBreakPointPrintEndEv
                0x000823f8        0xc C:\Users\ronmarti\AppData\Local\Temp\VMBuilds\TemperatureLogger\arduino_due_x_dbg\Debug\VM_DBG\VM_DBG.cpp.o
                0x000823f8                VisualMicroDebug::OnBreakPointPrintEnd()
 .text._ZN16VisualMicroDebug15OnBreakPointEndEv
                0x00082404        0xc C:\Users\ronmarti\AppData\Local\Temp\VMBuilds\TemperatureLogger\arduino_due_x_dbg\Debug\VM_DBG\VM_DBG.cpp.o
                0x00082404                VisualMicroDebug::OnBreakPointEnd()
 .text._ZN16VisualMicroDebug14outPacketStartEb
                0x00082410       0x24 C:\Users\ronmarti\AppData\Local\Temp\VMBuilds\TemperatureLogger\arduino_due_x_dbg\Debug\VM_DBG\VM_DBG.cpp.o
                0x00082410                VisualMicroDebug::outPacketStart(bool)
 .text._ZN16VisualMicroDebug12outPacketEndEv
                0x00082434        0x2 C:\Users\ronmarti\AppData\Local\Temp\VMBuilds\TemperatureLogger\arduino_due_x_dbg\Debug\VM_DBG\VM_DBG.cpp.o
                0x00082434                VisualMicroDebug::outPacketEnd()
 .text._ZN16VisualMicroDebug4initEm
                0x00082436       0x10 C:\Users\ronmarti\AppData\Local\Temp\VMBuilds\TemperatureLogger\arduino_due_x_dbg\Debug\VM_DBG\VM_DBG.cpp.o
                0x00082436                VisualMicroDebug::init(unsigned long)
 .text._ZN16VisualMicroDebug5beginEP9UARTClassm
                0x00082446       0x10 C:\Users\ronmarti\AppData\Local\Temp\VMBuilds\TemperatureLogger\arduino_due_x_dbg\Debug\VM_DBG\VM_DBG.cpp.o
                0x00082446                VisualMicroDebug::begin(UARTClass*, unsigned long)
 .text._ZN16VisualMicroDebug4readEv
                0x00082456        0xe C:\Users\ronmarti\AppData\Local\Temp\VMBuilds\TemperatureLogger\arduino_due_x_dbg\Debug\VM_DBG\VM_DBG.cpp.o
                0x00082456                VisualMicroDebug::read()
 .text._ZN16VisualMicroDebug9availableEv
                0x00082464        0xe C:\Users\ronmarti\AppData\Local\Temp\VMBuilds\TemperatureLogger\arduino_due_x_dbg\Debug\VM_DBG\VM_DBG.cpp.o
                0x00082464                VisualMicroDebug::available()
 *fill*         0x00082472        0x2 
 .text._ZN16VisualMicroDebug16sendContinuedACKEh
                0x00082474       0x38 C:\Users\ronmarti\AppData\Local\Temp\VMBuilds\TemperatureLogger\arduino_due_x_dbg\Debug\VM_DBG\VM_DBG.cpp.o
                0x00082474                VisualMicroDebug::sendContinuedACK(unsigned char)
 .text._ZN16VisualMicroDebug9breakWaitEh
                0x000824ac       0x54 C:\Users\ronmarti\AppData\Local\Temp\VMBuilds\TemperatureLogger\arduino_due_x_dbg\Debug\VM_DBG\VM_DBG.cpp.o
                0x000824ac                VisualMicroDebug::breakWait(unsigned char)
 .text._ZN16VisualMicroDebug5startEbb
                0x00082500       0x1e C:\Users\ronmarti\AppData\Local\Temp\VMBuilds\TemperatureLogger\arduino_due_x_dbg\Debug\VM_DBG\VM_DBG.cpp.o
                0x00082500                VisualMicroDebug::start(bool, bool)
 *fill*         0x0008251e        0x2 
 .text.startup._GLOBAL__sub_I__ZN16VisualMicroDebug10DBG_MillisEv
                0x00082520       0x14 C:\Users\ronmarti\AppData\Local\Temp\VMBuilds\TemperatureLogger\arduino_due_x_dbg\Debug\VM_DBG\VM_DBG.cpp.o
 .text._Z11serialEventv
                0x00082534        0x2 C:\Users\ronmarti\AppData\Local\Temp\VMBuilds\TemperatureLogger\arduino_due_x_dbg\Debug\variant\variant.cpp.o
                0x00082534                serialEvent()
 *fill*         0x00082536        0x2 
 .text.UART_Handler
                0x00082538        0xc C:\Users\ronmarti\AppData\Local\Temp\VMBuilds\TemperatureLogger\arduino_due_x_dbg\Debug\variant\variant.cpp.o
                0x00082538                UART_Handler
 .text._Z12serialEvent1v
                0x00082544        0x2 C:\Users\ronmarti\AppData\Local\Temp\VMBuilds\TemperatureLogger\arduino_due_x_dbg\Debug\variant\variant.cpp.o
                0x00082544                serialEvent1()
 .text._Z12serialEvent2v
                0x00082546        0x2 C:\Users\ronmarti\AppData\Local\Temp\VMBuilds\TemperatureLogger\arduino_due_x_dbg\Debug\variant\variant.cpp.o
                0x00082546                serialEvent2()
 .text._Z12serialEvent3v
                0x00082548        0x2 C:\Users\ronmarti\AppData\Local\Temp\VMBuilds\TemperatureLogger\arduino_due_x_dbg\Debug\variant\variant.cpp.o
                0x00082548                serialEvent3()
 *fill*         0x0008254a        0x2 
 .text.USART0_Handler
                0x0008254c        0xc C:\Users\ronmarti\AppData\Local\Temp\VMBuilds\TemperatureLogger\arduino_due_x_dbg\Debug\variant\variant.cpp.o
                0x0008254c                USART0_Handler
 .text.USART1_Handler
                0x00082558        0xc C:\Users\ronmarti\AppData\Local\Temp\VMBuilds\TemperatureLogger\arduino_due_x_dbg\Debug\variant\variant.cpp.o
                0x00082558                USART1_Handler
 .text.USART3_Handler
                0x00082564        0xc C:\Users\ronmarti\AppData\Local\Temp\VMBuilds\TemperatureLogger\arduino_due_x_dbg\Debug\variant\variant.cpp.o
                0x00082564                USART3_Handler
 .text.init     0x00082570      0x128 C:\Users\ronmarti\AppData\Local\Temp\VMBuilds\TemperatureLogger\arduino_due_x_dbg\Debug\variant\variant.cpp.o
                0x00082570                init
 .text.startup._GLOBAL__sub_I_g_APinDescription
                0x00082698       0xd4 C:\Users\ronmarti\AppData\Local\Temp\VMBuilds\TemperatureLogger\arduino_due_x_dbg\Debug\variant\variant.cpp.o
 .text._Z14serialEventRunv
                0x0008276c       0x44 C:\Users\ronmarti\AppData\Local\Temp\VMBuilds\TemperatureLogger\arduino_due_x_dbg\Debug\variant\variant.cpp.o
                0x0008276c                serialEventRun()
 .text.PIO_PullUp
                0x000827b0        0xa C:\Users\ronmarti\AppData\Local\arduino15\packages\arduino\hardware\sam\1.6.7\variants\arduino_due_x/libsam_sam3x8e_gcc_rel.a(pio.o)
                0x000827b0                PIO_PullUp
 .text.PIO_SetPeripheral
                0x000827ba       0x26 C:\Users\ronmarti\AppData\Local\arduino15\packages\arduino\hardware\sam\1.6.7\variants\arduino_due_x/libsam_sam3x8e_gcc_rel.a(pio.o)
                0x000827ba                PIO_SetPeripheral
 .text.PIO_SetInput
                0x000827e0       0x26 C:\Users\ronmarti\AppData\Local\arduino15\packages\arduino\hardware\sam\1.6.7\variants\arduino_due_x/libsam_sam3x8e_gcc_rel.a(pio.o)
                0x000827e0                PIO_SetInput
 .text.PIO_SetOutput
                0x00082806       0x24 C:\Users\ronmarti\AppData\Local\arduino15\packages\arduino\hardware\sam\1.6.7\variants\arduino_due_x/libsam_sam3x8e_gcc_rel.a(pio.o)
                0x00082806                PIO_SetOutput
 *fill*         0x0008282a        0x2 
 .text.PIO_Configure
                0x0008282c       0x64 C:\Users\ronmarti\AppData\Local\arduino15\packages\arduino\hardware\sam\1.6.7\variants\arduino_due_x/libsam_sam3x8e_gcc_rel.a(pio.o)
                0x0008282c                PIO_Configure
 .text.PIO_GetOutputDataStatus
                0x00082890       0x14 C:\Users\ronmarti\AppData\Local\arduino15\packages\arduino\hardware\sam\1.6.7\variants\arduino_due_x/libsam_sam3x8e_gcc_rel.a(pio.o)
                0x00082890                PIO_GetOutputDataStatus
 .text.pmc_enable_upll_clock
                0x000828a4       0x14 C:\Users\ronmarti\AppData\Local\arduino15\packages\arduino\hardware\sam\1.6.7\variants\arduino_due_x/libsam_sam3x8e_gcc_rel.a(pmc.o)
                0x000828a4                pmc_enable_upll_clock
 .text.pmc_enable_periph_clk
                0x000828b8       0x44 C:\Users\ronmarti\AppData\Local\arduino15\packages\arduino\hardware\sam\1.6.7\variants\arduino_due_x/libsam_sam3x8e_gcc_rel.a(pmc.o)
                0x000828b8                pmc_enable_periph_clk
 .text.pmc_disable_periph_clk
                0x000828fc       0x40 C:\Users\ronmarti\AppData\Local\arduino15\packages\arduino\hardware\sam\1.6.7\variants\arduino_due_x/libsam_sam3x8e_gcc_rel.a(pmc.o)
                0x000828fc                pmc_disable_periph_clk
 .text.pmc_switch_udpck_to_upllck
                0x0008293c       0x14 C:\Users\ronmarti\AppData\Local\arduino15\packages\arduino\hardware\sam\1.6.7\variants\arduino_due_x/libsam_sam3x8e_gcc_rel.a(pmc.o)
                0x0008293c                pmc_switch_udpck_to_upllck
 .text.pmc_enable_udpck
                0x00082950        0xc C:\Users\ronmarti\AppData\Local\arduino15\packages\arduino\hardware\sam\1.6.7\variants\arduino_due_x/libsam_sam3x8e_gcc_rel.a(pmc.o)
                0x00082950                pmc_enable_udpck
 .text.SPI_Enable
                0x0008295c        0x6 C:\Users\ronmarti\AppData\Local\arduino15\packages\arduino\hardware\sam\1.6.7\variants\arduino_due_x/libsam_sam3x8e_gcc_rel.a(spi.o)
                0x0008295c                SPI_Enable
 *fill*         0x00082962        0x2 
 .text.SPI_Configure
                0x00082964       0x20 C:\Users\ronmarti\AppData\Local\arduino15\packages\arduino\hardware\sam\1.6.7\variants\arduino_due_x/libsam_sam3x8e_gcc_rel.a(spi.o)
                0x00082964                SPI_Configure
 .text.SPI_ConfigureNPCS
                0x00082984        0x8 C:\Users\ronmarti\AppData\Local\arduino15\packages\arduino\hardware\sam\1.6.7\variants\arduino_due_x/libsam_sam3x8e_gcc_rel.a(spi.o)
                0x00082984                SPI_ConfigureNPCS
 .text.TWI_SetClock
                0x0008298c       0x58 C:\Users\ronmarti\AppData\Local\arduino15\packages\arduino\hardware\sam\1.6.7\variants\arduino_due_x/libsam_sam3x8e_gcc_rel.a(twi.o)
                0x0008298c                TWI_SetClock
 .text.TWI_Disable
                0x000829e4       0x2c C:\Users\ronmarti\AppData\Local\arduino15\packages\arduino\hardware\sam\1.6.7\variants\arduino_due_x/libsam_sam3x8e_gcc_rel.a(twi.o)
                0x000829e4                TWI_Disable
 .text.TWI_ConfigureMaster
                0x00082a10       0x48 C:\Users\ronmarti\AppData\Local\arduino15\packages\arduino\hardware\sam\1.6.7\variants\arduino_due_x/libsam_sam3x8e_gcc_rel.a(twi.o)
                0x00082a10                TWI_ConfigureMaster
 .text.TWI_Stop
                0x00082a58       0x28 C:\Users\ronmarti\AppData\Local\arduino15\packages\arduino\hardware\sam\1.6.7\variants\arduino_due_x/libsam_sam3x8e_gcc_rel.a(twi.o)
                0x00082a58                TWI_Stop
 .text.TWI_StartRead
                0x00082a80       0x70 C:\Users\ronmarti\AppData\Local\arduino15\packages\arduino\hardware\sam\1.6.7\variants\arduino_due_x/libsam_sam3x8e_gcc_rel.a(twi.o)
                0x00082a80                TWI_StartRead
 .text.TWI_ReadByte
                0x00082af0       0x28 C:\Users\ronmarti\AppData\Local\arduino15\packages\arduino\hardware\sam\1.6.7\variants\arduino_due_x/libsam_sam3x8e_gcc_rel.a(twi.o)
                0x00082af0                TWI_ReadByte
 .text.TWI_WriteByte
                0x00082b18       0x24 C:\Users\ronmarti\AppData\Local\arduino15\packages\arduino\hardware\sam\1.6.7\variants\arduino_due_x/libsam_sam3x8e_gcc_rel.a(twi.o)
                0x00082b18                TWI_WriteByte
 .text.TWI_StartWrite
                0x00082b3c       0x7c C:\Users\ronmarti\AppData\Local\arduino15\packages\arduino\hardware\sam\1.6.7\variants\arduino_due_x/libsam_sam3x8e_gcc_rel.a(twi.o)
                0x00082b3c                TWI_StartWrite
 .text.TWI_EnableIt
                0x00082bb8       0x40 C:\Users\ronmarti\AppData\Local\arduino15\packages\arduino\hardware\sam\1.6.7\variants\arduino_due_x/libsam_sam3x8e_gcc_rel.a(twi.o)
                0x00082bb8                TWI_EnableIt
 .text.TWI_DisableIt
                0x00082bf8       0x40 C:\Users\ronmarti\AppData\Local\arduino15\packages\arduino\hardware\sam\1.6.7\variants\arduino_due_x/libsam_sam3x8e_gcc_rel.a(twi.o)
                0x00082bf8                TWI_DisableIt
 .text.TWI_GetStatus
                0x00082c38       0x28 C:\Users\ronmarti\AppData\Local\arduino15\packages\arduino\hardware\sam\1.6.7\variants\arduino_due_x/libsam_sam3x8e_gcc_rel.a(twi.o)
                0x00082c38                TWI_GetStatus
 .text.TWI_SendSTOPCondition
                0x00082c60       0x2c C:\Users\ronmarti\AppData\Local\arduino15\packages\arduino\hardware\sam\1.6.7\variants\arduino_due_x/libsam_sam3x8e_gcc_rel.a(twi.o)
                0x00082c60                TWI_SendSTOPCondition
 .text.SystemInit
                0x00082c8c       0x88 C:\Users\ronmarti\AppData\Local\arduino15\packages\arduino\hardware\sam\1.6.7\variants\arduino_due_x/libsam_sam3x8e_gcc_rel.a(system_sam3xa.o)
                0x00082c8c                SystemInit
 .text.Reset_Handler
                0x00082d14       0x78 C:\Users\ronmarti\AppData\Local\arduino15\packages\arduino\hardware\sam\1.6.7\variants\arduino_due_x/libsam_sam3x8e_gcc_rel.a(startup_sam3xa.o)
                0x00082d14                Reset_Handler
 .text.adc_init
                0x00082d8c       0x98 C:\Users\ronmarti\AppData\Local\arduino15\packages\arduino\hardware\sam\1.6.7\variants\arduino_due_x/libsam_sam3x8e_gcc_rel.a(adc.o)
                0x00082d8c                adc_init
 .text.adc_configure_trigger
                0x00082e24        0xe C:\Users\ronmarti\AppData\Local\arduino15\packages\arduino\hardware\sam\1.6.7\variants\arduino_due_x/libsam_sam3x8e_gcc_rel.a(adc.o)
                0x00082e24                adc_configure_trigger
 .text.adc_configure_timing
                0x00082e32       0x1a C:\Users\ronmarti\AppData\Local\arduino15\packages\arduino\hardware\sam\1.6.7\variants\arduino_due_x/libsam_sam3x8e_gcc_rel.a(adc.o)
                0x00082e32                adc_configure_timing
 .text.adc_disable_channel
                0x00082e4c        0xa C:\Users\ronmarti\AppData\Local\arduino15\packages\arduino\hardware\sam\1.6.7\variants\arduino_due_x/libsam_sam3x8e_gcc_rel.a(adc.o)
                0x00082e4c                adc_disable_channel
 .text.adc_disable_all_channel
                0x00082e56        0x8 C:\Users\ronmarti\AppData\Local\arduino15\packages\arduino\hardware\sam\1.6.7\variants\arduino_due_x/libsam_sam3x8e_gcc_rel.a(adc.o)
                0x00082e56                adc_disable_all_channel
 .text.adc_disable_interrupt
                0x00082e5e        0x4 C:\Users\ronmarti\AppData\Local\arduino15\packages\arduino\hardware\sam\1.6.7\variants\arduino_due_x/libsam_sam3x8e_gcc_rel.a(adc.o)
                0x00082e5e                adc_disable_interrupt
 *fill*         0x00082e62        0x2 
 .text.UOTGHS_Handler
                0x00082e64       0x10 C:\Users\ronmarti\AppData\Local\arduino15\packages\arduino\hardware\sam\1.6.7\variants\arduino_due_x/libsam_sam3x8e_gcc_rel.a(uotghs.o)
                0x00082e64                UOTGHS_Handler
 .text.__halt   0x00082e74        0x2 C:\Users\ronmarti\AppData\Local\Temp\VMBuilds\TemperatureLogger\arduino_due_x_dbg\Debug/core.a(cortex_handlers.c.o)
                0x00082e74                DACC_Handler
                0x00082e74                DebugMon_Handler
                0x00082e74                DMAC_Handler
                0x00082e74                TRNG_Handler
                0x00082e74                HardFault_Handler
                0x00082e74                TC2_Handler
                0x00082e74                NMI_Handler
                0x00082e74                TC7_Handler
                0x00082e74                ADC_Handler
                0x00082e74                SMC_Handler
                0x00082e74                RTT_Handler
                0x00082e74                EFC1_Handler
                0x00082e74                PIOB_Handler
                0x00082e74                RTC_Handler
                0x00082e74                UsageFault_Handler
                0x00082e74                TC6_Handler
                0x00082e74                WDT_Handler
                0x00082e74                CAN0_Handler
                0x00082e74                TC4_Handler
                0x00082e74                TC1_Handler
                0x00082e74                HSMCI_Handler
                0x00082e74                TC3_Handler
                0x00082e74                PIOA_Handler
                0x00082e74                SSC_Handler
                0x00082e74                EFC0_Handler
                0x00082e74                PMC_Handler
                0x00082e74                PWM_Handler
                0x00082e74                CAN1_Handler
                0x00082e74                MemManage_Handler
                0x00082e74                SUPC_Handler
                0x00082e74                TC8_Handler
                0x00082e74                USART2_Handler
                0x00082e74                PIOD_Handler
                0x00082e74                EMAC_Handler
                0x00082e74                PIOC_Handler
                0x00082e74                BusFault_Handler
                0x00082e74                RSTC_Handler
                0x00082e74                TC0_Handler
                0x00082e74                TC5_Handler
                0x00082e74                SPI0_Handler
 .text.SVC_Handler
                0x00082e76        0x4 C:\Users\ronmarti\AppData\Local\Temp\VMBuilds\TemperatureLogger\arduino_due_x_dbg\Debug/core.a(cortex_handlers.c.o)
                0x00082e76                SVC_Handler
 .text.PendSV_Handler
                0x00082e7a        0x4 C:\Users\ronmarti\AppData\Local\Temp\VMBuilds\TemperatureLogger\arduino_due_x_dbg\Debug/core.a(cortex_handlers.c.o)
                0x00082e7a                PendSV_Handler
 .text.SysTick_Handler
                0x00082e7e       0x16 C:\Users\ronmarti\AppData\Local\Temp\VMBuilds\TemperatureLogger\arduino_due_x_dbg\Debug/core.a(cortex_handlers.c.o)
                0x00082e7e                SysTick_Handler
 .text.__empty  0x00082e94        0x2 C:\Users\ronmarti\AppData\Local\Temp\VMBuilds\TemperatureLogger\arduino_due_x_dbg\Debug/core.a(hooks.c.o)
                0x00082e94                yield
 .text.__false  0x00082e96        0x4 C:\Users\ronmarti\AppData\Local\Temp\VMBuilds\TemperatureLogger\arduino_due_x_dbg\Debug/core.a(hooks.c.o)
                0x00082e96                sysTickHook
 .text.__halt   0x00082e9a        0x2 C:\Users\ronmarti\AppData\Local\Temp\VMBuilds\TemperatureLogger\arduino_due_x_dbg\Debug/core.a(hooks.c.o)
                0x00082e9a                svcHook
                0x00082e9a                pendSVHook
 .text.millis   0x00082e9c        0x4 C:\Users\ronmarti\AppData\Local\Temp\VMBuilds\TemperatureLogger\arduino_due_x_dbg\Debug/core.a(wiring.c.o)
                0x00082e9c                millis
 .text.delay    0x00082ea0       0x1c C:\Users\ronmarti\AppData\Local\Temp\VMBuilds\TemperatureLogger\arduino_due_x_dbg\Debug/core.a(wiring.c.o)
                0x00082ea0                delay
 .text.analogOutputInit
                0x00082ebc        0x2 C:\Users\ronmarti\AppData\Local\Temp\VMBuilds\TemperatureLogger\arduino_due_x_dbg\Debug/core.a(wiring_analog.c.o)
                0x00082ebc                analogOutputInit
 *fill*         0x00082ebe        0x2 
 .text.pinMode  0x00082ec0      0x108 C:\Users\ronmarti\AppData\Local\Temp\VMBuilds\TemperatureLogger\arduino_due_x_dbg\Debug/core.a(wiring_digital.c.o)
                0x00082ec0                pinMode
 .text.digitalWrite
                0x00082fc8       0x70 C:\Users\ronmarti\AppData\Local\Temp\VMBuilds\TemperatureLogger\arduino_due_x_dbg\Debug/core.a(wiring_digital.c.o)
                0x00082fc8                digitalWrite
 .text.initVariant
                0x00083038        0x2 C:\Users\ronmarti\AppData\Local\Temp\VMBuilds\TemperatureLogger\arduino_due_x_dbg\Debug/core.a(main.cpp.o)
                0x00083038                initVariant
 *fill*         0x0008303a        0x2 
 .text.startup.main
                0x0008303c       0x38 C:\Users\ronmarti\AppData\Local\Temp\VMBuilds\TemperatureLogger\arduino_due_x_dbg\Debug/core.a(main.cpp.o)
                0x0008303c                main
 .text._ZN5Print5writeEPKhj
                0x00083074       0x22 C:\Users\ronmarti\AppData\Local\Temp\VMBuilds\TemperatureLogger\arduino_due_x_dbg\Debug/core.a(Print.cpp.o)
                0x00083074                Print::write(unsigned char const*, unsigned int)
 .text._ZN5Print5writeEPKc
                0x00083096       0x1e C:\Users\ronmarti\AppData\Local\Temp\VMBuilds\TemperatureLogger\arduino_due_x_dbg\Debug/core.a(Print.cpp.o)
                0x00083096                Print::write(char const*)
 .text._ZN5Print5printERK6String
                0x000830b4       0x10 C:\Users\ronmarti\AppData\Local\Temp\VMBuilds\TemperatureLogger\arduino_due_x_dbg\Debug/core.a(Print.cpp.o)
                0x000830b4                Print::print(String const&)
 .text._ZN5Print5printEPKc
                0x000830c4        0x8 C:\Users\ronmarti\AppData\Local\Temp\VMBuilds\TemperatureLogger\arduino_due_x_dbg\Debug/core.a(Print.cpp.o)
                0x000830c4                Print::print(char const*)
 .text._ZN5Print5printEc
                0x000830cc        0xa C:\Users\ronmarti\AppData\Local\Temp\VMBuilds\TemperatureLogger\arduino_due_x_dbg\Debug/core.a(Print.cpp.o)
                0x000830cc                Print::print(char)
 *fill*         0x000830d6        0x2 
 .text._ZN5Print7printlnEv
                0x000830d8       0x10 C:\Users\ronmarti\AppData\Local\Temp\VMBuilds\TemperatureLogger\arduino_due_x_dbg\Debug/core.a(Print.cpp.o)
                0x000830d8                Print::println()
 .text._ZN5Print7printlnERK6String
                0x000830e8       0x14 C:\Users\ronmarti\AppData\Local\Temp\VMBuilds\TemperatureLogger\arduino_due_x_dbg\Debug/core.a(Print.cpp.o)
                0x000830e8                Print::println(String const&)
 .text._ZN5Print7printlnEPKc
                0x000830fc       0x14 C:\Users\ronmarti\AppData\Local\Temp\VMBuilds\TemperatureLogger\arduino_due_x_dbg\Debug/core.a(Print.cpp.o)
                0x000830fc                Print::println(char const*)
 .text._ZN5Print11printNumberEmh
                0x00083110       0x3e C:\Users\ronmarti\AppData\Local\Temp\VMBuilds\TemperatureLogger\arduino_due_x_dbg\Debug/core.a(Print.cpp.o)
                0x00083110                Print::printNumber(unsigned long, unsigned char)
 .text._ZN5Print5printEli
                0x0008314e       0x3c C:\Users\ronmarti\AppData\Local\Temp\VMBuilds\TemperatureLogger\arduino_due_x_dbg\Debug/core.a(Print.cpp.o)
                0x0008314e                Print::print(long, int)
 .text._ZN5Print5printEmi
                0x0008318a       0x18 C:\Users\ronmarti\AppData\Local\Temp\VMBuilds\TemperatureLogger\arduino_due_x_dbg\Debug/core.a(Print.cpp.o)
                0x0008318a                Print::print(unsigned long, int)
 .text._ZN5Print5printEhi
                0x000831a2        0x4 C:\Users\ronmarti\AppData\Local\Temp\VMBuilds\TemperatureLogger\arduino_due_x_dbg\Debug/core.a(Print.cpp.o)
                0x000831a2                Print::print(unsigned char, int)
 *fill*         0x000831a6        0x2 
 .text._ZN5Print10printFloatEdh
                0x000831a8      0x14c C:\Users\ronmarti\AppData\Local\Temp\VMBuilds\TemperatureLogger\arduino_due_x_dbg\Debug/core.a(Print.cpp.o)
                0x000831a8                Print::printFloat(double, unsigned char)
 .text._ZN5Print5printEdi
                0x000832f4        0xa C:\Users\ronmarti\AppData\Local\Temp\VMBuilds\TemperatureLogger\arduino_due_x_dbg\Debug/core.a(Print.cpp.o)
                0x000832f4                Print::print(double, int)
 *fill*         0x000832fe        0x2 
 .text.initiateReset
                0x00083300        0xc C:\Users\ronmarti\AppData\Local\Temp\VMBuilds\TemperatureLogger\arduino_due_x_dbg\Debug/core.a(Reset.cpp.o)
                0x00083300                initiateReset
 .text.cancelReset
                0x0008330c       0x10 C:\Users\ronmarti\AppData\Local\Temp\VMBuilds\TemperatureLogger\arduino_due_x_dbg\Debug/core.a(Reset.cpp.o)
                0x0008330c                cancelReset
 .text.tickReset
                0x0008331c       0x20 C:\Users\ronmarti\AppData\Local\Temp\VMBuilds\TemperatureLogger\arduino_due_x_dbg\Debug/core.a(Reset.cpp.o)
                0x0008331c                tickReset
 .text._ZN10RingBufferC2Ev
                0x0008333c       0x1a C:\Users\ronmarti\AppData\Local\Temp\VMBuilds\TemperatureLogger\arduino_due_x_dbg\Debug/core.a(RingBuffer.cpp.o)
                0x0008333c                RingBuffer::RingBuffer()
                0x0008333c                RingBuffer::RingBuffer()
 .text._ZN10RingBuffer10store_charEh
                0x00083356       0x1e C:\Users\ronmarti\AppData\Local\Temp\VMBuilds\TemperatureLogger\arduino_due_x_dbg\Debug/core.a(RingBuffer.cpp.o)
                0x00083356                RingBuffer::store_char(unsigned char)
 .text._ZN9UARTClasscvbEv
                0x00083374        0x4 C:\Users\ronmarti\AppData\Local\Temp\VMBuilds\TemperatureLogger\arduino_due_x_dbg\Debug/core.a(UARTClass.cpp.o)
                0x00083374                UARTClass::operator bool()
 .text._ZN9UARTClass9availableEv
                0x00083378       0x12 C:\Users\ronmarti\AppData\Local\Temp\VMBuilds\TemperatureLogger\arduino_due_x_dbg\Debug/core.a(UARTClass.cpp.o)
                0x00083378                UARTClass::available()
 .text._ZN9UARTClass4peekEv
                0x0008338a       0x1c C:\Users\ronmarti\AppData\Local\Temp\VMBuilds\TemperatureLogger\arduino_due_x_dbg\Debug/core.a(UARTClass.cpp.o)
                0x0008338a                UARTClass::peek()
 .text._ZN9UARTClass4readEv
                0x000833a6       0x2a C:\Users\ronmarti\AppData\Local\Temp\VMBuilds\TemperatureLogger\arduino_due_x_dbg\Debug/core.a(UARTClass.cpp.o)
                0x000833a6                UARTClass::read()
 .text._ZN9UARTClass5flushEv
                0x000833d0       0x18 C:\Users\ronmarti\AppData\Local\Temp\VMBuilds\TemperatureLogger\arduino_due_x_dbg\Debug/core.a(UARTClass.cpp.o)
                0x000833d0                UARTClass::flush()
 .text._ZN9UARTClass5writeEh
                0x000833e8       0x54 C:\Users\ronmarti\AppData\Local\Temp\VMBuilds\TemperatureLogger\arduino_due_x_dbg\Debug/core.a(UARTClass.cpp.o)
                0x000833e8                UARTClass::write(unsigned char)
 .text._ZN9UARTClass3endEv
                0x0008343c       0x3c C:\Users\ronmarti\AppData\Local\Temp\VMBuilds\TemperatureLogger\arduino_due_x_dbg\Debug/core.a(UARTClass.cpp.o)
                0x0008343c                UARTClass::end()
 .text._ZN9UARTClassC2EP4Uart4IRQnmP10RingBufferS4_
                0x00083478       0x24 C:\Users\ronmarti\AppData\Local\Temp\VMBuilds\TemperatureLogger\arduino_due_x_dbg\Debug/core.a(UARTClass.cpp.o)
                0x00083478                UARTClass::UARTClass(Uart*, IRQn, unsigned long, RingBuffer*, RingBuffer*)
                0x00083478                UARTClass::UARTClass(Uart*, IRQn, unsigned long, RingBuffer*, RingBuffer*)
 .text._ZN9UARTClass4initEmm
                0x0008349c       0x70 C:\Users\ronmarti\AppData\Local\Temp\VMBuilds\TemperatureLogger\arduino_due_x_dbg\Debug/core.a(UARTClass.cpp.o)
                0x0008349c                UARTClass::init(unsigned long, unsigned long)
 .text._ZN9UARTClass5beginEm
                0x0008350c        0x8 C:\Users\ronmarti\AppData\Local\Temp\VMBuilds\TemperatureLogger\arduino_due_x_dbg\Debug/core.a(UARTClass.cpp.o)
                0x0008350c                UARTClass::begin(unsigned long)
 .text._ZN9UARTClass10IrqHandlerEv
                0x00083514       0x5a C:\Users\ronmarti\AppData\Local\Temp\VMBuilds\TemperatureLogger\arduino_due_x_dbg\Debug/core.a(UARTClass.cpp.o)
                0x00083514                UARTClass::IrqHandler()
 .text._ZN10USARTClass5beginEm
                0x0008356e        0x8 C:\Users\ronmarti\AppData\Local\Temp\VMBuilds\TemperatureLogger\arduino_due_x_dbg\Debug/core.a(USARTClass.cpp.o)
                0x0008356e                USARTClass::begin(unsigned long)
 *fill*         0x00083576        0x2 
 .text._ZN10USARTClassC2EP5Usart4IRQnmP10RingBufferS4_
                0x00083578       0x24 C:\Users\ronmarti\AppData\Local\Temp\VMBuilds\TemperatureLogger\arduino_due_x_dbg\Debug/core.a(USARTClass.cpp.o)
                0x00083578                USARTClass::USARTClass(Usart*, IRQn, unsigned long, RingBuffer*, RingBuffer*)
                0x00083578                USARTClass::USARTClass(Usart*, IRQn, unsigned long, RingBuffer*, RingBuffer*)
 .text._watchdogDefaultSetup
                0x0008359c        0xc C:\Users\ronmarti\AppData\Local\Temp\VMBuilds\TemperatureLogger\arduino_due_x_dbg\Debug/core.a(watchdog.cpp.o)
                0x0008359c                _watchdogDefaultSetup
                0x0008359c                watchdogSetup()
 .text._ZN6StringD2Ev
                0x000835a8        0xe C:\Users\ronmarti\AppData\Local\Temp\VMBuilds\TemperatureLogger\arduino_due_x_dbg\Debug/core.a(WString.cpp.o)
                0x000835a8                String::~String()
                0x000835a8                String::~String()
 .text._ZN6String10invalidateEv
                0x000835b6       0x16 C:\Users\ronmarti\AppData\Local\Temp\VMBuilds\TemperatureLogger\arduino_due_x_dbg\Debug/core.a(WString.cpp.o)
                0x000835b6                String::invalidate()
 .text._ZN6String12changeBufferEj
                0x000835cc       0x18 C:\Users\ronmarti\AppData\Local\Temp\VMBuilds\TemperatureLogger\arduino_due_x_dbg\Debug/core.a(WString.cpp.o)
                0x000835cc                String::changeBuffer(unsigned int)
 .text._ZN6String7reserveEj
                0x000835e4       0x22 C:\Users\ronmarti\AppData\Local\Temp\VMBuilds\TemperatureLogger\arduino_due_x_dbg\Debug/core.a(WString.cpp.o)
                0x000835e4                String::reserve(unsigned int)
 .text._ZN6String4copyEPKcj
                0x00083606       0x26 C:\Users\ronmarti\AppData\Local\Temp\VMBuilds\TemperatureLogger\arduino_due_x_dbg\Debug/core.a(WString.cpp.o)
                0x00083606                String::copy(char const*, unsigned int)
 .text._ZN6StringC2EPKc
                0x0008362c       0x24 C:\Users\ronmarti\AppData\Local\Temp\VMBuilds\TemperatureLogger\arduino_due_x_dbg\Debug/core.a(WString.cpp.o)
                0x0008362c                String::String(char const*)
                0x0008362c                String::String(char const*)
 .text._ZN6String6concatEPKcj
                0x00083650       0x2e C:\Users\ronmarti\AppData\Local\Temp\VMBuilds\TemperatureLogger\arduino_due_x_dbg\Debug/core.a(WString.cpp.o)
                0x00083650                String::concat(char const*, unsigned int)
 .text._ZN6String6concatEPKc
                0x0008367e       0x1e C:\Users\ronmarti\AppData\Local\Temp\VMBuilds\TemperatureLogger\arduino_due_x_dbg\Debug/core.a(WString.cpp.o)
                0x0008367e                String::concat(char const*)
 .text._ZN6String6concatEf
                0x0008369c       0x2c C:\Users\ronmarti\AppData\Local\Temp\VMBuilds\TemperatureLogger\arduino_due_x_dbg\Debug/core.a(WString.cpp.o)
                0x0008369c                String::concat(float)
 .text.unlikely._ZL11USB_SendZlpv
                0x000836c8       0x20 C:\Users\ronmarti\AppData\Local\Temp\VMBuilds\TemperatureLogger\arduino_due_x_dbg\Debug/core.a(USBCore.cpp.o)
 .text._Z14USBD_Availablem
                0x000836e8       0x2c C:\Users\ronmarti\AppData\Local\Temp\VMBuilds\TemperatureLogger\arduino_due_x_dbg\Debug/core.a(USBCore.cpp.o)
                0x000836e8                USBD_Available(unsigned long)
 .text._Z9USBD_RecvmPvm
                0x00083714       0x7c C:\Users\ronmarti\AppData\Local\Temp\VMBuilds\TemperatureLogger\arduino_due_x_dbg\Debug/core.a(USBCore.cpp.o)
                0x00083714                USBD_Recv(unsigned long, void*, unsigned long)
 .text._Z9USBD_Recvm
                0x00083790       0x22 C:\Users\ronmarti\AppData\Local\Temp\VMBuilds\TemperatureLogger\arduino_due_x_dbg\Debug/core.a(USBCore.cpp.o)
                0x00083790                USBD_Recv(unsigned long)
 *fill*         0x000837b2        0x2 
 .text._Z9USBD_SendmPKvm
                0x000837b4       0x4c C:\Users\ronmarti\AppData\Local\Temp\VMBuilds\TemperatureLogger\arduino_due_x_dbg\Debug/core.a(USBCore.cpp.o)
                0x000837b4                USBD_Send(unsigned long, void const*, unsigned long)
 .text._Z16USBD_SendControlhPKvm
                0x00083800       0x40 C:\Users\ronmarti\AppData\Local\Temp\VMBuilds\TemperatureLogger\arduino_due_x_dbg\Debug/core.a(USBCore.cpp.o)
                0x00083800                USBD_SendControl(unsigned char, void const*, unsigned long)
 .text.unlikely._ZL24USB_SendStringDescriptorPKhi
                0x00083840       0x64 C:\Users\ronmarti\AppData\Local\Temp\VMBuilds\TemperatureLogger\arduino_due_x_dbg\Debug/core.a(USBCore.cpp.o)
 .text._Z16USBD_RecvControlPvm
                0x000838a4       0x1c C:\Users\ronmarti\AppData\Local\Temp\VMBuilds\TemperatureLogger\arduino_due_x_dbg\Debug/core.a(USBCore.cpp.o)
                0x000838a4                USBD_RecvControl(void*, unsigned long)
 .text._Z26USBD_ClassInterfaceRequestR8USBSetup
                0x000838c0       0x1e C:\Users\ronmarti\AppData\Local\Temp\VMBuilds\TemperatureLogger\arduino_due_x_dbg\Debug/core.a(USBCore.cpp.o)
                0x000838c0                USBD_ClassInterfaceRequest(USBSetup&)
 .text._Z19USBD_SendInterfacesv
                0x000838de       0x22 C:\Users\ronmarti\AppData\Local\Temp\VMBuilds\TemperatureLogger\arduino_due_x_dbg\Debug/core.a(USBCore.cpp.o)
                0x000838de                USBD_SendInterfaces()
 .text._Z24USBD_SendOtherInterfacesv
                0x00083900       0x22 C:\Users\ronmarti\AppData\Local\Temp\VMBuilds\TemperatureLogger\arduino_due_x_dbg\Debug/core.a(USBCore.cpp.o)
                0x00083900                USBD_SendOtherInterfaces()
 .text._Z10USBD_Flushm
                0x00083922       0x16 C:\Users\ronmarti\AppData\Local\Temp\VMBuilds\TemperatureLogger\arduino_due_x_dbg\Debug/core.a(USBCore.cpp.o)
                0x00083922                USBD_Flush(unsigned long)
 .text._ZN10USBDevice_C2Ev
                0x00083938       0x24 C:\Users\ronmarti\AppData\Local\Temp\VMBuilds\TemperatureLogger\arduino_due_x_dbg\Debug/core.a(USBCore.cpp.o)
                0x00083938                USBDevice_::USBDevice_()
                0x00083938                USBDevice_::USBDevice_()
 .text._ZN10USBDevice_6attachEv
                0x0008395c       0x20 C:\Users\ronmarti\AppData\Local\Temp\VMBuilds\TemperatureLogger\arduino_due_x_dbg\Debug/core.a(USBCore.cpp.o)
                0x0008395c                USBDevice_::attach()
 .text.startup._GLOBAL__sub_I_EndPoints
                0x0008397c        0xc C:\Users\ronmarti\AppData\Local\Temp\VMBuilds\TemperatureLogger\arduino_due_x_dbg\Debug/core.a(USBCore.cpp.o)
 .text._ZL7USB_ISRv
                0x00083988      0x454 C:\Users\ronmarti\AppData\Local\Temp\VMBuilds\TemperatureLogger\arduino_due_x_dbg\Debug/core.a(USBCore.cpp.o)
 .text.dtostrf  0x00083ddc       0x28 C:\Users\ronmarti\AppData\Local\Temp\VMBuilds\TemperatureLogger\arduino_due_x_dbg\Debug/core.a(dtostrf.c.o)
                0x00083ddc                dtostrf
 .text._ZN7Serial_9availableEv
                0x00083e04       0x18 C:\Users\ronmarti\AppData\Local\Temp\VMBuilds\TemperatureLogger\arduino_due_x_dbg\Debug/core.a(CDC.cpp.o)
                0x00083e04                Serial_::available()
 .text._ZN7Serial_4peekEv
                0x00083e1c       0x20 C:\Users\ronmarti\AppData\Local\Temp\VMBuilds\TemperatureLogger\arduino_due_x_dbg\Debug/core.a(CDC.cpp.o)
                0x00083e1c                Serial_::peek()
 .text._ZN7Serial_5writeEh
                0x00083e3c       0x16 C:\Users\ronmarti\AppData\Local\Temp\VMBuilds\TemperatureLogger\arduino_due_x_dbg\Debug/core.a(CDC.cpp.o)
                0x00083e3c                Serial_::write(unsigned char)
 *fill*         0x00083e52        0x2 
 .text._ZN7Serial_4readEv
                0x00083e54       0x44 C:\Users\ronmarti\AppData\Local\Temp\VMBuilds\TemperatureLogger\arduino_due_x_dbg\Debug/core.a(CDC.cpp.o)
                0x00083e54                Serial_::read()
 .text._ZN7Serial_5flushEv
                0x00083e98        0x6 C:\Users\ronmarti\AppData\Local\Temp\VMBuilds\TemperatureLogger\arduino_due_x_dbg\Debug/core.a(CDC.cpp.o)
                0x00083e98                Serial_::flush()
 *fill*         0x00083e9e        0x2 
 .text._ZN7Serial_6acceptEv
                0x00083ea0       0x70 C:\Users\ronmarti\AppData\Local\Temp\VMBuilds\TemperatureLogger\arduino_due_x_dbg\Debug/core.a(CDC.cpp.o)
                0x00083ea0                Serial_::accept()
 .text._ZN7Serial_5writeEPKhj
                0x00083f10       0x2c C:\Users\ronmarti\AppData\Local\Temp\VMBuilds\TemperatureLogger\arduino_due_x_dbg\Debug/core.a(CDC.cpp.o)
                0x00083f10                Serial_::write(unsigned char const*, unsigned int)
 .text._Z16CDC_GetInterfacePh
                0x00083f3c       0x14 C:\Users\ronmarti\AppData\Local\Temp\VMBuilds\TemperatureLogger\arduino_due_x_dbg\Debug/core.a(CDC.cpp.o)
                0x00083f3c                CDC_GetInterface(unsigned char*)
 .text._Z21CDC_GetOtherInterfacePh
                0x00083f50       0x14 C:\Users\ronmarti\AppData\Local\Temp\VMBuilds\TemperatureLogger\arduino_due_x_dbg\Debug/core.a(CDC.cpp.o)
                0x00083f50                CDC_GetOtherInterface(unsigned char*)
 .text._Z9CDC_SetupR8USBSetup
                0x00083f64       0x78 C:\Users\ronmarti\AppData\Local\Temp\VMBuilds\TemperatureLogger\arduino_due_x_dbg\Debug/core.a(CDC.cpp.o)
                0x00083f64                CDC_Setup(USBSetup&)
 .text.startup._GLOBAL__sub_I_cdc_rx_buffer
                0x00083fdc       0x1c C:\Users\ronmarti\AppData\Local\Temp\VMBuilds\TemperatureLogger\arduino_due_x_dbg\Debug/core.a(CDC.cpp.o)
 .text._ZN13PluggableUSB_12getInterfaceEPh
                0x00083ff8       0x28 C:\Users\ronmarti\AppData\Local\Temp\VMBuilds\TemperatureLogger\arduino_due_x_dbg\Debug/core.a(PluggableUSB.cpp.o)
                0x00083ff8                PluggableUSB_::getInterface(unsigned char*)
 .text._ZN13PluggableUSB_13getDescriptorER8USBSetup
                0x00084020       0x1c C:\Users\ronmarti\AppData\Local\Temp\VMBuilds\TemperatureLogger\arduino_due_x_dbg\Debug/core.a(PluggableUSB.cpp.o)
                0x00084020                PluggableUSB_::getDescriptor(USBSetup&)
 .text._ZN13PluggableUSB_12getShortNameEPc
                0x0008403c       0x1c C:\Users\ronmarti\AppData\Local\Temp\VMBuilds\TemperatureLogger\arduino_due_x_dbg\Debug/core.a(PluggableUSB.cpp.o)
                0x0008403c                PluggableUSB_::getShortName(char*)
 .text._ZN13PluggableUSB_5setupER8USBSetup
                0x00084058       0x20 C:\Users\ronmarti\AppData\Local\Temp\VMBuilds\TemperatureLogger\arduino_due_x_dbg\Debug/core.a(PluggableUSB.cpp.o)
                0x00084058                PluggableUSB_::setup(USBSetup&)
 .text._Z12PluggableUSBv
                0x00084078       0x28 C:\Users\ronmarti\AppData\Local\Temp\VMBuilds\TemperatureLogger\arduino_due_x_dbg\Debug/core.a(PluggableUSB.cpp.o)
                0x00084078                PluggableUSB()
 .text.TimeTick_Increment
                0x000840a0       0x10 C:\Users\ronmarti\AppData\Local\arduino15\packages\arduino\hardware\sam\1.6.7\variants\arduino_due_x/libsam_sam3x8e_gcc_rel.a(timetick.o)
                0x000840a0                TimeTick_Increment
 .text.GetTickCount
                0x000840b0        0xc C:\Users\ronmarti\AppData\Local\arduino15\packages\arduino\hardware\sam\1.6.7\variants\arduino_due_x/libsam_sam3x8e_gcc_rel.a(timetick.o)
                0x000840b0                GetTickCount
 .text.WDT_Disable
                0x000840bc        0x8 C:\Users\ronmarti\AppData\Local\arduino15\packages\arduino\hardware\sam\1.6.7\variants\arduino_due_x/libsam_sam3x8e_gcc_rel.a(wdt.o)
                0x000840bc                WDT_Disable
 .text.UDD_SetStack
                0x000840c4        0xc C:\Users\ronmarti\AppData\Local\arduino15\packages\arduino\hardware\sam\1.6.7\variants\arduino_due_x/libsam_sam3x8e_gcc_rel.a(uotghs_device.o)
                0x000840c4                UDD_SetStack
 .text.UDD_Init
                0x000840d0       0xd0 C:\Users\ronmarti\AppData\Local\arduino15\packages\arduino\hardware\sam\1.6.7\variants\arduino_due_x/libsam_sam3x8e_gcc_rel.a(uotghs_device.o)
                0x000840d0                UDD_Init
 .text.UDD_Attach
                0x000841a0       0x50 C:\Users\ronmarti\AppData\Local\arduino15\packages\arduino\hardware\sam\1.6.7\variants\arduino_due_x/libsam_sam3x8e_gcc_rel.a(uotghs_device.o)
                0x000841a0                UDD_Attach
 .text.UDD_InitEP
                0x000841f0       0x2c C:\Users\ronmarti\AppData\Local\arduino15\packages\arduino\hardware\sam\1.6.7\variants\arduino_due_x/libsam_sam3x8e_gcc_rel.a(uotghs_device.o)
                0x000841f0                UDD_InitEP
 .text.UDD_InitEndpoints
                0x0008421c       0x3c C:\Users\ronmarti\AppData\Local\arduino15\packages\arduino\hardware\sam\1.6.7\variants\arduino_due_x/libsam_sam3x8e_gcc_rel.a(uotghs_device.o)
                0x0008421c                UDD_InitEndpoints
 .text.UDD_WaitIN
                0x00084258       0x10 C:\Users\ronmarti\AppData\Local\arduino15\packages\arduino\hardware\sam\1.6.7\variants\arduino_due_x/libsam_sam3x8e_gcc_rel.a(uotghs_device.o)
                0x00084258                UDD_WaitIN
 .text.UDD_WaitOUT
                0x00084268       0x10 C:\Users\ronmarti\AppData\Local\arduino15\packages\arduino\hardware\sam\1.6.7\variants\arduino_due_x/libsam_sam3x8e_gcc_rel.a(uotghs_device.o)
                0x00084268                UDD_WaitOUT
 .text.UDD_ClearIN
                0x00084278       0x18 C:\Users\ronmarti\AppData\Local\arduino15\packages\arduino\hardware\sam\1.6.7\variants\arduino_due_x/libsam_sam3x8e_gcc_rel.a(uotghs_device.o)
                0x00084278                UDD_ClearIN
 .text.UDD_ClearOUT
                0x00084290       0x18 C:\Users\ronmarti\AppData\Local\arduino15\packages\arduino\hardware\sam\1.6.7\variants\arduino_due_x/libsam_sam3x8e_gcc_rel.a(uotghs_device.o)
                0x00084290                UDD_ClearOUT
 .text.UDD_ReceivedSetupInt
                0x000842a8       0x10 C:\Users\ronmarti\AppData\Local\arduino15\packages\arduino\hardware\sam\1.6.7\variants\arduino_due_x/libsam_sam3x8e_gcc_rel.a(uotghs_device.o)
                0x000842a8                UDD_ReceivedSetupInt
 .text.UDD_ClearSetupInt
                0x000842b8       0x10 C:\Users\ronmarti\AppData\Local\arduino15\packages\arduino\hardware\sam\1.6.7\variants\arduino_due_x/libsam_sam3x8e_gcc_rel.a(uotghs_device.o)
                0x000842b8                UDD_ClearSetupInt
 .text.UDD_Send
                0x000842c8       0x88 C:\Users\ronmarti\AppData\Local\arduino15\packages\arduino\hardware\sam\1.6.7\variants\arduino_due_x/libsam_sam3x8e_gcc_rel.a(uotghs_device.o)
                0x000842c8                UDD_Send
 .text.UDD_Send8
                0x00084350       0x24 C:\Users\ronmarti\AppData\Local\arduino15\packages\arduino\hardware\sam\1.6.7\variants\arduino_due_x/libsam_sam3x8e_gcc_rel.a(uotghs_device.o)
                0x00084350                UDD_Send8
 .text.UDD_Recv8
                0x00084374       0x28 C:\Users\ronmarti\AppData\Local\arduino15\packages\arduino\hardware\sam\1.6.7\variants\arduino_due_x/libsam_sam3x8e_gcc_rel.a(uotghs_device.o)
                0x00084374                UDD_Recv8
 .text.UDD_Recv
                0x0008439c       0x34 C:\Users\ronmarti\AppData\Local\arduino15\packages\arduino\hardware\sam\1.6.7\variants\arduino_due_x/libsam_sam3x8e_gcc_rel.a(uotghs_device.o)
                0x0008439c                UDD_Recv
 .text.UDD_Stall
                0x000843d0       0x14 C:\Users\ronmarti\AppData\Local\arduino15\packages\arduino\hardware\sam\1.6.7\variants\arduino_due_x/libsam_sam3x8e_gcc_rel.a(uotghs_device.o)
                0x000843d0                UDD_Stall
 .text.UDD_FifoByteCount
                0x000843e4       0x14 C:\Users\ronmarti\AppData\Local\arduino15\packages\arduino\hardware\sam\1.6.7\variants\arduino_due_x/libsam_sam3x8e_gcc_rel.a(uotghs_device.o)
                0x000843e4                UDD_FifoByteCount
 .text.UDD_ReleaseRX
                0x000843f8       0x28 C:\Users\ronmarti\AppData\Local\arduino15\packages\arduino\hardware\sam\1.6.7\variants\arduino_due_x/libsam_sam3x8e_gcc_rel.a(uotghs_device.o)
                0x000843f8                UDD_ReleaseRX
 .text.UDD_ReleaseTX
                0x00084420       0x28 C:\Users\ronmarti\AppData\Local\arduino15\packages\arduino\hardware\sam\1.6.7\variants\arduino_due_x/libsam_sam3x8e_gcc_rel.a(uotghs_device.o)
                0x00084420                UDD_ReleaseTX
 .text.UDD_SetAddress
                0x00084448       0x20 C:\Users\ronmarti\AppData\Local\arduino15\packages\arduino\hardware\sam\1.6.7\variants\arduino_due_x/libsam_sam3x8e_gcc_rel.a(uotghs_device.o)
                0x00084448                UDD_SetAddress
 .text.__fpclassifyd
                0x00084468       0x50 c:/users/ronmarti/appdata/local/arduino15/packages/arduino/tools/arm-none-eabi-gcc/4.8.3-2014q1/bin/../lib/gcc/arm-none-eabi/4.8.3/../../../../arm-none-eabi/lib/armv7-m\libm.a(lib_a-s_fpclassify.o)
                0x00084468                __fpclassifyd
 .text.pow      0x000844b8      0x2f8 c:/users/ronmarti/appdata/local/arduino15/packages/arduino/tools/arm-none-eabi-gcc/4.8.3-2014q1/bin/../lib/gcc/arm-none-eabi/4.8.3/../../../../arm-none-eabi/lib/armv7-m\libm.a(lib_a-w_pow.o)
                0x000844b8                pow
 .text.__ieee754_pow
                0x000847b0      0xab8 c:/users/ronmarti/appdata/local/arduino15/packages/arduino/tools/arm-none-eabi-gcc/4.8.3-2014q1/bin/../lib/gcc/arm-none-eabi/4.8.3/../../../../arm-none-eabi/lib/armv7-m\libm.a(lib_a-e_pow.o)
                0x000847b0                __ieee754_pow
 .text.__ieee754_sqrt
                0x00085268      0x180 c:/users/ronmarti/appdata/local/arduino15/packages/arduino/tools/arm-none-eabi-gcc/4.8.3-2014q1/bin/../lib/gcc/arm-none-eabi/4.8.3/../../../../arm-none-eabi/lib/armv7-m\libm.a(lib_a-e_sqrt.o)
                0x00085268                __ieee754_sqrt
 .text.fabs     0x000853e8        0x8 c:/users/ronmarti/appdata/local/arduino15/packages/arduino/tools/arm-none-eabi-gcc/4.8.3-2014q1/bin/../lib/gcc/arm-none-eabi/4.8.3/../../../../arm-none-eabi/lib/armv7-m\libm.a(lib_a-s_fabs.o)
                0x000853e8                fabs
 .text.finite   0x000853f0        0xc c:/users/ronmarti/appdata/local/arduino15/packages/arduino/tools/arm-none-eabi-gcc/4.8.3-2014q1/bin/../lib/gcc/arm-none-eabi/4.8.3/../../../../arm-none-eabi/lib/armv7-m\libm.a(lib_a-s_finite.o)
                0x000853f0                finite
 .text.matherr  0x000853fc        0x4 c:/users/ronmarti/appdata/local/arduino15/packages/arduino/tools/arm-none-eabi-gcc/4.8.3-2014q1/bin/../lib/gcc/arm-none-eabi/4.8.3/../../../../arm-none-eabi/lib/armv7-m\libm.a(lib_a-s_matherr.o)
                0x000853fc                matherr
 .text.nan      0x00085400        0xc c:/users/ronmarti/appdata/local/arduino15/packages/arduino/tools/arm-none-eabi-gcc/4.8.3-2014q1/bin/../lib/gcc/arm-none-eabi/4.8.3/../../../../arm-none-eabi/lib/armv7-m\libm.a(lib_a-s_nan.o)
                0x00085400                nan
 .text.rint     0x0008540c      0x118 c:/users/ronmarti/appdata/local/arduino15/packages/arduino/tools/arm-none-eabi-gcc/4.8.3-2014q1/bin/../lib/gcc/arm-none-eabi/4.8.3/../../../../arm-none-eabi/lib/armv7-m\libm.a(lib_a-s_rint.o)
                0x0008540c                rint
 *fill*         0x00085524        0x4 
 .text.scalbn   0x00085528      0x100 c:/users/ronmarti/appdata/local/arduino15/packages/arduino/tools/arm-none-eabi-gcc/4.8.3-2014q1/bin/../lib/gcc/arm-none-eabi/4.8.3/../../../../arm-none-eabi/lib/armv7-m\libm.a(lib_a-s_scalbn.o)
                0x00085528                scalbn
 .text.copysign
                0x00085628       0x14 c:/users/ronmarti/appdata/local/arduino15/packages/arduino/tools/arm-none-eabi-gcc/4.8.3-2014q1/bin/../lib/gcc/arm-none-eabi/4.8.3/../../../../arm-none-eabi/lib/armv7-m\libm.a(lib_a-s_copysign.o)
                0x00085628                copysign
 .text          0x0008563c      0x370 c:/users/ronmarti/appdata/local/arduino15/packages/arduino/tools/arm-none-eabi-gcc/4.8.3-2014q1/bin/../lib/gcc/arm-none-eabi/4.8.3/armv7-m\libgcc.a(_arm_addsubdf3.o)
                0x0008563c                __aeabi_drsub
                0x00085644                __aeabi_dsub
                0x00085644                __subdf3
                0x00085648                __aeabi_dadd
                0x00085648                __adddf3
                0x000858c0                __floatunsidf
                0x000858c0                __aeabi_ui2d
                0x000858e0                __floatsidf
                0x000858e0                __aeabi_i2d
                0x00085904                __aeabi_f2d
                0x00085904                __extendsfdf2
                0x00085940                __floatundidf
                0x00085940                __aeabi_ul2d
                0x00085950                __floatdidf
                0x00085950                __aeabi_l2d
 .text          0x000859ac      0x424 c:/users/ronmarti/appdata/local/arduino15/packages/arduino/tools/arm-none-eabi-gcc/4.8.3-2014q1/bin/../lib/gcc/arm-none-eabi/4.8.3/armv7-m\libgcc.a(_arm_muldivdf3.o)
                0x000859ac                __aeabi_dmul
                0x000859ac                __muldf3
                0x00085c00                __divdf3
                0x00085c00                __aeabi_ddiv
 .text          0x00085dd0      0x110 c:/users/ronmarti/appdata/local/arduino15/packages/arduino/tools/arm-none-eabi-gcc/4.8.3-2014q1/bin/../lib/gcc/arm-none-eabi/4.8.3/armv7-m\libgcc.a(_arm_cmpdf2.o)
                0x00085dd0                __gtdf2
                0x00085dd0                __gedf2
                0x00085dd8                __ltdf2
                0x00085dd8                __ledf2
                0x00085de0                __nedf2
                0x00085de0                __eqdf2
                0x00085de0                __cmpdf2
                0x00085e5c                __aeabi_cdrcmple
                0x00085e6c                __aeabi_cdcmpeq
                0x00085e6c                __aeabi_cdcmple
                0x00085e7c                __aeabi_dcmpeq
                0x00085e90                __aeabi_dcmplt
                0x00085ea4                __aeabi_dcmple
                0x00085eb8                __aeabi_dcmpge
                0x00085ecc                __aeabi_dcmpgt
 .text          0x00085ee0       0x50 c:/users/ronmarti/appdata/local/arduino15/packages/arduino/tools/arm-none-eabi-gcc/4.8.3-2014q1/bin/../lib/gcc/arm-none-eabi/4.8.3/armv7-m\libgcc.a(_arm_fixdfsi.o)
                0x00085ee0                __aeabi_d2iz
                0x00085ee0                __fixdfsi
 .text          0x00085f30       0x40 c:/users/ronmarti/appdata/local/arduino15/packages/arduino/tools/arm-none-eabi-gcc/4.8.3-2014q1/bin/../lib/gcc/arm-none-eabi/4.8.3/armv7-m\libgcc.a(_arm_fixunsdfsi.o)
                0x00085f30                __aeabi_d2uiz
                0x00085f30                __fixunsdfsi
 .text          0x00085f70       0xa0 c:/users/ronmarti/appdata/local/arduino15/packages/arduino/tools/arm-none-eabi-gcc/4.8.3-2014q1/bin/../lib/gcc/arm-none-eabi/4.8.3/armv7-m\libgcc.a(_arm_truncdfsf2.o)
                0x00085f70                __truncdfsf2
                0x00085f70                __aeabi_d2f
 .text          0x00086010      0x21c c:/users/ronmarti/appdata/local/arduino15/packages/arduino/tools/arm-none-eabi-gcc/4.8.3-2014q1/bin/../lib/gcc/arm-none-eabi/4.8.3/armv7-m\libgcc.a(_arm_addsubsf3.o)
                0x00086010                __aeabi_frsub
                0x00086018                __subsf3
                0x00086018                __aeabi_fsub
                0x0008601c                __aeabi_fadd
                0x0008601c                __addsf3
                0x0008617c                __aeabi_ui2f
                0x0008617c                __floatunsisf
                0x00086184                __aeabi_i2f
                0x00086184                __floatsisf
                0x000861a0                __aeabi_ul2f
                0x000861a0                __floatundisf
                0x000861b0                __aeabi_l2f
                0x000861b0                __floatdisf
 .text          0x0008622c      0x2a0 c:/users/ronmarti/appdata/local/arduino15/packages/arduino/tools/arm-none-eabi-gcc/4.8.3-2014q1/bin/../lib/gcc/arm-none-eabi/4.8.3/armv7-m\libgcc.a(_arm_muldivsf3.o)
                0x0008622c                __mulsf3
                0x0008622c                __aeabi_fmul
                0x00086394                __aeabi_fdiv
                0x00086394                __divsf3
 .text.__aeabi_atexit
                0x000864cc        0xc c:/users/ronmarti/appdata/local/arduino15/packages/arduino/tools/arm-none-eabi-gcc/4.8.3-2014q1/bin/../lib/gcc/arm-none-eabi/4.8.3/../../../../arm-none-eabi/lib/armv7-m\libg.a(lib_a-aeabi_atexit.o)
                0x000864cc                __aeabi_atexit
 .text.__assert_func
                0x000864d8       0x3c c:/users/ronmarti/appdata/local/arduino15/packages/arduino/tools/arm-none-eabi-gcc/4.8.3-2014q1/bin/../lib/gcc/arm-none-eabi/4.8.3/../../../../arm-none-eabi/lib/armv7-m\libg.a(lib_a-assert.o)
                0x000864d8                __assert_func
 .text.__cxa_atexit
                0x00086514       0x14 c:/users/ronmarti/appdata/local/arduino15/packages/arduino/tools/arm-none-eabi-gcc/4.8.3-2014q1/bin/../lib/gcc/arm-none-eabi/4.8.3/../../../../arm-none-eabi/lib/armv7-m\libg.a(lib_a-cxa_atexit.o)
                0x00086514                __cxa_atexit
 .text.__errno  0x00086528        0xc c:/users/ronmarti/appdata/local/arduino15/packages/arduino/tools/arm-none-eabi-gcc/4.8.3-2014q1/bin/../lib/gcc/arm-none-eabi/4.8.3/../../../../arm-none-eabi/lib/armv7-m\libg.a(lib_a-errno.o)
                0x00086528                __errno
 .text.fiprintf
                0x00086534       0x28 c:/users/ronmarti/appdata/local/arduino15/packages/arduino/tools/arm-none-eabi-gcc/4.8.3-2014q1/bin/../lib/gcc/arm-none-eabi/4.8.3/../../../../arm-none-eabi/lib/armv7-m\libg.a(lib_a-fiprintf.o)
                0x00086534                fiprintf
 .text.__libc_init_array
                0x0008655c       0x50 c:/users/ronmarti/appdata/local/arduino15/packages/arduino/tools/arm-none-eabi-gcc/4.8.3-2014q1/bin/../lib/gcc/arm-none-eabi/4.8.3/../../../../arm-none-eabi/lib/armv7-m\libg.a(lib_a-init.o)
                0x0008655c                __libc_init_array
 .text.iprintf  0x000865ac       0x28 c:/users/ronmarti/appdata/local/arduino15/packages/arduino/tools/arm-none-eabi-gcc/4.8.3-2014q1/bin/../lib/gcc/arm-none-eabi/4.8.3/../../../../arm-none-eabi/lib/armv7-m\libg.a(lib_a-iprintf.o)
                0x000865ac                iprintf
 .text.malloc   0x000865d4       0x10 c:/users/ronmarti/appdata/local/arduino15/packages/arduino/tools/arm-none-eabi-gcc/4.8.3-2014q1/bin/../lib/gcc/arm-none-eabi/4.8.3/../../../../arm-none-eabi/lib/armv7-m\libg.a(lib_a-malloc.o)
                0x000865d4                malloc
 .text.free     0x000865e4       0x10 c:/users/ronmarti/appdata/local/arduino15/packages/arduino/tools/arm-none-eabi-gcc/4.8.3-2014q1/bin/../lib/gcc/arm-none-eabi/4.8.3/../../../../arm-none-eabi/lib/armv7-m\libg.a(lib_a-malloc.o)
                0x000865e4                free
 .text._malloc_r
                0x000865f4      0x538 c:/users/ronmarti/appdata/local/arduino15/packages/arduino/tools/arm-none-eabi-gcc/4.8.3-2014q1/bin/../lib/gcc/arm-none-eabi/4.8.3/../../../../arm-none-eabi/lib/armv7-m\libg.a(lib_a-mallocr.o)
                0x000865f4                _malloc_r
 .text.memcmp   0x00086b2c       0x68 c:/users/ronmarti/appdata/local/arduino15/packages/arduino/tools/arm-none-eabi-gcc/4.8.3-2014q1/bin/../lib/gcc/arm-none-eabi/4.8.3/../../../../arm-none-eabi/lib/armv7-m\libg.a(lib_a-memcmp.o)
                0x00086b2c                memcmp
 .text          0x00086b94       0xec c:/users/ronmarti/appdata/local/arduino15/packages/arduino/tools/arm-none-eabi-gcc/4.8.3-2014q1/bin/../lib/gcc/arm-none-eabi/4.8.3/../../../../arm-none-eabi/lib/armv7-m\libg.a(lib_a-memcpy.o)
                0x00086b94                memcpy
 .text.memmove  0x00086c80       0xcc c:/users/ronmarti/appdata/local/arduino15/packages/arduino/tools/arm-none-eabi-gcc/4.8.3-2014q1/bin/../lib/gcc/arm-none-eabi/4.8.3/../../../../arm-none-eabi/lib/armv7-m\libg.a(lib_a-memmove.o)
                0x00086c80                memmove
 .text.memset   0x00086d4c       0x94 c:/users/ronmarti/appdata/local/arduino15/packages/arduino/tools/arm-none-eabi-gcc/4.8.3-2014q1/bin/../lib/gcc/arm-none-eabi/4.8.3/../../../../arm-none-eabi/lib/armv7-m\libg.a(lib_a-memset.o)
                0x00086d4c                memset
 .text.__malloc_lock
                0x00086de0        0x4 c:/users/ronmarti/appdata/local/arduino15/packages/arduino/tools/arm-none-eabi-gcc/4.8.3-2014q1/bin/../lib/gcc/arm-none-eabi/4.8.3/../../../../arm-none-eabi/lib/armv7-m\libg.a(lib_a-mlock.o)
                0x00086de0                __malloc_lock
 .text.__malloc_unlock
                0x00086de4        0x4 c:/users/ronmarti/appdata/local/arduino15/packages/arduino/tools/arm-none-eabi-gcc/4.8.3-2014q1/bin/../lib/gcc/arm-none-eabi/4.8.3/../../../../arm-none-eabi/lib/armv7-m\libg.a(lib_a-mlock.o)
                0x00086de4                __malloc_unlock
 .text.realloc  0x00086de8       0x10 c:/users/ronmarti/appdata/local/arduino15/packages/arduino/tools/arm-none-eabi-gcc/4.8.3-2014q1/bin/../lib/gcc/arm-none-eabi/4.8.3/../../../../arm-none-eabi/lib/armv7-m\libg.a(lib_a-realloc.o)
                0x00086de8                realloc
 .text._realloc_r
                0x00086df8      0x3c0 c:/users/ronmarti/appdata/local/arduino15/packages/arduino/tools/arm-none-eabi-gcc/4.8.3-2014q1/bin/../lib/gcc/arm-none-eabi/4.8.3/../../../../arm-none-eabi/lib/armv7-m\libg.a(lib_a-reallocr.o)
                0x00086df8                _realloc_r
 .text._sbrk_r  0x000871b8       0x24 c:/users/ronmarti/appdata/local/arduino15/packages/arduino/tools/arm-none-eabi-gcc/4.8.3-2014q1/bin/../lib/gcc/arm-none-eabi/4.8.3/../../../../arm-none-eabi/lib/armv7-m\libg.a(lib_a-sbrkr.o)
                0x000871b8                _sbrk_r
 .text.sprintf  0x000871dc       0x4c c:/users/ronmarti/appdata/local/arduino15/packages/arduino/tools/arm-none-eabi-gcc/4.8.3-2014q1/bin/../lib/gcc/arm-none-eabi/4.8.3/../../../../arm-none-eabi/lib/armv7-m\libg.a(lib_a-sprintf.o)
                0x000871dc                sprintf
 .text.strchr   0x00087228       0xf4 c:/users/ronmarti/appdata/local/arduino15/packages/arduino/tools/arm-none-eabi-gcc/4.8.3-2014q1/bin/../lib/gcc/arm-none-eabi/4.8.3/../../../../arm-none-eabi/lib/armv7-m\libg.a(lib_a-strchr.o)
                0x00087228                strchr
 .text.strcpy   0x0008731c       0xbc c:/users/ronmarti/appdata/local/arduino15/packages/arduino/tools/arm-none-eabi-gcc/4.8.3-2014q1/bin/../lib/gcc/arm-none-eabi/4.8.3/../../../../arm-none-eabi/lib/armv7-m\libg.a(lib_a-strcpy.o)